SQL> create table ex13(
  2  sabun number(4),
  3  name varchar2(15),
  4  nalja date
  5  );

테이블이 생성되었습니다.

SQL> insert into ex13 values (1111,'test1',sysdate);

1 개의 행이 만들어졌습니다.

SQL> insert into ex13 values (2222,'test2','2020/01/01');

1 개의 행이 만들어졌습니다.

SQL> select * from ex13;

     SABUN NAME                           NALJA                                 
---------- ------------------------------ --------                              
      1111 test1                          20/06/24                              
      2222 test2                          20/01/01                              

SQL> insert into ex13 values (3333,'test2');
insert into ex13 values (3333,'test2')
            *
1행에 오류:
ORA-00947: 값의 수가 충분하지 않습니다 


SQL> insert into ex13 values ('test2',3333,sysdate);
insert into ex13 values ('test2',3333,sysdate)
                         *
1행에 오류:
ORA-01722: 수치가 부적합합니다 


SQL> desc ex13
 이름                                      널?      유형
 ----------------------------------------- -------- ----------------------------
 SABUN                                              NUMBER(4)
 NAME                                               VARCHAR2(15)
 NALJA                                              DATE

SQL> insert into ex13 (sabun,name,nalja) values (3333,'test3',sysdate);

1 개의 행이 만들어졌습니다.

SQL> insert into ex13 (name,nalja,sabun) values ('test4',sysdate,4444);

1 개의 행이 만들어졌습니다.

SQL> insert into ex13(sabun,name) values (5555,'test5');

1 개의 행이 만들어졌습니다.

SQL> select * from ex13;

     SABUN NAME                           NALJA                                 
---------- ------------------------------ --------                              
      1111 test1                          20/06/24                              
      2222 test2                          20/01/01                              
      3333 test3                          20/06/24                              
      4444 test4                          20/06/24                              
      5555 test5                                                                

SQL> insert into ex13 values (6666,null,sysdate);

1 개의 행이 만들어졌습니다.

SQL> select * from ex13;

     SABUN NAME                           NALJA                                 
---------- ------------------------------ --------                              
      1111 test1                          20/06/24                              
      2222 test2                          20/01/01                              
      3333 test3                          20/06/24                              
      4444 test4                          20/06/24                              
      5555 test5                                                                
      6666                                20/06/24                              

6 개의 행이 선택되었습니다.

SQL> insert into ex13 values (7777,'',sysdate);

1 개의 행이 만들어졌습니다.

SQL> select * from ex13;

     SABUN NAME                           NALJA                                 
---------- ------------------------------ --------                              
      1111 test1                          20/06/24                              
      2222 test2                          20/01/01                              
      3333 test3                          20/06/24                              
      4444 test4                          20/06/24                              
      5555 test5                                                                
      6666                                20/06/24                              
      7777                                20/06/24                              

7 개의 행이 선택되었습니다.

SQL> select * from ex13 where name is null;

     SABUN NAME                           NALJA                                 
---------- ------------------------------ --------                              
      6666                                20/06/24                              
      7777                                20/06/24                              

SQL> insert into ex13 values ('','','');

1 개의 행이 만들어졌습니다.

SQL> select * from ex13;

     SABUN NAME                           NALJA                                 
---------- ------------------------------ --------                              
      1111 test1                          20/06/24                              
      2222 test2                          20/01/01                              
      3333 test3                          20/06/24                              
      4444 test4                          20/06/24                              
      5555 test5                                                                
      6666                                20/06/24                              
      7777                                20/06/24                              
                                                                                

8 개의 행이 선택되었습니다.

SQL> insert into ex13 values ('8888','test8','88/08/08');

1 개의 행이 만들어졌습니다.

SQL> select * from ex13;

     SABUN NAME                           NALJA                                 
---------- ------------------------------ --------                              
      1111 test1                          20/06/24                              
      2222 test2                          20/01/01                              
      3333 test3                          20/06/24                              
      4444 test4                          20/06/24                              
      5555 test5                                                                
      6666                                20/06/24                              
      7777                                20/06/24                              
                                                                                
      8888 test8                          88/08/08                              

9 개의 행이 선택되었습니다.

SQL> insert into ex13 values ('aaa','test8','88/08/08');
insert into ex13 values ('aaa','test8','88/08/08')
                         *
1행에 오류:
ORA-01722: 수치가 부적합합니다 


SQL> insert into ex13 values (9999,9999,sysdate);

1 개의 행이 만들어졌습니다.

SQL> insert into ex13 values (9999,9999a,sysdate);
insert into ex13 values (9999,9999a,sysdate)
                                  *
1행에 오류:
ORA-00917: 누락된 콤마 


SQL> select name+1 from ex13 where sabun=9999;

    NAME+1                                                                      
----------                                                                      
     10000                                                                      

SQL> select sabun+1 from sabun=9999;
select sabun+1 from sabun=9999
                         *
1행에 오류:
ORA-00933: SQL 명령어가 올바르게 종료되지 않았습니다 


SQL> select sabun+1 from ex13 sabun=9999;
select sabun+1 from ex13 sabun=9999
                              *
1행에 오류:
ORA-00933: SQL 명령어가 올바르게 종료되지 않았습니다 


SQL> select sabun+1 from ex13 where sabun=9999;

   SABUN+1                                                                      
----------                                                                      
     10000                                                                      

SQL> select sabun+1 from ex13 where sabun=8888;

   SABUN+1                                                                      
----------                                                                      
      8889                                                                      

SQL> update ex13 set name='test9', nalja=sysdate where sabun=9999;

1 행이 갱신되었습니다.

SQL> update ex13 set name='이름없음', where name is null;
update ex13 set name='이름없음', where name is null
                                     *
1행에 오류:
ORA-01747: 열명을 올바르게 지정해 주십시오 


SQL> update ex13 set name='이름없음' where name is null;

3 행이 갱신되었습니다.

SQL> select * from ex13;

     SABUN NAME                           NALJA                                 
---------- ------------------------------ --------                              
      1111 test1                          20/06/24                              
      2222 test2                          20/01/01                              
      3333 test3                          20/06/24                              
      4444 test4                          20/06/24                              
      5555 test5                                                                
      6666 이름없음                       20/06/24                              
      7777 이름없음                       20/06/24                              
           이름없음                                                             
      8888 test8                          88/08/08                              
      9999 test9                          20/06/24                              

10 개의 행이 선택되었습니다.

SQL> delete from ex13 where sabun is null;

1 행이 삭제되었습니다.

SQL> select * from ex13;

     SABUN NAME                           NALJA                                 
---------- ------------------------------ --------                              
      1111 test1                          20/06/24                              
      2222 test2                          20/01/01                              
      3333 test3                          20/06/24                              
      4444 test4                          20/06/24                              
      5555 test5                                                                
      6666 이름없음                       20/06/24                              
      7777 이름없음                       20/06/24                              
      8888 test8                          88/08/08                              
      9999 test9                          20/06/24                              

9 개의 행이 선택되었습니다.

SQL> delete * from ex13;
delete * from ex13
       *
1행에 오류:
ORA-00903: 테이블명이 부적합합니다 


SQL> delete from ex13;

9 행이 삭제되었습니다.

SQL> select * from ex13;

선택된 레코드가 없습니다.

SQL> rollback;

롤백이 완료되었습니다.

SQL> select * from ex13;

선택된 레코드가 없습니다.

SQL> rollback;

롤백이 완료되었습니다.

SQL> select * from ex13;

선택된 레코드가 없습니다.

SQL> insert into ex13 values (1111,'test1',sysdate);

1 개의 행이 만들어졌습니다.

SQL> insert into ex13 values (2222,'test2',sysdate);

1 개의 행이 만들어졌습니다.

SQL> insert into ex13 values (3333,'test3',sysdate);

1 개의 행이 만들어졌습니다.

SQL> select * from ex13;

     SABUN NAME                           NALJA                                 
---------- ------------------------------ --------                              
      1111 test1                          20/06/24                              
      2222 test2                          20/06/24                              
      3333 test3                          20/06/24                              

SQL> TRUNCATE TABLE ex13;

테이블이 잘렸습니다.

SQL> select * from ex13;

선택된 레코드가 없습니다.

SQL> insert into ex13 values (1000,'test',sysdate);

1 개의 행이 만들어졌습니다.

SQL> insert into ex13 values (1001,'test',sysdate);

1 개의 행이 만들어졌습니다.

SQL> insert into ex13 values (1002,'test',sysdate);

1 개의 행이 만들어졌습니다.

SQL> insert into ex13 values (1003,'test',sysdate);

1 개의 행이 만들어졌습니다.

SQL> insert into ex13 values (1004,'test',sysdate);

1 개의 행이 만들어졌습니다.

SQL> insert into ex13 values (1005,'test',sysdate);

1 개의 행이 만들어졌습니다.

SQL> insert into ex13 values (1006,'test',sysdate);

1 개의 행이 만들어졌습니다.

SQL> insert into ex13 values (1007,'test',sysdate);

1 개의 행이 만들어졌습니다.

SQL> insert into ex13 values (1008,'test',sysdate);

1 개의 행이 만들어졌습니다.

SQL> insert into ex13 values (1009,'test',sysdate);

1 개의 행이 만들어졌습니다.

SQL> insert into ex13 values (1010,'test',sysdate);

1 개의 행이 만들어졌습니다.

SQL> insert into ex13 values (1011,'test',sysdate);

1 개의 행이 만들어졌습니다.

SQL> insert into ex13 values (1012,'test',sysdate);

1 개의 행이 만들어졌습니다.

SQL> insert into ex13 values (1013,'test',sysdate);

1 개의 행이 만들어졌습니다.

SQL> insert into ex13 values (1014,'test',sysdate);

1 개의 행이 만들어졌습니다.

SQL> insert into ex13 values (1015,'test',sysdate);

1 개의 행이 만들어졌습니다.

SQL> insert into ex13 values (1016,'test',sysdate);

1 개의 행이 만들어졌습니다.

SQL> insert into ex13 values (1017,'test',sysdate);

1 개의 행이 만들어졌습니다.

SQL> insert into ex13 values (1018,'test',sysdate);

1 개의 행이 만들어졌습니다.

SQL> insert into ex13 values (1019,'test',sysdate);

1 개의 행이 만들어졌습니다.

SQL> insert into ex13 values (1020,'test',sysdate);

1 개의 행이 만들어졌습니다.

SQL> insert into ex13 values (1021,'test',sysdate);

1 개의 행이 만들어졌습니다.

SQL> insert into ex13 values (1022,'test',sysdate);

1 개의 행이 만들어졌습니다.

SQL> insert into ex13 values (1023,'test',sysdate);

1 개의 행이 만들어졌습니다.

SQL> insert into ex13 values (1024,'test',sysdate);

1 개의 행이 만들어졌습니다.

SQL> insert into ex13 values (1025,'test',sysdate);

1 개의 행이 만들어졌습니다.

SQL> insert into ex13 values (1026,'test',sysdate);

1 개의 행이 만들어졌습니다.

SQL> insert into ex13 values (1027,'test',sysdate);

1 개의 행이 만들어졌습니다.

SQL> insert into ex13 values (1028,'test',sysdate);

1 개의 행이 만들어졌습니다.

SQL> insert into ex13 values (1029,'test',sysdate);

1 개의 행이 만들어졌습니다.

SQL> insert into ex13 values (1030,'test',sysdate);

1 개의 행이 만들어졌습니다.

SQL> insert into ex13 values (1031,'test',sysdate);

1 개의 행이 만들어졌습니다.

SQL> insert into ex13 values (1032,'test',sysdate);

1 개의 행이 만들어졌습니다.

SQL> insert into ex13 values (1033,'test',sysdate);

1 개의 행이 만들어졌습니다.

SQL> insert into ex13 values (1034,'test',sysdate);

1 개의 행이 만들어졌습니다.

SQL> insert into ex13 values (1035,'test',sysdate);

1 개의 행이 만들어졌습니다.

SQL> insert into ex13 values (1036,'test',sysdate);

1 개의 행이 만들어졌습니다.

SQL> insert into ex13 values (1037,'test',sysdate);

1 개의 행이 만들어졌습니다.

SQL> insert into ex13 values (1038,'test',sysdate);

1 개의 행이 만들어졌습니다.

SQL> insert into ex13 values (1039,'test',sysdate);

1 개의 행이 만들어졌습니다.

SQL> insert into ex13 values (1040,'test',sysdate);

1 개의 행이 만들어졌습니다.

SQL> insert into ex13 values (1041,'test',sysdate);

1 개의 행이 만들어졌습니다.

SQL> insert into ex13 values (1042,'test',sysdate);

1 개의 행이 만들어졌습니다.

SQL> insert into ex13 values (1043,'test',sysdate);

1 개의 행이 만들어졌습니다.

SQL> insert into ex13 values (1044,'test',sysdate);

1 개의 행이 만들어졌습니다.

SQL> insert into ex13 values (1045,'test',sysdate);

1 개의 행이 만들어졌습니다.

SQL> insert into ex13 values (1046,'test',sysdate);

1 개의 행이 만들어졌습니다.

SQL> insert into ex13 values (1047,'test',sysdate);

1 개의 행이 만들어졌습니다.

SQL> insert into ex13 values (1048,'test',sysdate);

1 개의 행이 만들어졌습니다.

SQL> insert into ex13 values (1049,'test',sysdate);

1 개의 행이 만들어졌습니다.

SQL> insert into ex13 values (1050,'test',sysdate);

1 개의 행이 만들어졌습니다.

SQL> insert into ex13 values (1051,'test',sysdate);

1 개의 행이 만들어졌습니다.

SQL> insert into ex13 values (1052,'test',sysdate);

1 개의 행이 만들어졌습니다.

SQL> insert into ex13 values (1053,'test',sysdate);

1 개의 행이 만들어졌습니다.

SQL> insert into ex13 values (1054,'test',sysdate);

1 개의 행이 만들어졌습니다.

SQL> insert into ex13 values (1055,'test',sysdate);

1 개의 행이 만들어졌습니다.

SQL> insert into ex13 values (1056,'test',sysdate);

1 개의 행이 만들어졌습니다.

SQL> insert into ex13 values (1057,'test',sysdate);

1 개의 행이 만들어졌습니다.

SQL> insert into ex13 values (1058,'test',sysdate);

1 개의 행이 만들어졌습니다.

SQL> insert into ex13 values (1059,'test',sysdate);

1 개의 행이 만들어졌습니다.

SQL> insert into ex13 values (1060,'test',sysdate);

1 개의 행이 만들어졌습니다.

SQL> insert into ex13 values (1061,'test',sysdate);

1 개의 행이 만들어졌습니다.

SQL> insert into ex13 values (1062,'test',sysdate);

1 개의 행이 만들어졌습니다.

SQL> insert into ex13 values (1063,'test',sysdate);

1 개의 행이 만들어졌습니다.

SQL> insert into ex13 values (1064,'test',sysdate);

1 개의 행이 만들어졌습니다.

SQL> insert into ex13 values (1065,'test',sysdate);

1 개의 행이 만들어졌습니다.

SQL> insert into ex13 values (1066,'test',sysdate);

1 개의 행이 만들어졌습니다.

SQL> insert into ex13 values (1067,'test',sysdate);

1 개의 행이 만들어졌습니다.

SQL> insert into ex13 values (1068,'test',sysdate);

1 개의 행이 만들어졌습니다.

SQL> insert into ex13 values (1069,'test',sysdate);

1 개의 행이 만들어졌습니다.

SQL> insert into ex13 values (1070,'test',sysdate);

1 개의 행이 만들어졌습니다.

SQL> insert into ex13 values (1071,'test',sysdate);

1 개의 행이 만들어졌습니다.

SQL> insert into ex13 values (1072,'test',sysdate);

1 개의 행이 만들어졌습니다.

SQL> insert into ex13 values (1073,'test',sysdate);

1 개의 행이 만들어졌습니다.

SQL> insert into ex13 values (1074,'test',sysdate);

1 개의 행이 만들어졌습니다.

SQL> insert into ex13 values (1075,'test',sysdate);

1 개의 행이 만들어졌습니다.

SQL> insert into ex13 values (1076,'test',sysdate);

1 개의 행이 만들어졌습니다.

SQL> insert into ex13 values (1077,'test',sysdate);

1 개의 행이 만들어졌습니다.

SQL> insert into ex13 values (1078,'test',sysdate);

1 개의 행이 만들어졌습니다.

SQL> insert into ex13 values (1079,'test',sysdate);

1 개의 행이 만들어졌습니다.

SQL> insert into ex13 values (1080,'test',sysdate);

1 개의 행이 만들어졌습니다.

SQL> insert into ex13 values (1081,'test',sysdate);

1 개의 행이 만들어졌습니다.

SQL> insert into ex13 values (1082,'test',sysdate);

1 개의 행이 만들어졌습니다.

SQL> insert into ex13 values (1083,'test',sysdate);

1 개의 행이 만들어졌습니다.

SQL> insert into ex13 values (1084,'test',sysdate);

1 개의 행이 만들어졌습니다.

SQL> insert into ex13 values (1085,'test',sysdate);

1 개의 행이 만들어졌습니다.

SQL> insert into ex13 values (1086,'test',sysdate);

1 개의 행이 만들어졌습니다.

SQL> insert into ex13 values (1087,'test',sysdate);

1 개의 행이 만들어졌습니다.

SQL> insert into ex13 values (1088,'test',sysdate);

1 개의 행이 만들어졌습니다.

SQL> insert into ex13 values (1089,'test',sysdate);

1 개의 행이 만들어졌습니다.

SQL> insert into ex13 values (1090,'test',sysdate);

1 개의 행이 만들어졌습니다.

SQL> insert into ex13 values (1091,'test',sysdate);

1 개의 행이 만들어졌습니다.

SQL> insert into ex13 values (1092,'test',sysdate);

1 개의 행이 만들어졌습니다.

SQL> insert into ex13 values (1093,'test',sysdate);

1 개의 행이 만들어졌습니다.

SQL> insert into ex13 values (1094,'test',sysdate);

1 개의 행이 만들어졌습니다.

SQL> insert into ex13 values (1095,'test',sysdate);

1 개의 행이 만들어졌습니다.

SQL> insert into ex13 values (1096,'test',sysdate);

1 개의 행이 만들어졌습니다.

SQL> insert into ex13 values (1097,'test',sysdate);

1 개의 행이 만들어졌습니다.

SQL> insert into ex13 values (1098,'test',sysdate);

1 개의 행이 만들어졌습니다.

SQL> insert into ex13 values (1099,'test',sysdate);

1 개의 행이 만들어졌습니다.

SQL> insert into ex13 values (1100,'test',sysdate);

1 개의 행이 만들어졌습니다.

SQL> insert into ex13 values (1101,'test',sysdate);

1 개의 행이 만들어졌습니다.

SQL> insert into ex13 values (1102,'test',sysdate);

1 개의 행이 만들어졌습니다.

SQL> insert into ex13 values (1103,'test',sysdate);

1 개의 행이 만들어졌습니다.

SQL> insert into ex13 values (1104,'test',sysdate);

1 개의 행이 만들어졌습니다.

SQL> insert into ex13 values (1105,'test',sysdate);

1 개의 행이 만들어졌습니다.

SQL> insert into ex13 values (1106,'test',sysdate);

1 개의 행이 만들어졌습니다.

SQL> insert into ex13 values (1107,'test',sysdate);

1 개의 행이 만들어졌습니다.

SQL> insert into ex13 values (1108,'test',sysdate);

1 개의 행이 만들어졌습니다.

SQL> insert into ex13 values (1109,'test',sysdate);

1 개의 행이 만들어졌습니다.

SQL> insert into ex13 values (1110,'test',sysdate);

1 개의 행이 만들어졌습니다.

SQL> insert into ex13 values (1111,'test',sysdate);

1 개의 행이 만들어졌습니다.

SQL> insert into ex13 values (1112,'test',sysdate);

1 개의 행이 만들어졌습니다.

SQL> insert into ex13 values (1113,'test',sysdate);

1 개의 행이 만들어졌습니다.

SQL> insert into ex13 values (1114,'test',sysdate);

1 개의 행이 만들어졌습니다.

SQL> insert into ex13 values (1115,'test',sysdate);

1 개의 행이 만들어졌습니다.

SQL> insert into ex13 values (1116,'test',sysdate);

1 개의 행이 만들어졌습니다.

SQL> insert into ex13 values (1117,'test',sysdate);

1 개의 행이 만들어졌습니다.

SQL> insert into ex13 values (1118,'test',sysdate);

1 개의 행이 만들어졌습니다.

SQL> insert into ex13 values (1119,'test',sysdate);

1 개의 행이 만들어졌습니다.

SQL> insert into ex13 values (1120,'test',sysdate);

1 개의 행이 만들어졌습니다.

SQL> insert into ex13 values (1121,'test',sysdate);

1 개의 행이 만들어졌습니다.

SQL> insert into ex13 values (1122,'test',sysdate);

1 개의 행이 만들어졌습니다.

SQL> insert into ex13 values (1123,'test',sysdate);

1 개의 행이 만들어졌습니다.

SQL> insert into ex13 values (1124,'test',sysdate);

1 개의 행이 만들어졌습니다.

SQL> insert into ex13 values (1125,'test',sysdate);

1 개의 행이 만들어졌습니다.

SQL> insert into ex13 values (1126,'test',sysdate);

1 개의 행이 만들어졌습니다.

SQL> insert into ex13 values (1127,'test',sysdate);

1 개의 행이 만들어졌습니다.

SQL> insert into ex13 values (1128,'test',sysdate);

1 개의 행이 만들어졌습니다.

SQL> insert into ex13 values (1129,'test',sysdate);

1 개의 행이 만들어졌습니다.

SQL> insert into ex13 values (1130,'test',sysdate);

1 개의 행이 만들어졌습니다.

SQL> insert into ex13 values (1131,'test',sysdate);

1 개의 행이 만들어졌습니다.

SQL> insert into ex13 values (1132,'test',sysdate);

1 개의 행이 만들어졌습니다.

SQL> insert into ex13 values (1133,'test',sysdate);

1 개의 행이 만들어졌습니다.

SQL> insert into ex13 values (1134,'test',sysdate);

1 개의 행이 만들어졌습니다.

SQL> insert into ex13 values (1135,'test',sysdate);

1 개의 행이 만들어졌습니다.

SQL> insert into ex13 values (1136,'test',sysdate);

1 개의 행이 만들어졌습니다.

SQL> insert into ex13 values (1137,'test',sysdate);

1 개의 행이 만들어졌습니다.

SQL> insert into ex13 values (1138,'test',sysdate);

1 개의 행이 만들어졌습니다.

SQL> insert into ex13 values (1139,'test',sysdate);

1 개의 행이 만들어졌습니다.

SQL> insert into ex13 values (1140,'test',sysdate);

1 개의 행이 만들어졌습니다.

SQL> insert into ex13 values (1141,'test',sysdate);

1 개의 행이 만들어졌습니다.

SQL> insert into ex13 values (1142,'test',sysdate);

1 개의 행이 만들어졌습니다.

SQL> insert into ex13 values (1143,'test',sysdate);

1 개의 행이 만들어졌습니다.

SQL> insert into ex13 values (1144,'test',sysdate);

1 개의 행이 만들어졌습니다.

SQL> insert into ex13 values (1145,'test',sysdate);

1 개의 행이 만들어졌습니다.

SQL> insert into ex13 values (1146,'test',sysdate);

1 개의 행이 만들어졌습니다.

SQL> insert into ex13 values (1147,'test',sysdate);

1 개의 행이 만들어졌습니다.

SQL> insert into ex13 values (1148,'test',sysdate);

1 개의 행이 만들어졌습니다.

SQL> insert into ex13 values (1149,'test',sysdate);

1 개의 행이 만들어졌습니다.

SQL> insert into ex13 values (1150,'test',sysdate);

1 개의 행이 만들어졌습니다.

SQL> insert into ex13 values (1151,'test',sysdate);

1 개의 행이 만들어졌습니다.

SQL> insert into ex13 values (1152,'test',sysdate);

1 개의 행이 만들어졌습니다.

SQL> insert into ex13 values (1153,'test',sysdate);

1 개의 행이 만들어졌습니다.

SQL> insert into ex13 values (1154,'test',sysdate);

1 개의 행이 만들어졌습니다.

SQL> insert into ex13 values (1155,'test',sysdate);

1 개의 행이 만들어졌습니다.

SQL> insert into ex13 values (1156,'test',sysdate);

1 개의 행이 만들어졌습니다.

SQL> insert into ex13 values (1157,'test',sysdate);

1 개의 행이 만들어졌습니다.

SQL> insert into ex13 values (1158,'test',sysdate);

1 개의 행이 만들어졌습니다.

SQL> insert into ex13 values (1159,'test',sysdate);

1 개의 행이 만들어졌습니다.

SQL> insert into ex13 values (1160,'test',sysdate);

1 개의 행이 만들어졌습니다.

SQL> insert into ex13 values (1161,'test',sysdate);

1 개의 행이 만들어졌습니다.

SQL> insert into ex13 values (1162,'test',sysdate);

1 개의 행이 만들어졌습니다.

SQL> insert into ex13 values (1163,'test',sysdate);

1 개의 행이 만들어졌습니다.

SQL> insert into ex13 values (1164,'test',sysdate);

1 개의 행이 만들어졌습니다.

SQL> insert into ex13 values (1165,'test',sysdate);

1 개의 행이 만들어졌습니다.

SQL> insert into ex13 values (1166,'test',sysdate);

1 개의 행이 만들어졌습니다.

SQL> insert into ex13 values (1167,'test',sysdate);

1 개의 행이 만들어졌습니다.

SQL> insert into ex13 values (1168,'test',sysdate);

1 개의 행이 만들어졌습니다.

SQL> insert into ex13 values (1169,'test',sysdate);

1 개의 행이 만들어졌습니다.

SQL> insert into ex13 values (1170,'test',sysdate);

1 개의 행이 만들어졌습니다.

SQL> insert into ex13 values (1171,'test',sysdate);

1 개의 행이 만들어졌습니다.

SQL> insert into ex13 values (1172,'test',sysdate);

1 개의 행이 만들어졌습니다.

SQL> insert into ex13 values (1173,'test',sysdate);

1 개의 행이 만들어졌습니다.

SQL> insert into ex13 values (1174,'test',sysdate);

1 개의 행이 만들어졌습니다.

SQL> insert into ex13 values (1175,'test',sysdate);

1 개의 행이 만들어졌습니다.

SQL> insert into ex13 values (1176,'test',sysdate);

1 개의 행이 만들어졌습니다.

SQL> insert into ex13 values (1177,'test',sysdate);

1 개의 행이 만들어졌습니다.

SQL> insert into ex13 values (1178,'test',sysdate);

1 개의 행이 만들어졌습니다.

SQL> insert into ex13 values (1179,'test',sysdate);

1 개의 행이 만들어졌습니다.

SQL> insert into ex13 values (1180,'test',sysdate);

1 개의 행이 만들어졌습니다.

SQL> insert into ex13 values (1181,'test',sysdate);

1 개의 행이 만들어졌습니다.

SQL> insert into ex13 values (1182,'test',sysdate);

1 개의 행이 만들어졌습니다.

SQL> insert into ex13 values (1183,'test',sysdate);

1 개의 행이 만들어졌습니다.

SQL> insert into ex13 values (1184,'test',sysdate);

1 개의 행이 만들어졌습니다.

SQL> insert into ex13 values (1185,'test',sysdate);

1 개의 행이 만들어졌습니다.

SQL> insert into ex13 values (1186,'test',sysdate);

1 개의 행이 만들어졌습니다.

SQL> insert into ex13 values (1187,'test',sysdate);

1 개의 행이 만들어졌습니다.

SQL> insert into ex13 values (1188,'test',sysdate);

1 개의 행이 만들어졌습니다.

SQL> insert into ex13 values (1189,'test',sysdate);

1 개의 행이 만들어졌습니다.

SQL> insert into ex13 values (1190,'test',sysdate);

1 개의 행이 만들어졌습니다.

SQL> insert into ex13 values (1191,'test',sysdate);

1 개의 행이 만들어졌습니다.

SQL> insert into ex13 values (1192,'test',sysdate);

1 개의 행이 만들어졌습니다.

SQL> insert into ex13 values (1193,'test',sysdate);

1 개의 행이 만들어졌습니다.

SQL> insert into ex13 values (1194,'test',sysdate);

1 개의 행이 만들어졌습니다.

SQL> insert into ex13 values (1195,'test',sysdate);

1 개의 행이 만들어졌습니다.

SQL> insert into ex13 values (1196,'test',sysdate);

1 개의 행이 만들어졌습니다.

SQL> insert into ex13 values (1197,'test',sysdate);

1 개의 행이 만들어졌습니다.

SQL> insert into ex13 values (1198,'test',sysdate);

1 개의 행이 만들어졌습니다.

SQL> insert into ex13 values (1199,'test',sysdate);

1 개의 행이 만들어졌습니다.

SQL> insert into ex13 values (1200,'test',sysdate);

1 개의 행이 만들어졌습니다.

SQL> insert into ex13 values (1201,'test',sysdate);

1 개의 행이 만들어졌습니다.

SQL> insert into ex13 values (1202,'test',sysdate);

1 개의 행이 만들어졌습니다.

SQL> insert into ex13 values (1203,'test',sysdate);

1 개의 행이 만들어졌습니다.

SQL> insert into ex13 values (1204,'test',sysdate);

1 개의 행이 만들어졌습니다.

SQL> insert into ex13 values (1205,'test',sysdate);

1 개의 행이 만들어졌습니다.

SQL> insert into ex13 values (1206,'test',sysdate);

1 개의 행이 만들어졌습니다.

SQL> insert into ex13 values (1207,'test',sysdate);

1 개의 행이 만들어졌습니다.

SQL> insert into ex13 values (1208,'test',sysdate);

1 개의 행이 만들어졌습니다.

SQL> insert into ex13 values (1209,'test',sysdate);

1 개의 행이 만들어졌습니다.

SQL> insert into ex13 values (1210,'test',sysdate);

1 개의 행이 만들어졌습니다.

SQL> insert into ex13 values (1211,'test',sysdate);

1 개의 행이 만들어졌습니다.

SQL> insert into ex13 values (1212,'test',sysdate);

1 개의 행이 만들어졌습니다.

SQL> insert into ex13 values (1213,'test',sysdate);

1 개의 행이 만들어졌습니다.

SQL> insert into ex13 values (1214,'test',sysdate);

1 개의 행이 만들어졌습니다.

SQL> insert into ex13 values (1215,'test',sysdate);

1 개의 행이 만들어졌습니다.

SQL> insert into ex13 values (1216,'test',sysdate);

1 개의 행이 만들어졌습니다.

SQL> insert into ex13 values (1217,'test',sysdate);

1 개의 행이 만들어졌습니다.

SQL> insert into ex13 values (1218,'test',sysdate);

1 개의 행이 만들어졌습니다.

SQL> insert into ex13 values (1219,'test',sysdate);

1 개의 행이 만들어졌습니다.

SQL> insert into ex13 values (1220,'test',sysdate);

1 개의 행이 만들어졌습니다.

SQL> insert into ex13 values (1221,'test',sysdate);

1 개의 행이 만들어졌습니다.

SQL> insert into ex13 values (1222,'test',sysdate);

1 개의 행이 만들어졌습니다.

SQL> insert into ex13 values (1223,'test',sysdate);

1 개의 행이 만들어졌습니다.

SQL> insert into ex13 values (1224,'test',sysdate);

1 개의 행이 만들어졌습니다.

SQL> insert into ex13 values (1225,'test',sysdate);

1 개의 행이 만들어졌습니다.

SQL> insert into ex13 values (1226,'test',sysdate);

1 개의 행이 만들어졌습니다.

SQL> insert into ex13 values (1227,'test',sysdate);

1 개의 행이 만들어졌습니다.

SQL> insert into ex13 values (1228,'test',sysdate);

1 개의 행이 만들어졌습니다.

SQL> insert into ex13 values (1229,'test',sysdate);

1 개의 행이 만들어졌습니다.

SQL> insert into ex13 values (1230,'test',sysdate);

1 개의 행이 만들어졌습니다.

SQL> insert into ex13 values (1231,'test',sysdate);

1 개의 행이 만들어졌습니다.

SQL> insert into ex13 values (1232,'test',sysdate);

1 개의 행이 만들어졌습니다.

SQL> insert into ex13 values (1233,'test',sysdate);

1 개의 행이 만들어졌습니다.

SQL> insert into ex13 values (1234,'test',sysdate);

1 개의 행이 만들어졌습니다.

SQL> insert into ex13 values (1235,'test',sysdate);

1 개의 행이 만들어졌습니다.

SQL> insert into ex13 values (1236,'test',sysdate);

1 개의 행이 만들어졌습니다.

SQL> insert into ex13 values (1237,'test',sysdate);

1 개의 행이 만들어졌습니다.

SQL> insert into ex13 values (1238,'test',sysdate);

1 개의 행이 만들어졌습니다.

SQL> insert into ex13 values (1239,'test',sysdate);

1 개의 행이 만들어졌습니다.

SQL> insert into ex13 values (1240,'test',sysdate);

1 개의 행이 만들어졌습니다.

SQL> insert into ex13 values (1241,'test',sysdate);

1 개의 행이 만들어졌습니다.

SQL> insert into ex13 values (1242,'test',sysdate);

1 개의 행이 만들어졌습니다.

SQL> insert into ex13 values (1243,'test',sysdate);

1 개의 행이 만들어졌습니다.

SQL> insert into ex13 values (1244,'test',sysdate);

1 개의 행이 만들어졌습니다.

SQL> insert into ex13 values (1245,'test',sysdate);

1 개의 행이 만들어졌습니다.

SQL> insert into ex13 values (1246,'test',sysdate);

1 개의 행이 만들어졌습니다.

SQL> insert into ex13 values (1247,'test',sysdate);

1 개의 행이 만들어졌습니다.

SQL> insert into ex13 values (1248,'test',sysdate);

1 개의 행이 만들어졌습니다.

SQL> insert into ex13 values (1249,'test',sysdate);

1 개의 행이 만들어졌습니다.

SQL> insert into ex13 values (1250,'test',sysdate);

1 개의 행이 만들어졌습니다.

SQL> insert into ex13 values (1251,'test',sysdate);

1 개의 행이 만들어졌습니다.

SQL> insert into ex13 values (1252,'test',sysdate);

1 개의 행이 만들어졌습니다.

SQL> insert into ex13 values (1253,'test',sysdate);

1 개의 행이 만들어졌습니다.

SQL> insert into ex13 values (1254,'test',sysdate);

1 개의 행이 만들어졌습니다.

SQL> insert into ex13 values (1255,'test',sysdate);

1 개의 행이 만들어졌습니다.

SQL> insert into ex13 values (1256,'test',sysdate);

1 개의 행이 만들어졌습니다.

SQL> insert into ex13 values (1257,'test',sysdate);

1 개의 행이 만들어졌습니다.

SQL> insert into ex13 values (1258,'test',sysdate);

1 개의 행이 만들어졌습니다.

SQL> insert into ex13 values (1259,'test',sysdate);

1 개의 행이 만들어졌습니다.

SQL> insert into ex13 values (1260,'test',sysdate);

1 개의 행이 만들어졌습니다.

SQL> insert into ex13 values (1261,'test',sysdate);

1 개의 행이 만들어졌습니다.

SQL> insert into ex13 values (1262,'test',sysdate);

1 개의 행이 만들어졌습니다.

SQL> insert into ex13 values (1263,'test',sysdate);

1 개의 행이 만들어졌습니다.

SQL> insert into ex13 values (1264,'test',sysdate);

1 개의 행이 만들어졌습니다.

SQL> insert into ex13 values (1265,'test',sysdate);

1 개의 행이 만들어졌습니다.

SQL> insert into ex13 values (1266,'test',sysdate);

1 개의 행이 만들어졌습니다.

SQL> insert into ex13 values (1267,'test',sysdate);

1 개의 행이 만들어졌습니다.

SQL> insert into ex13 values (1268,'test',sysdate);

1 개의 행이 만들어졌습니다.

SQL> insert into ex13 values (1269,'test',sysdate);

1 개의 행이 만들어졌습니다.

SQL> insert into ex13 values (1270,'test',sysdate);

1 개의 행이 만들어졌습니다.

SQL> insert into ex13 values (1271,'test',sysdate);

1 개의 행이 만들어졌습니다.

SQL> insert into ex13 values (1272,'test',sysdate);

1 개의 행이 만들어졌습니다.

SQL> insert into ex13 values (1273,'test',sysdate);

1 개의 행이 만들어졌습니다.

SQL> insert into ex13 values (1274,'test',sysdate);

1 개의 행이 만들어졌습니다.

SQL> insert into ex13 values (1275,'test',sysdate);

1 개의 행이 만들어졌습니다.

SQL> insert into ex13 values (1276,'test',sysdate);

1 개의 행이 만들어졌습니다.

SQL> insert into ex13 values (1277,'test',sysdate);

1 개의 행이 만들어졌습니다.

SQL> insert into ex13 values (1278,'test',sysdate);

1 개의 행이 만들어졌습니다.

SQL> insert into ex13 values (1279,'test',sysdate);

1 개의 행이 만들어졌습니다.

SQL> insert into ex13 values (1280,'test',sysdate);

1 개의 행이 만들어졌습니다.

SQL> insert into ex13 values (1281,'test',sysdate);

1 개의 행이 만들어졌습니다.

SQL> insert into ex13 values (1282,'test',sysdate);

1 개의 행이 만들어졌습니다.

SQL> insert into ex13 values (1283,'test',sysdate);

1 개의 행이 만들어졌습니다.

SQL> insert into ex13 values (1284,'test',sysdate);

1 개의 행이 만들어졌습니다.

SQL> insert into ex13 values (1285,'test',sysdate);

1 개의 행이 만들어졌습니다.

SQL> insert into ex13 values (1286,'test',sysdate);

1 개의 행이 만들어졌습니다.

SQL> insert into ex13 values (1287,'test',sysdate);

1 개의 행이 만들어졌습니다.

SQL> insert into ex13 values (1288,'test',sysdate);

1 개의 행이 만들어졌습니다.

SQL> insert into ex13 values (1289,'test',sysdate);

1 개의 행이 만들어졌습니다.

SQL> insert into ex13 values (1290,'test',sysdate);

1 개의 행이 만들어졌습니다.

SQL> insert into ex13 values (1291,'test',sysdate);

1 개의 행이 만들어졌습니다.

SQL> insert into ex13 values (1292,'test',sysdate);

1 개의 행이 만들어졌습니다.

SQL> insert into ex13 values (1293,'test',sysdate);

1 개의 행이 만들어졌습니다.

SQL> insert into ex13 values (1294,'test',sysdate);

1 개의 행이 만들어졌습니다.

SQL> insert into ex13 values (1295,'test',sysdate);

1 개의 행이 만들어졌습니다.

SQL> insert into ex13 values (1296,'test',sysdate);

1 개의 행이 만들어졌습니다.

SQL> insert into ex13 values (1297,'test',sysdate);

1 개의 행이 만들어졌습니다.

SQL> insert into ex13 values (1298,'test',sysdate);

1 개의 행이 만들어졌습니다.

SQL> insert into ex13 values (1299,'test',sysdate);

1 개의 행이 만들어졌습니다.

SQL> insert into ex13 values (1300,'test',sysdate);

1 개의 행이 만들어졌습니다.

SQL> insert into ex13 values (1301,'test',sysdate);

1 개의 행이 만들어졌습니다.

SQL> insert into ex13 values (1302,'test',sysdate);

1 개의 행이 만들어졌습니다.

SQL> insert into ex13 values (1303,'test',sysdate);

1 개의 행이 만들어졌습니다.

SQL> insert into ex13 values (1304,'test',sysdate);

1 개의 행이 만들어졌습니다.

SQL> insert into ex13 values (1305,'test',sysdate);

1 개의 행이 만들어졌습니다.

SQL> insert into ex13 values (1306,'test',sysdate);

1 개의 행이 만들어졌습니다.

SQL> insert into ex13 values (1307,'test',sysdate);

1 개의 행이 만들어졌습니다.

SQL> insert into ex13 values (1308,'test',sysdate);

1 개의 행이 만들어졌습니다.

SQL> insert into ex13 values (1309,'test',sysdate);

1 개의 행이 만들어졌습니다.

SQL> insert into ex13 values (1310,'test',sysdate);

1 개의 행이 만들어졌습니다.

SQL> insert into ex13 values (1311,'test',sysdate);

1 개의 행이 만들어졌습니다.

SQL> insert into ex13 values (1312,'test',sysdate);

1 개의 행이 만들어졌습니다.

SQL> insert into ex13 values (1313,'test',sysdate);

1 개의 행이 만들어졌습니다.

SQL> insert into ex13 values (1314,'test',sysdate);

1 개의 행이 만들어졌습니다.

SQL> insert into ex13 values (1315,'test',sysdate);

1 개의 행이 만들어졌습니다.

SQL> insert into ex13 values (1316,'test',sysdate);

1 개의 행이 만들어졌습니다.

SQL> insert into ex13 values (1317,'test',sysdate);

1 개의 행이 만들어졌습니다.

SQL> insert into ex13 values (1318,'test',sysdate);

1 개의 행이 만들어졌습니다.

SQL> insert into ex13 values (1319,'test',sysdate);

1 개의 행이 만들어졌습니다.

SQL> insert into ex13 values (1320,'test',sysdate);

1 개의 행이 만들어졌습니다.

SQL> insert into ex13 values (1321,'test',sysdate);

1 개의 행이 만들어졌습니다.

SQL> insert into ex13 values (1322,'test',sysdate);

1 개의 행이 만들어졌습니다.

SQL> insert into ex13 values (1323,'test',sysdate);

1 개의 행이 만들어졌습니다.

SQL> insert into ex13 values (1324,'test',sysdate);

1 개의 행이 만들어졌습니다.

SQL> insert into ex13 values (1325,'test',sysdate);

1 개의 행이 만들어졌습니다.

SQL> insert into ex13 values (1326,'test',sysdate);

1 개의 행이 만들어졌습니다.

SQL> insert into ex13 values (1327,'test',sysdate);

1 개의 행이 만들어졌습니다.

SQL> insert into ex13 values (1328,'test',sysdate);

1 개의 행이 만들어졌습니다.

SQL> insert into ex13 values (1329,'test',sysdate);

1 개의 행이 만들어졌습니다.

SQL> insert into ex13 values (1330,'test',sysdate);

1 개의 행이 만들어졌습니다.

SQL> insert into ex13 values (1331,'test',sysdate);

1 개의 행이 만들어졌습니다.

SQL> insert into ex13 values (1332,'test',sysdate);

1 개의 행이 만들어졌습니다.

SQL> insert into ex13 values (1333,'test',sysdate);

1 개의 행이 만들어졌습니다.

SQL> insert into ex13 values (1334,'test',sysdate);

1 개의 행이 만들어졌습니다.

SQL> insert into ex13 values (1335,'test',sysdate);

1 개의 행이 만들어졌습니다.

SQL> insert into ex13 values (1336,'test',sysdate);

1 개의 행이 만들어졌습니다.

SQL> insert into ex13 values (1337,'test',sysdate);

1 개의 행이 만들어졌습니다.

SQL> insert into ex13 values (1338,'test',sysdate);

1 개의 행이 만들어졌습니다.

SQL> insert into ex13 values (1339,'test',sysdate);

1 개의 행이 만들어졌습니다.

SQL> insert into ex13 values (1340,'test',sysdate);

1 개의 행이 만들어졌습니다.

SQL> insert into ex13 values (1341,'test',sysdate);

1 개의 행이 만들어졌습니다.

SQL> insert into ex13 values (1342,'test',sysdate);

1 개의 행이 만들어졌습니다.

SQL> insert into ex13 values (1343,'test',sysdate);

1 개의 행이 만들어졌습니다.

SQL> insert into ex13 values (1344,'test',sysdate);

1 개의 행이 만들어졌습니다.

SQL> insert into ex13 values (1345,'test',sysdate);

1 개의 행이 만들어졌습니다.

SQL> insert into ex13 values (1346,'test',sysdate);

1 개의 행이 만들어졌습니다.

SQL> insert into ex13 values (1347,'test',sysdate);

1 개의 행이 만들어졌습니다.

SQL> insert into ex13 values (1348,'test',sysdate);

1 개의 행이 만들어졌습니다.

SQL> insert into ex13 values (1349,'test',sysdate);

1 개의 행이 만들어졌습니다.

SQL> insert into ex13 values (1350,'test',sysdate);

1 개의 행이 만들어졌습니다.

SQL> insert into ex13 values (1351,'test',sysdate);

1 개의 행이 만들어졌습니다.

SQL> insert into ex13 values (1352,'test',sysdate);

1 개의 행이 만들어졌습니다.

SQL> insert into ex13 values (1353,'test',sysdate);

1 개의 행이 만들어졌습니다.

SQL> insert into ex13 values (1354,'test',sysdate);

1 개의 행이 만들어졌습니다.

SQL> insert into ex13 values (1355,'test',sysdate);

1 개의 행이 만들어졌습니다.

SQL> insert into ex13 values (1356,'test',sysdate);

1 개의 행이 만들어졌습니다.

SQL> insert into ex13 values (1357,'test',sysdate);

1 개의 행이 만들어졌습니다.

SQL> insert into ex13 values (1358,'test',sysdate);

1 개의 행이 만들어졌습니다.

SQL> insert into ex13 values (1359,'test',sysdate);

1 개의 행이 만들어졌습니다.

SQL> insert into ex13 values (1360,'test',sysdate);

1 개의 행이 만들어졌습니다.

SQL> insert into ex13 values (1361,'test',sysdate);

1 개의 행이 만들어졌습니다.

SQL> insert into ex13 values (1362,'test',sysdate);

1 개의 행이 만들어졌습니다.

SQL> insert into ex13 values (1363,'test',sysdate);

1 개의 행이 만들어졌습니다.

SQL> insert into ex13 values (1364,'test',sysdate);

1 개의 행이 만들어졌습니다.

SQL> insert into ex13 values (1365,'test',sysdate);

1 개의 행이 만들어졌습니다.

SQL> insert into ex13 values (1366,'test',sysdate);

1 개의 행이 만들어졌습니다.

SQL> insert into ex13 values (1367,'test',sysdate);

1 개의 행이 만들어졌습니다.

SQL> insert into ex13 values (1368,'test',sysdate);

1 개의 행이 만들어졌습니다.

SQL> insert into ex13 values (1369,'test',sysdate);

1 개의 행이 만들어졌습니다.

SQL> insert into ex13 values (1370,'test',sysdate);

1 개의 행이 만들어졌습니다.

SQL> insert into ex13 values (1371,'test',sysdate);

1 개의 행이 만들어졌습니다.

SQL> insert into ex13 values (1372,'test',sysdate);

1 개의 행이 만들어졌습니다.

SQL> insert into ex13 values (1373,'test',sysdate);

1 개의 행이 만들어졌습니다.

SQL> insert into ex13 values (1374,'test',sysdate);

1 개의 행이 만들어졌습니다.

SQL> insert into ex13 values (1375,'test',sysdate);

1 개의 행이 만들어졌습니다.

SQL> insert into ex13 values (1376,'test',sysdate);

1 개의 행이 만들어졌습니다.

SQL> insert into ex13 values (1377,'test',sysdate);

1 개의 행이 만들어졌습니다.

SQL> insert into ex13 values (1378,'test',sysdate);

1 개의 행이 만들어졌습니다.

SQL> insert into ex13 values (1379,'test',sysdate);

1 개의 행이 만들어졌습니다.

SQL> insert into ex13 values (1380,'test',sysdate);

1 개의 행이 만들어졌습니다.

SQL> insert into ex13 values (1381,'test',sysdate);

1 개의 행이 만들어졌습니다.

SQL> insert into ex13 values (1382,'test',sysdate);

1 개의 행이 만들어졌습니다.

SQL> insert into ex13 values (1383,'test',sysdate);

1 개의 행이 만들어졌습니다.

SQL> insert into ex13 values (1384,'test',sysdate);

1 개의 행이 만들어졌습니다.

SQL> insert into ex13 values (1385,'test',sysdate);

1 개의 행이 만들어졌습니다.

SQL> insert into ex13 values (1386,'test',sysdate);

1 개의 행이 만들어졌습니다.

SQL> insert into ex13 values (1387,'test',sysdate);

1 개의 행이 만들어졌습니다.

SQL> insert into ex13 values (1388,'test',sysdate);

1 개의 행이 만들어졌습니다.

SQL> insert into ex13 values (1389,'test',sysdate);

1 개의 행이 만들어졌습니다.

SQL> insert into ex13 values (1390,'test',sysdate);

1 개의 행이 만들어졌습니다.

SQL> insert into ex13 values (1391,'test',sysdate);

1 개의 행이 만들어졌습니다.

SQL> insert into ex13 values (1392,'test',sysdate);

1 개의 행이 만들어졌습니다.

SQL> insert into ex13 values (1393,'test',sysdate);

1 개의 행이 만들어졌습니다.

SQL> insert into ex13 values (1394,'test',sysdate);

1 개의 행이 만들어졌습니다.

SQL> insert into ex13 values (1395,'test',sysdate);

1 개의 행이 만들어졌습니다.

SQL> insert into ex13 values (1396,'test',sysdate);

1 개의 행이 만들어졌습니다.

SQL> insert into ex13 values (1397,'test',sysdate);

1 개의 행이 만들어졌습니다.

SQL> insert into ex13 values (1398,'test',sysdate);

1 개의 행이 만들어졌습니다.

SQL> insert into ex13 values (1399,'test',sysdate);

1 개의 행이 만들어졌습니다.

SQL> insert into ex13 values (1400,'test',sysdate);

1 개의 행이 만들어졌습니다.

SQL> insert into ex13 values (1401,'test',sysdate);

1 개의 행이 만들어졌습니다.

SQL> insert into ex13 values (1402,'test',sysdate);

1 개의 행이 만들어졌습니다.

SQL> insert into ex13 values (1403,'test',sysdate);

1 개의 행이 만들어졌습니다.

SQL> insert into ex13 values (1404,'test',sysdate);

1 개의 행이 만들어졌습니다.

SQL> insert into ex13 values (1405,'test',sysdate);

1 개의 행이 만들어졌습니다.

SQL> insert into ex13 values (1406,'test',sysdate);

1 개의 행이 만들어졌습니다.

SQL> insert into ex13 values (1407,'test',sysdate);

1 개의 행이 만들어졌습니다.

SQL> insert into ex13 values (1408,'test',sysdate);

1 개의 행이 만들어졌습니다.

SQL> insert into ex13 values (1409,'test',sysdate);

1 개의 행이 만들어졌습니다.

SQL> insert into ex13 values (1410,'test',sysdate);

1 개의 행이 만들어졌습니다.

SQL> insert into ex13 values (1411,'test',sysdate);

1 개의 행이 만들어졌습니다.

SQL> insert into ex13 values (1412,'test',sysdate);

1 개의 행이 만들어졌습니다.

SQL> insert into ex13 values (1413,'test',sysdate);

1 개의 행이 만들어졌습니다.

SQL> insert into ex13 values (1414,'test',sysdate);

1 개의 행이 만들어졌습니다.

SQL> insert into ex13 values (1415,'test',sysdate);

1 개의 행이 만들어졌습니다.

SQL> insert into ex13 values (1416,'test',sysdate);

1 개의 행이 만들어졌습니다.

SQL> insert into ex13 values (1417,'test',sysdate);

1 개의 행이 만들어졌습니다.

SQL> insert into ex13 values (1418,'test',sysdate);

1 개의 행이 만들어졌습니다.

SQL> insert into ex13 values (1419,'test',sysdate);

1 개의 행이 만들어졌습니다.

SQL> insert into ex13 values (1420,'test',sysdate);

1 개의 행이 만들어졌습니다.

SQL> insert into ex13 values (1421,'test',sysdate);

1 개의 행이 만들어졌습니다.

SQL> insert into ex13 values (1422,'test',sysdate);

1 개의 행이 만들어졌습니다.

SQL> insert into ex13 values (1423,'test',sysdate);

1 개의 행이 만들어졌습니다.

SQL> insert into ex13 values (1424,'test',sysdate);

1 개의 행이 만들어졌습니다.

SQL> insert into ex13 values (1425,'test',sysdate);

1 개의 행이 만들어졌습니다.

SQL> insert into ex13 values (1426,'test',sysdate);

1 개의 행이 만들어졌습니다.

SQL> insert into ex13 values (1427,'test',sysdate);

1 개의 행이 만들어졌습니다.

SQL> insert into ex13 values (1428,'test',sysdate);

1 개의 행이 만들어졌습니다.

SQL> insert into ex13 values (1429,'test',sysdate);

1 개의 행이 만들어졌습니다.

SQL> insert into ex13 values (1430,'test',sysdate);

1 개의 행이 만들어졌습니다.

SQL> insert into ex13 values (1431,'test',sysdate);

1 개의 행이 만들어졌습니다.

SQL> insert into ex13 values (1432,'test',sysdate);

1 개의 행이 만들어졌습니다.

SQL> insert into ex13 values (1433,'test',sysdate);

1 개의 행이 만들어졌습니다.

SQL> insert into ex13 values (1434,'test',sysdate);

1 개의 행이 만들어졌습니다.

SQL> insert into ex13 values (1435,'test',sysdate);

1 개의 행이 만들어졌습니다.

SQL> insert into ex13 values (1436,'test',sysdate);

1 개의 행이 만들어졌습니다.

SQL> insert into ex13 values (1437,'test',sysdate);

1 개의 행이 만들어졌습니다.

SQL> insert into ex13 values (1438,'test',sysdate);

1 개의 행이 만들어졌습니다.

SQL> insert into ex13 values (1439,'test',sysdate);

1 개의 행이 만들어졌습니다.

SQL> insert into ex13 values (1440,'test',sysdate);

1 개의 행이 만들어졌습니다.

SQL> insert into ex13 values (1441,'test',sysdate);

1 개의 행이 만들어졌습니다.

SQL> insert into ex13 values (1442,'test',sysdate);

1 개의 행이 만들어졌습니다.

SQL> insert into ex13 values (1443,'test',sysdate);

1 개의 행이 만들어졌습니다.

SQL> insert into ex13 values (1444,'test',sysdate);

1 개의 행이 만들어졌습니다.

SQL> insert into ex13 values (1445,'test',sysdate);

1 개의 행이 만들어졌습니다.

SQL> insert into ex13 values (1446,'test',sysdate);

1 개의 행이 만들어졌습니다.

SQL> insert into ex13 values (1447,'test',sysdate);

1 개의 행이 만들어졌습니다.

SQL> insert into ex13 values (1448,'test',sysdate);

1 개의 행이 만들어졌습니다.

SQL> insert into ex13 values (1449,'test',sysdate);

1 개의 행이 만들어졌습니다.

SQL> insert into ex13 values (1450,'test',sysdate);

1 개의 행이 만들어졌습니다.

SQL> insert into ex13 values (1451,'test',sysdate);

1 개의 행이 만들어졌습니다.

SQL> insert into ex13 values (1452,'test',sysdate);

1 개의 행이 만들어졌습니다.

SQL> insert into ex13 values (1453,'test',sysdate);

1 개의 행이 만들어졌습니다.

SQL> insert into ex13 values (1454,'test',sysdate);

1 개의 행이 만들어졌습니다.

SQL> insert into ex13 values (1455,'test',sysdate);

1 개의 행이 만들어졌습니다.

SQL> insert into ex13 values (1456,'test',sysdate);

1 개의 행이 만들어졌습니다.

SQL> insert into ex13 values (1457,'test',sysdate);

1 개의 행이 만들어졌습니다.

SQL> insert into ex13 values (1458,'test',sysdate);

1 개의 행이 만들어졌습니다.

SQL> insert into ex13 values (1459,'test',sysdate);

1 개의 행이 만들어졌습니다.

SQL> insert into ex13 values (1460,'test',sysdate);

1 개의 행이 만들어졌습니다.

SQL> insert into ex13 values (1461,'test',sysdate);

1 개의 행이 만들어졌습니다.

SQL> insert into ex13 values (1462,'test',sysdate);

1 개의 행이 만들어졌습니다.

SQL> insert into ex13 values (1463,'test',sysdate);

1 개의 행이 만들어졌습니다.

SQL> insert into ex13 values (1464,'test',sysdate);

1 개의 행이 만들어졌습니다.

SQL> insert into ex13 values (1465,'test',sysdate);

1 개의 행이 만들어졌습니다.

SQL> insert into ex13 values (1466,'test',sysdate);

1 개의 행이 만들어졌습니다.

SQL> insert into ex13 values (1467,'test',sysdate);

1 개의 행이 만들어졌습니다.

SQL> insert into ex13 values (1468,'test',sysdate);

1 개의 행이 만들어졌습니다.

SQL> insert into ex13 values (1469,'test',sysdate);

1 개의 행이 만들어졌습니다.

SQL> insert into ex13 values (1470,'test',sysdate);

1 개의 행이 만들어졌습니다.

SQL> insert into ex13 values (1471,'test',sysdate);

1 개의 행이 만들어졌습니다.

SQL> insert into ex13 values (1472,'test',sysdate);

1 개의 행이 만들어졌습니다.

SQL> insert into ex13 values (1473,'test',sysdate);

1 개의 행이 만들어졌습니다.

SQL> insert into ex13 values (1474,'test',sysdate);

1 개의 행이 만들어졌습니다.

SQL> insert into ex13 values (1475,'test',sysdate);

1 개의 행이 만들어졌습니다.

SQL> insert into ex13 values (1476,'test',sysdate);

1 개의 행이 만들어졌습니다.

SQL> insert into ex13 values (1477,'test',sysdate);

1 개의 행이 만들어졌습니다.

SQL> insert into ex13 values (1478,'test',sysdate);

1 개의 행이 만들어졌습니다.

SQL> insert into ex13 values (1479,'test',sysdate);

1 개의 행이 만들어졌습니다.

SQL> insert into ex13 values (1480,'test',sysdate);

1 개의 행이 만들어졌습니다.

SQL> insert into ex13 values (1481,'test',sysdate);

1 개의 행이 만들어졌습니다.

SQL> insert into ex13 values (1482,'test',sysdate);

1 개의 행이 만들어졌습니다.

SQL> insert into ex13 values (1483,'test',sysdate);

1 개의 행이 만들어졌습니다.

SQL> insert into ex13 values (1484,'test',sysdate);

1 개의 행이 만들어졌습니다.

SQL> insert into ex13 values (1485,'test',sysdate);

1 개의 행이 만들어졌습니다.

SQL> insert into ex13 values (1486,'test',sysdate);

1 개의 행이 만들어졌습니다.

SQL> insert into ex13 values (1487,'test',sysdate);

1 개의 행이 만들어졌습니다.

SQL> insert into ex13 values (1488,'test',sysdate);

1 개의 행이 만들어졌습니다.

SQL> insert into ex13 values (1489,'test',sysdate);

1 개의 행이 만들어졌습니다.

SQL> insert into ex13 values (1490,'test',sysdate);

1 개의 행이 만들어졌습니다.

SQL> insert into ex13 values (1491,'test',sysdate);

1 개의 행이 만들어졌습니다.

SQL> insert into ex13 values (1492,'test',sysdate);

1 개의 행이 만들어졌습니다.

SQL> insert into ex13 values (1493,'test',sysdate);

1 개의 행이 만들어졌습니다.

SQL> insert into ex13 values (1494,'test',sysdate);

1 개의 행이 만들어졌습니다.

SQL> insert into ex13 values (1495,'test',sysdate);

1 개의 행이 만들어졌습니다.

SQL> insert into ex13 values (1496,'test',sysdate);

1 개의 행이 만들어졌습니다.

SQL> insert into ex13 values (1497,'test',sysdate);

1 개의 행이 만들어졌습니다.

SQL> insert into ex13 values (1498,'test',sysdate);

1 개의 행이 만들어졌습니다.

SQL> insert into ex13 values (1499,'test',sysdate);

1 개의 행이 만들어졌습니다.

SQL> select * from ex13;

     SABUN NAME                           NALJA                                 
---------- ------------------------------ --------                              
      1000 test                           20/06/24                              
      1001 test                           20/06/24                              
      1002 test                           20/06/24                              
      1003 test                           20/06/24                              
      1004 test                           20/06/24                              
      1005 test                           20/06/24                              
      1006 test                           20/06/24                              
      1007 test                           20/06/24                              
      1008 test                           20/06/24                              
      1009 test                           20/06/24                              
      1010 test                           20/06/24                              

     SABUN NAME                           NALJA                                 
---------- ------------------------------ --------                              
      1011 test                           20/06/24                              
      1012 test                           20/06/24                              
      1013 test                           20/06/24                              
      1014 test                           20/06/24                              
      1015 test                           20/06/24                              
      1016 test                           20/06/24                              
      1017 test                           20/06/24                              
      1018 test                           20/06/24                              
      1019 test                           20/06/24                              
      1020 test                           20/06/24                              
      1021 test                           20/06/24                              

     SABUN NAME                           NALJA                                 
---------- ------------------------------ --------                              
      1022 test                           20/06/24                              
      1023 test                           20/06/24                              
      1024 test                           20/06/24                              
      1025 test                           20/06/24                              
      1026 test                           20/06/24                              
      1027 test                           20/06/24                              
      1028 test                           20/06/24                              
      1029 test                           20/06/24                              
      1030 test                           20/06/24                              
      1031 test                           20/06/24                              
      1032 test                           20/06/24                              

     SABUN NAME                           NALJA                                 
---------- ------------------------------ --------                              
      1033 test                           20/06/24                              
      1034 test                           20/06/24                              
      1035 test                           20/06/24                              
      1036 test                           20/06/24                              
      1037 test                           20/06/24                              
      1038 test                           20/06/24                              
      1039 test                           20/06/24                              
      1040 test                           20/06/24                              
      1041 test                           20/06/24                              
      1042 test                           20/06/24                              
      1043 test                           20/06/24                              

     SABUN NAME                           NALJA                                 
---------- ------------------------------ --------                              
      1044 test                           20/06/24                              
      1045 test                           20/06/24                              
      1046 test                           20/06/24                              
      1047 test                           20/06/24                              
      1048 test                           20/06/24                              
      1049 test                           20/06/24                              
      1050 test                           20/06/24                              
      1051 test                           20/06/24                              
      1052 test                           20/06/24                              
      1053 test                           20/06/24                              
      1054 test                           20/06/24                              

     SABUN NAME                           NALJA                                 
---------- ------------------------------ --------                              
      1055 test                           20/06/24                              
      1056 test                           20/06/24                              
      1057 test                           20/06/24                              
      1058 test                           20/06/24                              
      1059 test                           20/06/24                              
      1060 test                           20/06/24                              
      1061 test                           20/06/24                              
      1062 test                           20/06/24                              
      1063 test                           20/06/24                              
      1064 test                           20/06/24                              
      1065 test                           20/06/24                              

     SABUN NAME                           NALJA                                 
---------- ------------------------------ --------                              
      1066 test                           20/06/24                              
      1067 test                           20/06/24                              
      1068 test                           20/06/24                              
      1069 test                           20/06/24                              
      1070 test                           20/06/24                              
      1071 test                           20/06/24                              
      1072 test                           20/06/24                              
      1073 test                           20/06/24                              
      1074 test                           20/06/24                              
      1075 test                           20/06/24                              
      1076 test                           20/06/24                              

     SABUN NAME                           NALJA                                 
---------- ------------------------------ --------                              
      1077 test                           20/06/24                              
      1078 test                           20/06/24                              
      1079 test                           20/06/24                              
      1080 test                           20/06/24                              
      1081 test                           20/06/24                              
      1082 test                           20/06/24                              
      1083 test                           20/06/24                              
      1084 test                           20/06/24                              
      1085 test                           20/06/24                              
      1086 test                           20/06/24                              
      1087 test                           20/06/24                              

     SABUN NAME                           NALJA                                 
---------- ------------------------------ --------                              
      1088 test                           20/06/24                              
      1089 test                           20/06/24                              
      1090 test                           20/06/24                              
      1091 test                           20/06/24                              
      1092 test                           20/06/24                              
      1093 test                           20/06/24                              
      1094 test                           20/06/24                              
      1095 test                           20/06/24                              
      1096 test                           20/06/24                              
      1097 test                           20/06/24                              
      1098 test                           20/06/24                              

     SABUN NAME                           NALJA                                 
---------- ------------------------------ --------                              
      1099 test                           20/06/24                              
      1100 test                           20/06/24                              
      1101 test                           20/06/24                              
      1102 test                           20/06/24                              
      1103 test                           20/06/24                              
      1104 test                           20/06/24                              
      1105 test                           20/06/24                              
      1106 test                           20/06/24                              
      1107 test                           20/06/24                              
      1108 test                           20/06/24                              
      1109 test                           20/06/24                              

     SABUN NAME                           NALJA                                 
---------- ------------------------------ --------                              
      1110 test                           20/06/24                              
      1111 test                           20/06/24                              
      1112 test                           20/06/24                              
      1113 test                           20/06/24                              
      1114 test                           20/06/24                              
      1115 test                           20/06/24                              
      1116 test                           20/06/24                              
      1117 test                           20/06/24                              
      1118 test                           20/06/24                              
      1119 test                           20/06/24                              
      1120 test                           20/06/24                              

     SABUN NAME                           NALJA                                 
---------- ------------------------------ --------                              
      1121 test                           20/06/24                              
      1122 test                           20/06/24                              
      1123 test                           20/06/24                              
      1124 test                           20/06/24                              
      1125 test                           20/06/24                              
      1126 test                           20/06/24                              
      1127 test                           20/06/24                              
      1128 test                           20/06/24                              
      1129 test                           20/06/24                              
      1130 test                           20/06/24                              
      1131 test                           20/06/24                              

     SABUN NAME                           NALJA                                 
---------- ------------------------------ --------                              
      1132 test                           20/06/24                              
      1133 test                           20/06/24                              
      1134 test                           20/06/24                              
      1135 test                           20/06/24                              
      1136 test                           20/06/24                              
      1137 test                           20/06/24                              
      1138 test                           20/06/24                              
      1139 test                           20/06/24                              
      1140 test                           20/06/24                              
      1141 test                           20/06/24                              
      1142 test                           20/06/24                              

     SABUN NAME                           NALJA                                 
---------- ------------------------------ --------                              
      1143 test                           20/06/24                              
      1144 test                           20/06/24                              
      1145 test                           20/06/24                              
      1146 test                           20/06/24                              
      1147 test                           20/06/24                              
      1148 test                           20/06/24                              
      1149 test                           20/06/24                              
      1150 test                           20/06/24                              
      1151 test                           20/06/24                              
      1152 test                           20/06/24                              
      1153 test                           20/06/24                              

     SABUN NAME                           NALJA                                 
---------- ------------------------------ --------                              
      1154 test                           20/06/24                              
      1155 test                           20/06/24                              
      1156 test                           20/06/24                              
      1157 test                           20/06/24                              
      1158 test                           20/06/24                              
      1159 test                           20/06/24                              
      1160 test                           20/06/24                              
      1161 test                           20/06/24                              
      1162 test                           20/06/24                              
      1163 test                           20/06/24                              
      1164 test                           20/06/24                              

     SABUN NAME                           NALJA                                 
---------- ------------------------------ --------                              
      1165 test                           20/06/24                              
      1166 test                           20/06/24                              
      1167 test                           20/06/24                              
      1168 test                           20/06/24                              
      1169 test                           20/06/24                              
      1170 test                           20/06/24                              
      1171 test                           20/06/24                              
      1172 test                           20/06/24                              
      1173 test                           20/06/24                              
      1174 test                           20/06/24                              
      1175 test                           20/06/24                              

     SABUN NAME                           NALJA                                 
---------- ------------------------------ --------                              
      1176 test                           20/06/24                              
      1177 test                           20/06/24                              
      1178 test                           20/06/24                              
      1179 test                           20/06/24                              
      1180 test                           20/06/24                              
      1181 test                           20/06/24                              
      1182 test                           20/06/24                              
      1183 test                           20/06/24                              
      1184 test                           20/06/24                              
      1185 test                           20/06/24                              
      1186 test                           20/06/24                              

     SABUN NAME                           NALJA                                 
---------- ------------------------------ --------                              
      1187 test                           20/06/24                              
      1188 test                           20/06/24                              
      1189 test                           20/06/24                              
      1190 test                           20/06/24                              
      1191 test                           20/06/24                              
      1192 test                           20/06/24                              
      1193 test                           20/06/24                              
      1194 test                           20/06/24                              
      1195 test                           20/06/24                              
      1196 test                           20/06/24                              
      1197 test                           20/06/24                              

     SABUN NAME                           NALJA                                 
---------- ------------------------------ --------                              
      1198 test                           20/06/24                              
      1199 test                           20/06/24                              
      1200 test                           20/06/24                              
      1201 test                           20/06/24                              
      1202 test                           20/06/24                              
      1203 test                           20/06/24                              
      1204 test                           20/06/24                              
      1205 test                           20/06/24                              
      1206 test                           20/06/24                              
      1207 test                           20/06/24                              
      1208 test                           20/06/24                              

     SABUN NAME                           NALJA                                 
---------- ------------------------------ --------                              
      1209 test                           20/06/24                              
      1210 test                           20/06/24                              
      1211 test                           20/06/24                              
      1212 test                           20/06/24                              
      1213 test                           20/06/24                              
      1214 test                           20/06/24                              
      1215 test                           20/06/24                              
      1216 test                           20/06/24                              
      1217 test                           20/06/24                              
      1218 test                           20/06/24                              
      1219 test                           20/06/24                              

     SABUN NAME                           NALJA                                 
---------- ------------------------------ --------                              
      1220 test                           20/06/24                              
      1221 test                           20/06/24                              
      1222 test                           20/06/24                              
      1223 test                           20/06/24                              
      1224 test                           20/06/24                              
      1225 test                           20/06/24                              
      1226 test                           20/06/24                              
      1227 test                           20/06/24                              
      1228 test                           20/06/24                              
      1229 test                           20/06/24                              
      1230 test                           20/06/24                              

     SABUN NAME                           NALJA                                 
---------- ------------------------------ --------                              
      1231 test                           20/06/24                              
      1232 test                           20/06/24                              
      1233 test                           20/06/24                              
      1234 test                           20/06/24                              
      1235 test                           20/06/24                              
      1236 test                           20/06/24                              
      1237 test                           20/06/24                              
      1238 test                           20/06/24                              
      1239 test                           20/06/24                              
      1240 test                           20/06/24                              
      1241 test                           20/06/24                              

     SABUN NAME                           NALJA                                 
---------- ------------------------------ --------                              
      1242 test                           20/06/24                              
      1243 test                           20/06/24                              
      1244 test                           20/06/24                              
      1245 test                           20/06/24                              
      1246 test                           20/06/24                              
      1247 test                           20/06/24                              
      1248 test                           20/06/24                              
      1249 test                           20/06/24                              
      1250 test                           20/06/24                              
      1251 test                           20/06/24                              
      1252 test                           20/06/24                              

     SABUN NAME                           NALJA                                 
---------- ------------------------------ --------                              
      1253 test                           20/06/24                              
      1254 test                           20/06/24                              
      1255 test                           20/06/24                              
      1256 test                           20/06/24                              
      1257 test                           20/06/24                              
      1258 test                           20/06/24                              
      1259 test                           20/06/24                              
      1260 test                           20/06/24                              
      1261 test                           20/06/24                              
      1262 test                           20/06/24                              
      1263 test                           20/06/24                              

     SABUN NAME                           NALJA                                 
---------- ------------------------------ --------                              
      1264 test                           20/06/24                              
      1265 test                           20/06/24                              
      1266 test                           20/06/24                              
      1267 test                           20/06/24                              
      1268 test                           20/06/24                              
      1269 test                           20/06/24                              
      1270 test                           20/06/24                              
      1271 test                           20/06/24                              
      1272 test                           20/06/24                              
      1273 test                           20/06/24                              
      1274 test                           20/06/24                              

     SABUN NAME                           NALJA                                 
---------- ------------------------------ --------                              
      1275 test                           20/06/24                              
      1276 test                           20/06/24                              
      1277 test                           20/06/24                              
      1278 test                           20/06/24                              
      1279 test                           20/06/24                              
      1280 test                           20/06/24                              
      1281 test                           20/06/24                              
      1282 test                           20/06/24                              
      1283 test                           20/06/24                              
      1284 test                           20/06/24                              
      1285 test                           20/06/24                              

     SABUN NAME                           NALJA                                 
---------- ------------------------------ --------                              
      1286 test                           20/06/24                              
      1287 test                           20/06/24                              
      1288 test                           20/06/24                              
      1289 test                           20/06/24                              
      1290 test                           20/06/24                              
      1291 test                           20/06/24                              
      1292 test                           20/06/24                              
      1293 test                           20/06/24                              
      1294 test                           20/06/24                              
      1295 test                           20/06/24                              
      1296 test                           20/06/24                              

     SABUN NAME                           NALJA                                 
---------- ------------------------------ --------                              
      1297 test                           20/06/24                              
      1298 test                           20/06/24                              
      1299 test                           20/06/24                              
      1300 test                           20/06/24                              
      1301 test                           20/06/24                              
      1302 test                           20/06/24                              
      1303 test                           20/06/24                              
      1304 test                           20/06/24                              
      1305 test                           20/06/24                              
      1306 test                           20/06/24                              
      1307 test                           20/06/24                              

     SABUN NAME                           NALJA                                 
---------- ------------------------------ --------                              
      1308 test                           20/06/24                              
      1309 test                           20/06/24                              
      1310 test                           20/06/24                              
      1311 test                           20/06/24                              
      1312 test                           20/06/24                              
      1313 test                           20/06/24                              
      1314 test                           20/06/24                              
      1315 test                           20/06/24                              
      1316 test                           20/06/24                              
      1317 test                           20/06/24                              
      1318 test                           20/06/24                              

     SABUN NAME                           NALJA                                 
---------- ------------------------------ --------                              
      1319 test                           20/06/24                              
      1320 test                           20/06/24                              
      1321 test                           20/06/24                              
      1322 test                           20/06/24                              
      1323 test                           20/06/24                              
      1324 test                           20/06/24                              
      1325 test                           20/06/24                              
      1326 test                           20/06/24                              
      1327 test                           20/06/24                              
      1328 test                           20/06/24                              
      1329 test                           20/06/24                              

     SABUN NAME                           NALJA                                 
---------- ------------------------------ --------                              
      1330 test                           20/06/24                              
      1331 test                           20/06/24                              
      1332 test                           20/06/24                              
      1333 test                           20/06/24                              
      1334 test                           20/06/24                              
      1335 test                           20/06/24                              
      1336 test                           20/06/24                              
      1337 test                           20/06/24                              
      1338 test                           20/06/24                              
      1339 test                           20/06/24                              
      1340 test                           20/06/24                              

     SABUN NAME                           NALJA                                 
---------- ------------------------------ --------                              
      1341 test                           20/06/24                              
      1342 test                           20/06/24                              
      1343 test                           20/06/24                              
      1344 test                           20/06/24                              
      1345 test                           20/06/24                              
      1346 test                           20/06/24                              
      1347 test                           20/06/24                              
      1348 test                           20/06/24                              
      1349 test                           20/06/24                              
      1350 test                           20/06/24                              
      1351 test                           20/06/24                              

     SABUN NAME                           NALJA                                 
---------- ------------------------------ --------                              
      1352 test                           20/06/24                              
      1353 test                           20/06/24                              
      1354 test                           20/06/24                              
      1355 test                           20/06/24                              
      1356 test                           20/06/24                              
      1357 test                           20/06/24                              
      1358 test                           20/06/24                              
      1359 test                           20/06/24                              
      1360 test                           20/06/24                              
      1361 test                           20/06/24                              
      1362 test                           20/06/24                              

     SABUN NAME                           NALJA                                 
---------- ------------------------------ --------                              
      1363 test                           20/06/24                              
      1364 test                           20/06/24                              
      1365 test                           20/06/24                              
      1366 test                           20/06/24                              
      1367 test                           20/06/24                              
      1368 test                           20/06/24                              
      1369 test                           20/06/24                              
      1370 test                           20/06/24                              
      1371 test                           20/06/24                              
      1372 test                           20/06/24                              
      1373 test                           20/06/24                              

     SABUN NAME                           NALJA                                 
---------- ------------------------------ --------                              
      1374 test                           20/06/24                              
      1375 test                           20/06/24                              
      1376 test                           20/06/24                              
      1377 test                           20/06/24                              
      1378 test                           20/06/24                              
      1379 test                           20/06/24                              
      1380 test                           20/06/24                              
      1381 test                           20/06/24                              
      1382 test                           20/06/24                              
      1383 test                           20/06/24                              
      1384 test                           20/06/24                              

     SABUN NAME                           NALJA                                 
---------- ------------------------------ --------                              
      1385 test                           20/06/24                              
      1386 test                           20/06/24                              
      1387 test                           20/06/24                              
      1388 test                           20/06/24                              
      1389 test                           20/06/24                              
      1390 test                           20/06/24                              
      1391 test                           20/06/24                              
      1392 test                           20/06/24                              
      1393 test                           20/06/24                              
      1394 test                           20/06/24                              
      1395 test                           20/06/24                              

     SABUN NAME                           NALJA                                 
---------- ------------------------------ --------                              
      1396 test                           20/06/24                              
      1397 test                           20/06/24                              
      1398 test                           20/06/24                              
      1399 test                           20/06/24                              
      1400 test                           20/06/24                              
      1401 test                           20/06/24                              
      1402 test                           20/06/24                              
      1403 test                           20/06/24                              
      1404 test                           20/06/24                              
      1405 test                           20/06/24                              
      1406 test                           20/06/24                              

     SABUN NAME                           NALJA                                 
---------- ------------------------------ --------                              
      1407 test                           20/06/24                              
      1408 test                           20/06/24                              
      1409 test                           20/06/24                              
      1410 test                           20/06/24                              
      1411 test                           20/06/24                              
      1412 test                           20/06/24                              
      1413 test                           20/06/24                              
      1414 test                           20/06/24                              
      1415 test                           20/06/24                              
      1416 test                           20/06/24                              
      1417 test                           20/06/24                              

     SABUN NAME                           NALJA                                 
---------- ------------------------------ --------                              
      1418 test                           20/06/24                              
      1419 test                           20/06/24                              
      1420 test                           20/06/24                              
      1421 test                           20/06/24                              
      1422 test                           20/06/24                              
      1423 test                           20/06/24                              
      1424 test                           20/06/24                              
      1425 test                           20/06/24                              
      1426 test                           20/06/24                              
      1427 test                           20/06/24                              
      1428 test                           20/06/24                              

     SABUN NAME                           NALJA                                 
---------- ------------------------------ --------                              
      1429 test                           20/06/24                              
      1430 test                           20/06/24                              
      1431 test                           20/06/24                              
      1432 test                           20/06/24                              
      1433 test                           20/06/24                              
      1434 test                           20/06/24                              
      1435 test                           20/06/24                              
      1436 test                           20/06/24                              
      1437 test                           20/06/24                              
      1438 test                           20/06/24                              
      1439 test                           20/06/24                              

     SABUN NAME                           NALJA                                 
---------- ------------------------------ --------                              
      1440 test                           20/06/24                              
      1441 test                           20/06/24                              
      1442 test                           20/06/24                              
      1443 test                           20/06/24                              
      1444 test                           20/06/24                              
      1445 test                           20/06/24                              
      1446 test                           20/06/24                              
      1447 test                           20/06/24                              
      1448 test                           20/06/24                              
      1449 test                           20/06/24                              
      1450 test                           20/06/24                              

     SABUN NAME                           NALJA                                 
---------- ------------------------------ --------                              
      1451 test                           20/06/24                              
      1452 test                           20/06/24                              
      1453 test                           20/06/24                              
      1454 test                           20/06/24                              
      1455 test                           20/06/24                              
      1456 test                           20/06/24                              
      1457 test                           20/06/24                              
      1458 test                           20/06/24                              
      1459 test                           20/06/24                              
      1460 test                           20/06/24                              
      1461 test                           20/06/24                              

     SABUN NAME                           NALJA                                 
---------- ------------------------------ --------                              
      1462 test                           20/06/24                              
      1463 test                           20/06/24                              
      1464 test                           20/06/24                              
      1465 test                           20/06/24                              
      1466 test                           20/06/24                              
      1467 test                           20/06/24                              
      1468 test                           20/06/24                              
      1469 test                           20/06/24                              
      1470 test                           20/06/24                              
      1471 test                           20/06/24                              
      1472 test                           20/06/24                              

     SABUN NAME                           NALJA                                 
---------- ------------------------------ --------                              
      1473 test                           20/06/24                              
      1474 test                           20/06/24                              
      1475 test                           20/06/24                              
      1476 test                           20/06/24                              
      1477 test                           20/06/24                              
      1478 test                           20/06/24                              
      1479 test                           20/06/24                              
      1480 test                           20/06/24                              
      1481 test                           20/06/24                              
      1482 test                           20/06/24                              
      1483 test                           20/06/24                              

     SABUN NAME                           NALJA                                 
---------- ------------------------------ --------                              
      1484 test                           20/06/24                              
      1485 test                           20/06/24                              
      1486 test                           20/06/24                              
      1487 test                           20/06/24                              
      1488 test                           20/06/24                              
      1489 test                           20/06/24                              
      1490 test                           20/06/24                              
      1491 test                           20/06/24                              
      1492 test                           20/06/24                              
      1493 test                           20/06/24                              
      1494 test                           20/06/24                              

     SABUN NAME                           NALJA                                 
---------- ------------------------------ --------                              
      1495 test                           20/06/24                              
      1496 test                           20/06/24                              
      1497 test                           20/06/24                              
      1498 test                           20/06/24                              
      1499 test                           20/06/24                              

500 개의 행이 선택되었습니다.

SQL> delete from ex13;

500 행이 삭제되었습니다.

SQL> insert into ex13 values (1000,'test',sysdate);

1 개의 행이 만들어졌습니다.

SQL> insert into ex13 values (1001,'test',sysdate);

1 개의 행이 만들어졌습니다.

SQL> insert into ex13 values (1002,'test',sysdate);

1 개의 행이 만들어졌습니다.

SQL> insert into ex13 values (1003,'test',sysdate);

1 개의 행이 만들어졌습니다.

SQL> insert into ex13 values (1004,'test',sysdate);

1 개의 행이 만들어졌습니다.

SQL> insert into ex13 values (1005,'test',sysdate);

1 개의 행이 만들어졌습니다.

SQL> insert into ex13 values (1006,'test',sysdate);

1 개의 행이 만들어졌습니다.

SQL> insert into ex13 values (1007,'test',sysdate);

1 개의 행이 만들어졌습니다.

SQL> insert into ex13 values (1008,'test',sysdate);

1 개의 행이 만들어졌습니다.

SQL> insert into ex13 values (1009,'test',sysdate);

1 개의 행이 만들어졌습니다.

SQL> insert into ex13 values (1010,'test',sysdate);

1 개의 행이 만들어졌습니다.

SQL> insert into ex13 values (1011,'test',sysdate);

1 개의 행이 만들어졌습니다.

SQL> insert into ex13 values (1012,'test',sysdate);

1 개의 행이 만들어졌습니다.

SQL> insert into ex13 values (1013,'test',sysdate);

1 개의 행이 만들어졌습니다.

SQL> insert into ex13 values (1014,'test',sysdate);

1 개의 행이 만들어졌습니다.

SQL> insert into ex13 values (1015,'test',sysdate);

1 개의 행이 만들어졌습니다.

SQL> insert into ex13 values (1016,'test',sysdate);

1 개의 행이 만들어졌습니다.

SQL> insert into ex13 values (1017,'test',sysdate);

1 개의 행이 만들어졌습니다.

SQL> insert into ex13 values (1018,'test',sysdate);

1 개의 행이 만들어졌습니다.

SQL> insert into ex13 values (1019,'test',sysdate);

1 개의 행이 만들어졌습니다.

SQL> insert into ex13 values (1020,'test',sysdate);

1 개의 행이 만들어졌습니다.

SQL> insert into ex13 values (1021,'test',sysdate);

1 개의 행이 만들어졌습니다.

SQL> insert into ex13 values (1022,'test',sysdate);

1 개의 행이 만들어졌습니다.

SQL> insert into ex13 values (1023,'test',sysdate);

1 개의 행이 만들어졌습니다.

SQL> insert into ex13 values (1024,'test',sysdate);

1 개의 행이 만들어졌습니다.

SQL> insert into ex13 values (1025,'test',sysdate);

1 개의 행이 만들어졌습니다.

SQL> insert into ex13 values (1026,'test',sysdate);

1 개의 행이 만들어졌습니다.

SQL> insert into ex13 values (1027,'test',sysdate);

1 개의 행이 만들어졌습니다.

SQL> insert into ex13 values (1028,'test',sysdate);

1 개의 행이 만들어졌습니다.

SQL> insert into ex13 values (1029,'test',sysdate);

1 개의 행이 만들어졌습니다.

SQL> insert into ex13 values (1030,'test',sysdate);

1 개의 행이 만들어졌습니다.

SQL> insert into ex13 values (1031,'test',sysdate);

1 개의 행이 만들어졌습니다.

SQL> insert into ex13 values (1032,'test',sysdate);

1 개의 행이 만들어졌습니다.

SQL> insert into ex13 values (1033,'test',sysdate);

1 개의 행이 만들어졌습니다.

SQL> insert into ex13 values (1034,'test',sysdate);

1 개의 행이 만들어졌습니다.

SQL> insert into ex13 values (1035,'test',sysdate);

1 개의 행이 만들어졌습니다.

SQL> insert into ex13 values (1036,'test',sysdate);

1 개의 행이 만들어졌습니다.

SQL> insert into ex13 values (1037,'test',sysdate);

1 개의 행이 만들어졌습니다.

SQL> insert into ex13 values (1038,'test',sysdate);

1 개의 행이 만들어졌습니다.

SQL> insert into ex13 values (1039,'test',sysdate);

1 개의 행이 만들어졌습니다.

SQL> insert into ex13 values (1040,'test',sysdate);

1 개의 행이 만들어졌습니다.

SQL> insert into ex13 values (1041,'test',sysdate);

1 개의 행이 만들어졌습니다.

SQL> insert into ex13 values (1042,'test',sysdate);

1 개의 행이 만들어졌습니다.

SQL> insert into ex13 values (1043,'test',sysdate);

1 개의 행이 만들어졌습니다.

SQL> insert into ex13 values (1044,'test',sysdate);

1 개의 행이 만들어졌습니다.

SQL> insert into ex13 values (1045,'test',sysdate);

1 개의 행이 만들어졌습니다.

SQL> insert into ex13 values (1046,'test',sysdate);

1 개의 행이 만들어졌습니다.

SQL> insert into ex13 values (1047,'test',sysdate);

1 개의 행이 만들어졌습니다.

SQL> insert into ex13 values (1048,'test',sysdate);

1 개의 행이 만들어졌습니다.

SQL> insert into ex13 values (1049,'test',sysdate);

1 개의 행이 만들어졌습니다.

SQL> insert into ex13 values (1050,'test',sysdate);

1 개의 행이 만들어졌습니다.

SQL> insert into ex13 values (1051,'test',sysdate);

1 개의 행이 만들어졌습니다.

SQL> insert into ex13 values (1052,'test',sysdate);

1 개의 행이 만들어졌습니다.

SQL> insert into ex13 values (1053,'test',sysdate);

1 개의 행이 만들어졌습니다.

SQL> insert into ex13 values (1054,'test',sysdate);

1 개의 행이 만들어졌습니다.

SQL> insert into ex13 values (1055,'test',sysdate);

1 개의 행이 만들어졌습니다.

SQL> insert into ex13 values (1056,'test',sysdate);

1 개의 행이 만들어졌습니다.

SQL> insert into ex13 values (1057,'test',sysdate);

1 개의 행이 만들어졌습니다.

SQL> insert into ex13 values (1058,'test',sysdate);

1 개의 행이 만들어졌습니다.

SQL> insert into ex13 values (1059,'test',sysdate);

1 개의 행이 만들어졌습니다.

SQL> insert into ex13 values (1060,'test',sysdate);

1 개의 행이 만들어졌습니다.

SQL> insert into ex13 values (1061,'test',sysdate);

1 개의 행이 만들어졌습니다.

SQL> insert into ex13 values (1062,'test',sysdate);

1 개의 행이 만들어졌습니다.

SQL> insert into ex13 values (1063,'test',sysdate);

1 개의 행이 만들어졌습니다.

SQL> insert into ex13 values (1064,'test',sysdate);

1 개의 행이 만들어졌습니다.

SQL> insert into ex13 values (1065,'test',sysdate);

1 개의 행이 만들어졌습니다.

SQL> insert into ex13 values (1066,'test',sysdate);

1 개의 행이 만들어졌습니다.

SQL> insert into ex13 values (1067,'test',sysdate);

1 개의 행이 만들어졌습니다.

SQL> insert into ex13 values (1068,'test',sysdate);

1 개의 행이 만들어졌습니다.

SQL> insert into ex13 values (1069,'test',sysdate);

1 개의 행이 만들어졌습니다.

SQL> insert into ex13 values (1070,'test',sysdate);

1 개의 행이 만들어졌습니다.

SQL> insert into ex13 values (1071,'test',sysdate);

1 개의 행이 만들어졌습니다.

SQL> insert into ex13 values (1072,'test',sysdate);

1 개의 행이 만들어졌습니다.

SQL> insert into ex13 values (1073,'test',sysdate);

1 개의 행이 만들어졌습니다.

SQL> insert into ex13 values (1074,'test',sysdate);

1 개의 행이 만들어졌습니다.

SQL> insert into ex13 values (1075,'test',sysdate);

1 개의 행이 만들어졌습니다.

SQL> insert into ex13 values (1076,'test',sysdate);

1 개의 행이 만들어졌습니다.

SQL> insert into ex13 values (1077,'test',sysdate);

1 개의 행이 만들어졌습니다.

SQL> insert into ex13 values (1078,'test',sysdate);

1 개의 행이 만들어졌습니다.

SQL> insert into ex13 values (1079,'test',sysdate);

1 개의 행이 만들어졌습니다.

SQL> insert into ex13 values (1080,'test',sysdate);

1 개의 행이 만들어졌습니다.

SQL> insert into ex13 values (1081,'test',sysdate);

1 개의 행이 만들어졌습니다.

SQL> insert into ex13 values (1082,'test',sysdate);

1 개의 행이 만들어졌습니다.

SQL> insert into ex13 values (1083,'test',sysdate);

1 개의 행이 만들어졌습니다.

SQL> insert into ex13 values (1084,'test',sysdate);

1 개의 행이 만들어졌습니다.

SQL> insert into ex13 values (1085,'test',sysdate);

1 개의 행이 만들어졌습니다.

SQL> insert into ex13 values (1086,'test',sysdate);

1 개의 행이 만들어졌습니다.

SQL> insert into ex13 values (1087,'test',sysdate);

1 개의 행이 만들어졌습니다.

SQL> insert into ex13 values (1088,'test',sysdate);

1 개의 행이 만들어졌습니다.

SQL> insert into ex13 values (1089,'test',sysdate);

1 개의 행이 만들어졌습니다.

SQL> insert into ex13 values (1090,'test',sysdate);

1 개의 행이 만들어졌습니다.

SQL> insert into ex13 values (1091,'test',sysdate);

1 개의 행이 만들어졌습니다.

SQL> insert into ex13 values (1092,'test',sysdate);

1 개의 행이 만들어졌습니다.

SQL> insert into ex13 values (1093,'test',sysdate);

1 개의 행이 만들어졌습니다.

SQL> insert into ex13 values (1094,'test',sysdate);

1 개의 행이 만들어졌습니다.

SQL> insert into ex13 values (1095,'test',sysdate);

1 개의 행이 만들어졌습니다.

SQL> insert into ex13 values (1096,'test',sysdate);

1 개의 행이 만들어졌습니다.

SQL> insert into ex13 values (1097,'test',sysdate);

1 개의 행이 만들어졌습니다.

SQL> insert into ex13 values (1098,'test',sysdate);

1 개의 행이 만들어졌습니다.

SQL> insert into ex13 values (1099,'test',sysdate);

1 개의 행이 만들어졌습니다.

SQL> insert into ex13 values (1100,'test',sysdate);

1 개의 행이 만들어졌습니다.

SQL> insert into ex13 values (1101,'test',sysdate);

1 개의 행이 만들어졌습니다.

SQL> insert into ex13 values (1102,'test',sysdate);

1 개의 행이 만들어졌습니다.

SQL> insert into ex13 values (1103,'test',sysdate);

1 개의 행이 만들어졌습니다.

SQL> insert into ex13 values (1104,'test',sysdate);

1 개의 행이 만들어졌습니다.

SQL> insert into ex13 values (1105,'test',sysdate);

1 개의 행이 만들어졌습니다.

SQL> insert into ex13 values (1106,'test',sysdate);

1 개의 행이 만들어졌습니다.

SQL> insert into ex13 values (1107,'test',sysdate);

1 개의 행이 만들어졌습니다.

SQL> insert into ex13 values (1108,'test',sysdate);

1 개의 행이 만들어졌습니다.

SQL> insert into ex13 values (1109,'test',sysdate);

1 개의 행이 만들어졌습니다.

SQL> insert into ex13 values (1110,'test',sysdate);

1 개의 행이 만들어졌습니다.

SQL> insert into ex13 values (1111,'test',sysdate);

1 개의 행이 만들어졌습니다.

SQL> insert into ex13 values (1112,'test',sysdate);

1 개의 행이 만들어졌습니다.

SQL> insert into ex13 values (1113,'test',sysdate);

1 개의 행이 만들어졌습니다.

SQL> insert into ex13 values (1114,'test',sysdate);

1 개의 행이 만들어졌습니다.

SQL> insert into ex13 values (1115,'test',sysdate);

1 개의 행이 만들어졌습니다.

SQL> insert into ex13 values (1116,'test',sysdate);

1 개의 행이 만들어졌습니다.

SQL> insert into ex13 values (1117,'test',sysdate);

1 개의 행이 만들어졌습니다.

SQL> insert into ex13 values (1118,'test',sysdate);

1 개의 행이 만들어졌습니다.

SQL> insert into ex13 values (1119,'test',sysdate);

1 개의 행이 만들어졌습니다.

SQL> insert into ex13 values (1120,'test',sysdate);

1 개의 행이 만들어졌습니다.

SQL> insert into ex13 values (1121,'test',sysdate);

1 개의 행이 만들어졌습니다.

SQL> insert into ex13 values (1122,'test',sysdate);

1 개의 행이 만들어졌습니다.

SQL> insert into ex13 values (1123,'test',sysdate);

1 개의 행이 만들어졌습니다.

SQL> insert into ex13 values (1124,'test',sysdate);

1 개의 행이 만들어졌습니다.

SQL> insert into ex13 values (1125,'test',sysdate);

1 개의 행이 만들어졌습니다.

SQL> insert into ex13 values (1126,'test',sysdate);

1 개의 행이 만들어졌습니다.

SQL> insert into ex13 values (1127,'test',sysdate);

1 개의 행이 만들어졌습니다.

SQL> insert into ex13 values (1128,'test',sysdate);

1 개의 행이 만들어졌습니다.

SQL> insert into ex13 values (1129,'test',sysdate);

1 개의 행이 만들어졌습니다.

SQL> insert into ex13 values (1130,'test',sysdate);

1 개의 행이 만들어졌습니다.

SQL> insert into ex13 values (1131,'test',sysdate);

1 개의 행이 만들어졌습니다.

SQL> insert into ex13 values (1132,'test',sysdate);

1 개의 행이 만들어졌습니다.

SQL> insert into ex13 values (1133,'test',sysdate);

1 개의 행이 만들어졌습니다.

SQL> insert into ex13 values (1134,'test',sysdate);

1 개의 행이 만들어졌습니다.

SQL> insert into ex13 values (1135,'test',sysdate);

1 개의 행이 만들어졌습니다.

SQL> insert into ex13 values (1136,'test',sysdate);

1 개의 행이 만들어졌습니다.

SQL> insert into ex13 values (1137,'test',sysdate);

1 개의 행이 만들어졌습니다.

SQL> insert into ex13 values (1138,'test',sysdate);

1 개의 행이 만들어졌습니다.

SQL> insert into ex13 values (1139,'test',sysdate);

1 개의 행이 만들어졌습니다.

SQL> insert into ex13 values (1140,'test',sysdate);

1 개의 행이 만들어졌습니다.

SQL> insert into ex13 values (1141,'test',sysdate);

1 개의 행이 만들어졌습니다.

SQL> insert into ex13 values (1142,'test',sysdate);

1 개의 행이 만들어졌습니다.

SQL> insert into ex13 values (1143,'test',sysdate);

1 개의 행이 만들어졌습니다.

SQL> insert into ex13 values (1144,'test',sysdate);

1 개의 행이 만들어졌습니다.

SQL> insert into ex13 values (1145,'test',sysdate);

1 개의 행이 만들어졌습니다.

SQL> insert into ex13 values (1146,'test',sysdate);

1 개의 행이 만들어졌습니다.

SQL> insert into ex13 values (1147,'test',sysdate);

1 개의 행이 만들어졌습니다.

SQL> insert into ex13 values (1148,'test',sysdate);

1 개의 행이 만들어졌습니다.

SQL> insert into ex13 values (1149,'test',sysdate);

1 개의 행이 만들어졌습니다.

SQL> insert into ex13 values (1150,'test',sysdate);

1 개의 행이 만들어졌습니다.

SQL> insert into ex13 values (1151,'test',sysdate);

1 개의 행이 만들어졌습니다.

SQL> insert into ex13 values (1152,'test',sysdate);

1 개의 행이 만들어졌습니다.

SQL> insert into ex13 values (1153,'test',sysdate);

1 개의 행이 만들어졌습니다.

SQL> insert into ex13 values (1154,'test',sysdate);

1 개의 행이 만들어졌습니다.

SQL> insert into ex13 values (1155,'test',sysdate);

1 개의 행이 만들어졌습니다.

SQL> insert into ex13 values (1156,'test',sysdate);

1 개의 행이 만들어졌습니다.

SQL> insert into ex13 values (1157,'test',sysdate);

1 개의 행이 만들어졌습니다.

SQL> insert into ex13 values (1158,'test',sysdate);

1 개의 행이 만들어졌습니다.

SQL> insert into ex13 values (1159,'test',sysdate);

1 개의 행이 만들어졌습니다.

SQL> insert into ex13 values (1160,'test',sysdate);

1 개의 행이 만들어졌습니다.

SQL> insert into ex13 values (1161,'test',sysdate);

1 개의 행이 만들어졌습니다.

SQL> insert into ex13 values (1162,'test',sysdate);

1 개의 행이 만들어졌습니다.

SQL> insert into ex13 values (1163,'test',sysdate);

1 개의 행이 만들어졌습니다.

SQL> insert into ex13 values (1164,'test',sysdate);

1 개의 행이 만들어졌습니다.

SQL> insert into ex13 values (1165,'test',sysdate);

1 개의 행이 만들어졌습니다.

SQL> insert into ex13 values (1166,'test',sysdate);

1 개의 행이 만들어졌습니다.

SQL> insert into ex13 values (1167,'test',sysdate);

1 개의 행이 만들어졌습니다.

SQL> insert into ex13 values (1168,'test',sysdate);

1 개의 행이 만들어졌습니다.

SQL> insert into ex13 values (1169,'test',sysdate);

1 개의 행이 만들어졌습니다.

SQL> insert into ex13 values (1170,'test',sysdate);

1 개의 행이 만들어졌습니다.

SQL> insert into ex13 values (1171,'test',sysdate);

1 개의 행이 만들어졌습니다.

SQL> insert into ex13 values (1172,'test',sysdate);

1 개의 행이 만들어졌습니다.

SQL> insert into ex13 values (1173,'test',sysdate);

1 개의 행이 만들어졌습니다.

SQL> insert into ex13 values (1174,'test',sysdate);

1 개의 행이 만들어졌습니다.

SQL> insert into ex13 values (1175,'test',sysdate);

1 개의 행이 만들어졌습니다.

SQL> insert into ex13 values (1176,'test',sysdate);

1 개의 행이 만들어졌습니다.

SQL> insert into ex13 values (1177,'test',sysdate);

1 개의 행이 만들어졌습니다.

SQL> insert into ex13 values (1178,'test',sysdate);

1 개의 행이 만들어졌습니다.

SQL> insert into ex13 values (1179,'test',sysdate);

1 개의 행이 만들어졌습니다.

SQL> insert into ex13 values (1180,'test',sysdate);

1 개의 행이 만들어졌습니다.

SQL> insert into ex13 values (1181,'test',sysdate);

1 개의 행이 만들어졌습니다.

SQL> insert into ex13 values (1182,'test',sysdate);

1 개의 행이 만들어졌습니다.

SQL> insert into ex13 values (1183,'test',sysdate);

1 개의 행이 만들어졌습니다.

SQL> insert into ex13 values (1184,'test',sysdate);

1 개의 행이 만들어졌습니다.

SQL> insert into ex13 values (1185,'test',sysdate);

1 개의 행이 만들어졌습니다.

SQL> insert into ex13 values (1186,'test',sysdate);

1 개의 행이 만들어졌습니다.

SQL> insert into ex13 values (1187,'test',sysdate);

1 개의 행이 만들어졌습니다.

SQL> insert into ex13 values (1188,'test',sysdate);

1 개의 행이 만들어졌습니다.

SQL> insert into ex13 values (1189,'test',sysdate);

1 개의 행이 만들어졌습니다.

SQL> insert into ex13 values (1190,'test',sysdate);

1 개의 행이 만들어졌습니다.

SQL> insert into ex13 values (1191,'test',sysdate);

1 개의 행이 만들어졌습니다.

SQL> insert into ex13 values (1192,'test',sysdate);

1 개의 행이 만들어졌습니다.

SQL> insert into ex13 values (1193,'test',sysdate);

1 개의 행이 만들어졌습니다.

SQL> insert into ex13 values (1194,'test',sysdate);

1 개의 행이 만들어졌습니다.

SQL> insert into ex13 values (1195,'test',sysdate);

1 개의 행이 만들어졌습니다.

SQL> insert into ex13 values (1196,'test',sysdate);

1 개의 행이 만들어졌습니다.

SQL> insert into ex13 values (1197,'test',sysdate);

1 개의 행이 만들어졌습니다.

SQL> insert into ex13 values (1198,'test',sysdate);

1 개의 행이 만들어졌습니다.

SQL> insert into ex13 values (1199,'test',sysdate);

1 개의 행이 만들어졌습니다.

SQL> insert into ex13 values (1200,'test',sysdate);

1 개의 행이 만들어졌습니다.

SQL> insert into ex13 values (1201,'test',sysdate);

1 개의 행이 만들어졌습니다.

SQL> insert into ex13 values (1202,'test',sysdate);

1 개의 행이 만들어졌습니다.

SQL> insert into ex13 values (1203,'test',sysdate);

1 개의 행이 만들어졌습니다.

SQL> insert into ex13 values (1204,'test',sysdate);

1 개의 행이 만들어졌습니다.

SQL> insert into ex13 values (1205,'test',sysdate);

1 개의 행이 만들어졌습니다.

SQL> insert into ex13 values (1206,'test',sysdate);

1 개의 행이 만들어졌습니다.

SQL> insert into ex13 values (1207,'test',sysdate);

1 개의 행이 만들어졌습니다.

SQL> insert into ex13 values (1208,'test',sysdate);

1 개의 행이 만들어졌습니다.

SQL> insert into ex13 values (1209,'test',sysdate);

1 개의 행이 만들어졌습니다.

SQL> insert into ex13 values (1210,'test',sysdate);

1 개의 행이 만들어졌습니다.

SQL> insert into ex13 values (1211,'test',sysdate);

1 개의 행이 만들어졌습니다.

SQL> insert into ex13 values (1212,'test',sysdate);

1 개의 행이 만들어졌습니다.

SQL> insert into ex13 values (1213,'test',sysdate);

1 개의 행이 만들어졌습니다.

SQL> insert into ex13 values (1214,'test',sysdate);

1 개의 행이 만들어졌습니다.

SQL> insert into ex13 values (1215,'test',sysdate);

1 개의 행이 만들어졌습니다.

SQL> insert into ex13 values (1216,'test',sysdate);

1 개의 행이 만들어졌습니다.

SQL> insert into ex13 values (1217,'test',sysdate);

1 개의 행이 만들어졌습니다.

SQL> insert into ex13 values (1218,'test',sysdate);

1 개의 행이 만들어졌습니다.

SQL> insert into ex13 values (1219,'test',sysdate);

1 개의 행이 만들어졌습니다.

SQL> insert into ex13 values (1220,'test',sysdate);

1 개의 행이 만들어졌습니다.

SQL> insert into ex13 values (1221,'test',sysdate);

1 개의 행이 만들어졌습니다.

SQL> insert into ex13 values (1222,'test',sysdate);

1 개의 행이 만들어졌습니다.

SQL> insert into ex13 values (1223,'test',sysdate);

1 개의 행이 만들어졌습니다.

SQL> insert into ex13 values (1224,'test',sysdate);

1 개의 행이 만들어졌습니다.

SQL> insert into ex13 values (1225,'test',sysdate);

1 개의 행이 만들어졌습니다.

SQL> insert into ex13 values (1226,'test',sysdate);

1 개의 행이 만들어졌습니다.

SQL> insert into ex13 values (1227,'test',sysdate);

1 개의 행이 만들어졌습니다.

SQL> insert into ex13 values (1228,'test',sysdate);

1 개의 행이 만들어졌습니다.

SQL> insert into ex13 values (1229,'test',sysdate);

1 개의 행이 만들어졌습니다.

SQL> insert into ex13 values (1230,'test',sysdate);

1 개의 행이 만들어졌습니다.

SQL> insert into ex13 values (1231,'test',sysdate);

1 개의 행이 만들어졌습니다.

SQL> insert into ex13 values (1232,'test',sysdate);

1 개의 행이 만들어졌습니다.

SQL> insert into ex13 values (1233,'test',sysdate);

1 개의 행이 만들어졌습니다.

SQL> insert into ex13 values (1234,'test',sysdate);

1 개의 행이 만들어졌습니다.

SQL> insert into ex13 values (1235,'test',sysdate);

1 개의 행이 만들어졌습니다.

SQL> insert into ex13 values (1236,'test',sysdate);

1 개의 행이 만들어졌습니다.

SQL> insert into ex13 values (1237,'test',sysdate);

1 개의 행이 만들어졌습니다.

SQL> insert into ex13 values (1238,'test',sysdate);

1 개의 행이 만들어졌습니다.

SQL> insert into ex13 values (1239,'test',sysdate);

1 개의 행이 만들어졌습니다.

SQL> insert into ex13 values (1240,'test',sysdate);

1 개의 행이 만들어졌습니다.

SQL> insert into ex13 values (1241,'test',sysdate);

1 개의 행이 만들어졌습니다.

SQL> insert into ex13 values (1242,'test',sysdate);

1 개의 행이 만들어졌습니다.

SQL> insert into ex13 values (1243,'test',sysdate);

1 개의 행이 만들어졌습니다.

SQL> insert into ex13 values (1244,'test',sysdate);

1 개의 행이 만들어졌습니다.

SQL> insert into ex13 values (1245,'test',sysdate);

1 개의 행이 만들어졌습니다.

SQL> insert into ex13 values (1246,'test',sysdate);

1 개의 행이 만들어졌습니다.

SQL> insert into ex13 values (1247,'test',sysdate);

1 개의 행이 만들어졌습니다.

SQL> insert into ex13 values (1248,'test',sysdate);

1 개의 행이 만들어졌습니다.

SQL> insert into ex13 values (1249,'test',sysdate);

1 개의 행이 만들어졌습니다.

SQL> insert into ex13 values (1250,'test',sysdate);

1 개의 행이 만들어졌습니다.

SQL> insert into ex13 values (1251,'test',sysdate);

1 개의 행이 만들어졌습니다.

SQL> insert into ex13 values (1252,'test',sysdate);

1 개의 행이 만들어졌습니다.

SQL> insert into ex13 values (1253,'test',sysdate);

1 개의 행이 만들어졌습니다.

SQL> insert into ex13 values (1254,'test',sysdate);

1 개의 행이 만들어졌습니다.

SQL> insert into ex13 values (1255,'test',sysdate);

1 개의 행이 만들어졌습니다.

SQL> insert into ex13 values (1256,'test',sysdate);

1 개의 행이 만들어졌습니다.

SQL> insert into ex13 values (1257,'test',sysdate);

1 개의 행이 만들어졌습니다.

SQL> insert into ex13 values (1258,'test',sysdate);

1 개의 행이 만들어졌습니다.

SQL> insert into ex13 values (1259,'test',sysdate);

1 개의 행이 만들어졌습니다.

SQL> insert into ex13 values (1260,'test',sysdate);

1 개의 행이 만들어졌습니다.

SQL> insert into ex13 values (1261,'test',sysdate);

1 개의 행이 만들어졌습니다.

SQL> insert into ex13 values (1262,'test',sysdate);

1 개의 행이 만들어졌습니다.

SQL> insert into ex13 values (1263,'test',sysdate);

1 개의 행이 만들어졌습니다.

SQL> insert into ex13 values (1264,'test',sysdate);

1 개의 행이 만들어졌습니다.

SQL> insert into ex13 values (1265,'test',sysdate);

1 개의 행이 만들어졌습니다.

SQL> insert into ex13 values (1266,'test',sysdate);

1 개의 행이 만들어졌습니다.

SQL> insert into ex13 values (1267,'test',sysdate);

1 개의 행이 만들어졌습니다.

SQL> insert into ex13 values (1268,'test',sysdate);

1 개의 행이 만들어졌습니다.

SQL> insert into ex13 values (1269,'test',sysdate);

1 개의 행이 만들어졌습니다.

SQL> insert into ex13 values (1270,'test',sysdate);

1 개의 행이 만들어졌습니다.

SQL> insert into ex13 values (1271,'test',sysdate);

1 개의 행이 만들어졌습니다.

SQL> insert into ex13 values (1272,'test',sysdate);

1 개의 행이 만들어졌습니다.

SQL> insert into ex13 values (1273,'test',sysdate);

1 개의 행이 만들어졌습니다.

SQL> insert into ex13 values (1274,'test',sysdate);

1 개의 행이 만들어졌습니다.

SQL> insert into ex13 values (1275,'test',sysdate);

1 개의 행이 만들어졌습니다.

SQL> insert into ex13 values (1276,'test',sysdate);

1 개의 행이 만들어졌습니다.

SQL> insert into ex13 values (1277,'test',sysdate);

1 개의 행이 만들어졌습니다.

SQL> insert into ex13 values (1278,'test',sysdate);

1 개의 행이 만들어졌습니다.

SQL> insert into ex13 values (1279,'test',sysdate);

1 개의 행이 만들어졌습니다.

SQL> insert into ex13 values (1280,'test',sysdate);

1 개의 행이 만들어졌습니다.

SQL> insert into ex13 values (1281,'test',sysdate);

1 개의 행이 만들어졌습니다.

SQL> insert into ex13 values (1282,'test',sysdate);

1 개의 행이 만들어졌습니다.

SQL> insert into ex13 values (1283,'test',sysdate);

1 개의 행이 만들어졌습니다.

SQL> insert into ex13 values (1284,'test',sysdate);

1 개의 행이 만들어졌습니다.

SQL> insert into ex13 values (1285,'test',sysdate);

1 개의 행이 만들어졌습니다.

SQL> insert into ex13 values (1286,'test',sysdate);

1 개의 행이 만들어졌습니다.

SQL> insert into ex13 values (1287,'test',sysdate);

1 개의 행이 만들어졌습니다.

SQL> insert into ex13 values (1288,'test',sysdate);

1 개의 행이 만들어졌습니다.

SQL> insert into ex13 values (1289,'test',sysdate);

1 개의 행이 만들어졌습니다.

SQL> insert into ex13 values (1290,'test',sysdate);

1 개의 행이 만들어졌습니다.

SQL> insert into ex13 values (1291,'test',sysdate);

1 개의 행이 만들어졌습니다.

SQL> insert into ex13 values (1292,'test',sysdate);

1 개의 행이 만들어졌습니다.

SQL> insert into ex13 values (1293,'test',sysdate);

1 개의 행이 만들어졌습니다.

SQL> insert into ex13 values (1294,'test',sysdate);

1 개의 행이 만들어졌습니다.

SQL> insert into ex13 values (1295,'test',sysdate);

1 개의 행이 만들어졌습니다.

SQL> insert into ex13 values (1296,'test',sysdate);

1 개의 행이 만들어졌습니다.

SQL> insert into ex13 values (1297,'test',sysdate);

1 개의 행이 만들어졌습니다.

SQL> insert into ex13 values (1298,'test',sysdate);

1 개의 행이 만들어졌습니다.

SQL> insert into ex13 values (1299,'test',sysdate);

1 개의 행이 만들어졌습니다.

SQL> insert into ex13 values (1300,'test',sysdate);

1 개의 행이 만들어졌습니다.

SQL> insert into ex13 values (1301,'test',sysdate);

1 개의 행이 만들어졌습니다.

SQL> insert into ex13 values (1302,'test',sysdate);

1 개의 행이 만들어졌습니다.

SQL> insert into ex13 values (1303,'test',sysdate);

1 개의 행이 만들어졌습니다.

SQL> insert into ex13 values (1304,'test',sysdate);

1 개의 행이 만들어졌습니다.

SQL> insert into ex13 values (1305,'test',sysdate);

1 개의 행이 만들어졌습니다.

SQL> insert into ex13 values (1306,'test',sysdate);

1 개의 행이 만들어졌습니다.

SQL> insert into ex13 values (1307,'test',sysdate);

1 개의 행이 만들어졌습니다.

SQL> insert into ex13 values (1308,'test',sysdate);

1 개의 행이 만들어졌습니다.

SQL> insert into ex13 values (1309,'test',sysdate);

1 개의 행이 만들어졌습니다.

SQL> insert into ex13 values (1310,'test',sysdate);

1 개의 행이 만들어졌습니다.

SQL> insert into ex13 values (1311,'test',sysdate);

1 개의 행이 만들어졌습니다.

SQL> insert into ex13 values (1312,'test',sysdate);

1 개의 행이 만들어졌습니다.

SQL> insert into ex13 values (1313,'test',sysdate);

1 개의 행이 만들어졌습니다.

SQL> insert into ex13 values (1314,'test',sysdate);

1 개의 행이 만들어졌습니다.

SQL> insert into ex13 values (1315,'test',sysdate);

1 개의 행이 만들어졌습니다.

SQL> insert into ex13 values (1316,'test',sysdate);

1 개의 행이 만들어졌습니다.

SQL> insert into ex13 values (1317,'test',sysdate);

1 개의 행이 만들어졌습니다.

SQL> insert into ex13 values (1318,'test',sysdate);

1 개의 행이 만들어졌습니다.

SQL> insert into ex13 values (1319,'test',sysdate);

1 개의 행이 만들어졌습니다.

SQL> insert into ex13 values (1320,'test',sysdate);

1 개의 행이 만들어졌습니다.

SQL> insert into ex13 values (1321,'test',sysdate);

1 개의 행이 만들어졌습니다.

SQL> insert into ex13 values (1322,'test',sysdate);

1 개의 행이 만들어졌습니다.

SQL> insert into ex13 values (1323,'test',sysdate);

1 개의 행이 만들어졌습니다.

SQL> insert into ex13 values (1324,'test',sysdate);

1 개의 행이 만들어졌습니다.

SQL> insert into ex13 values (1325,'test',sysdate);

1 개의 행이 만들어졌습니다.

SQL> insert into ex13 values (1326,'test',sysdate);

1 개의 행이 만들어졌습니다.

SQL> insert into ex13 values (1327,'test',sysdate);

1 개의 행이 만들어졌습니다.

SQL> insert into ex13 values (1328,'test',sysdate);

1 개의 행이 만들어졌습니다.

SQL> insert into ex13 values (1329,'test',sysdate);

1 개의 행이 만들어졌습니다.

SQL> insert into ex13 values (1330,'test',sysdate);

1 개의 행이 만들어졌습니다.

SQL> insert into ex13 values (1331,'test',sysdate);

1 개의 행이 만들어졌습니다.

SQL> insert into ex13 values (1332,'test',sysdate);

1 개의 행이 만들어졌습니다.

SQL> insert into ex13 values (1333,'test',sysdate);

1 개의 행이 만들어졌습니다.

SQL> insert into ex13 values (1334,'test',sysdate);

1 개의 행이 만들어졌습니다.

SQL> insert into ex13 values (1335,'test',sysdate);

1 개의 행이 만들어졌습니다.

SQL> insert into ex13 values (1336,'test',sysdate);

1 개의 행이 만들어졌습니다.

SQL> insert into ex13 values (1337,'test',sysdate);

1 개의 행이 만들어졌습니다.

SQL> insert into ex13 values (1338,'test',sysdate);

1 개의 행이 만들어졌습니다.

SQL> insert into ex13 values (1339,'test',sysdate);

1 개의 행이 만들어졌습니다.

SQL> insert into ex13 values (1340,'test',sysdate);

1 개의 행이 만들어졌습니다.

SQL> insert into ex13 values (1341,'test',sysdate);

1 개의 행이 만들어졌습니다.

SQL> insert into ex13 values (1342,'test',sysdate);

1 개의 행이 만들어졌습니다.

SQL> insert into ex13 values (1343,'test',sysdate);

1 개의 행이 만들어졌습니다.

SQL> insert into ex13 values (1344,'test',sysdate);

1 개의 행이 만들어졌습니다.

SQL> insert into ex13 values (1345,'test',sysdate);

1 개의 행이 만들어졌습니다.

SQL> insert into ex13 values (1346,'test',sysdate);

1 개의 행이 만들어졌습니다.

SQL> insert into ex13 values (1347,'test',sysdate);

1 개의 행이 만들어졌습니다.

SQL> insert into ex13 values (1348,'test',sysdate);

1 개의 행이 만들어졌습니다.

SQL> insert into ex13 values (1349,'test',sysdate);

1 개의 행이 만들어졌습니다.

SQL> insert into ex13 values (1350,'test',sysdate);

1 개의 행이 만들어졌습니다.

SQL> insert into ex13 values (1351,'test',sysdate);

1 개의 행이 만들어졌습니다.

SQL> insert into ex13 values (1352,'test',sysdate);

1 개의 행이 만들어졌습니다.

SQL> insert into ex13 values (1353,'test',sysdate);

1 개의 행이 만들어졌습니다.

SQL> insert into ex13 values (1354,'test',sysdate);

1 개의 행이 만들어졌습니다.

SQL> insert into ex13 values (1355,'test',sysdate);

1 개의 행이 만들어졌습니다.

SQL> insert into ex13 values (1356,'test',sysdate);

1 개의 행이 만들어졌습니다.

SQL> insert into ex13 values (1357,'test',sysdate);

1 개의 행이 만들어졌습니다.

SQL> insert into ex13 values (1358,'test',sysdate);

1 개의 행이 만들어졌습니다.

SQL> insert into ex13 values (1359,'test',sysdate);

1 개의 행이 만들어졌습니다.

SQL> insert into ex13 values (1360,'test',sysdate);

1 개의 행이 만들어졌습니다.

SQL> insert into ex13 values (1361,'test',sysdate);

1 개의 행이 만들어졌습니다.

SQL> insert into ex13 values (1362,'test',sysdate);

1 개의 행이 만들어졌습니다.

SQL> insert into ex13 values (1363,'test',sysdate);

1 개의 행이 만들어졌습니다.

SQL> insert into ex13 values (1364,'test',sysdate);

1 개의 행이 만들어졌습니다.

SQL> insert into ex13 values (1365,'test',sysdate);

1 개의 행이 만들어졌습니다.

SQL> insert into ex13 values (1366,'test',sysdate);

1 개의 행이 만들어졌습니다.

SQL> insert into ex13 values (1367,'test',sysdate);

1 개의 행이 만들어졌습니다.

SQL> insert into ex13 values (1368,'test',sysdate);

1 개의 행이 만들어졌습니다.

SQL> insert into ex13 values (1369,'test',sysdate);

1 개의 행이 만들어졌습니다.

SQL> insert into ex13 values (1370,'test',sysdate);

1 개의 행이 만들어졌습니다.

SQL> insert into ex13 values (1371,'test',sysdate);

1 개의 행이 만들어졌습니다.

SQL> insert into ex13 values (1372,'test',sysdate);

1 개의 행이 만들어졌습니다.

SQL> insert into ex13 values (1373,'test',sysdate);

1 개의 행이 만들어졌습니다.

SQL> insert into ex13 values (1374,'test',sysdate);

1 개의 행이 만들어졌습니다.

SQL> insert into ex13 values (1375,'test',sysdate);

1 개의 행이 만들어졌습니다.

SQL> insert into ex13 values (1376,'test',sysdate);

1 개의 행이 만들어졌습니다.

SQL> insert into ex13 values (1377,'test',sysdate);

1 개의 행이 만들어졌습니다.

SQL> insert into ex13 values (1378,'test',sysdate);

1 개의 행이 만들어졌습니다.

SQL> insert into ex13 values (1379,'test',sysdate);

1 개의 행이 만들어졌습니다.

SQL> insert into ex13 values (1380,'test',sysdate);

1 개의 행이 만들어졌습니다.

SQL> insert into ex13 values (1381,'test',sysdate);

1 개의 행이 만들어졌습니다.

SQL> insert into ex13 values (1382,'test',sysdate);

1 개의 행이 만들어졌습니다.

SQL> insert into ex13 values (1383,'test',sysdate);

1 개의 행이 만들어졌습니다.

SQL> insert into ex13 values (1384,'test',sysdate);

1 개의 행이 만들어졌습니다.

SQL> insert into ex13 values (1385,'test',sysdate);

1 개의 행이 만들어졌습니다.

SQL> insert into ex13 values (1386,'test',sysdate);

1 개의 행이 만들어졌습니다.

SQL> insert into ex13 values (1387,'test',sysdate);

1 개의 행이 만들어졌습니다.

SQL> insert into ex13 values (1388,'test',sysdate);

1 개의 행이 만들어졌습니다.

SQL> insert into ex13 values (1389,'test',sysdate);

1 개의 행이 만들어졌습니다.

SQL> insert into ex13 values (1390,'test',sysdate);

1 개의 행이 만들어졌습니다.

SQL> insert into ex13 values (1391,'test',sysdate);

1 개의 행이 만들어졌습니다.

SQL> insert into ex13 values (1392,'test',sysdate);

1 개의 행이 만들어졌습니다.

SQL> insert into ex13 values (1393,'test',sysdate);

1 개의 행이 만들어졌습니다.

SQL> insert into ex13 values (1394,'test',sysdate);

1 개의 행이 만들어졌습니다.

SQL> insert into ex13 values (1395,'test',sysdate);

1 개의 행이 만들어졌습니다.

SQL> insert into ex13 values (1396,'test',sysdate);

1 개의 행이 만들어졌습니다.

SQL> insert into ex13 values (1397,'test',sysdate);

1 개의 행이 만들어졌습니다.

SQL> insert into ex13 values (1398,'test',sysdate);

1 개의 행이 만들어졌습니다.

SQL> insert into ex13 values (1399,'test',sysdate);

1 개의 행이 만들어졌습니다.

SQL> insert into ex13 values (1400,'test',sysdate);

1 개의 행이 만들어졌습니다.

SQL> insert into ex13 values (1401,'test',sysdate);

1 개의 행이 만들어졌습니다.

SQL> insert into ex13 values (1402,'test',sysdate);

1 개의 행이 만들어졌습니다.

SQL> insert into ex13 values (1403,'test',sysdate);

1 개의 행이 만들어졌습니다.

SQL> insert into ex13 values (1404,'test',sysdate);

1 개의 행이 만들어졌습니다.

SQL> insert into ex13 values (1405,'test',sysdate);

1 개의 행이 만들어졌습니다.

SQL> insert into ex13 values (1406,'test',sysdate);

1 개의 행이 만들어졌습니다.

SQL> insert into ex13 values (1407,'test',sysdate);

1 개의 행이 만들어졌습니다.

SQL> insert into ex13 values (1408,'test',sysdate);

1 개의 행이 만들어졌습니다.

SQL> insert into ex13 values (1409,'test',sysdate);

1 개의 행이 만들어졌습니다.

SQL> insert into ex13 values (1410,'test',sysdate);

1 개의 행이 만들어졌습니다.

SQL> insert into ex13 values (1411,'test',sysdate);

1 개의 행이 만들어졌습니다.

SQL> insert into ex13 values (1412,'test',sysdate);

1 개의 행이 만들어졌습니다.

SQL> insert into ex13 values (1413,'test',sysdate);

1 개의 행이 만들어졌습니다.

SQL> insert into ex13 values (1414,'test',sysdate);

1 개의 행이 만들어졌습니다.

SQL> insert into ex13 values (1415,'test',sysdate);

1 개의 행이 만들어졌습니다.

SQL> insert into ex13 values (1416,'test',sysdate);

1 개의 행이 만들어졌습니다.

SQL> insert into ex13 values (1417,'test',sysdate);

1 개의 행이 만들어졌습니다.

SQL> insert into ex13 values (1418,'test',sysdate);

1 개의 행이 만들어졌습니다.

SQL> insert into ex13 values (1419,'test',sysdate);

1 개의 행이 만들어졌습니다.

SQL> insert into ex13 values (1420,'test',sysdate);

1 개의 행이 만들어졌습니다.

SQL> insert into ex13 values (1421,'test',sysdate);

1 개의 행이 만들어졌습니다.

SQL> insert into ex13 values (1422,'test',sysdate);

1 개의 행이 만들어졌습니다.

SQL> insert into ex13 values (1423,'test',sysdate);

1 개의 행이 만들어졌습니다.

SQL> insert into ex13 values (1424,'test',sysdate);

1 개의 행이 만들어졌습니다.

SQL> insert into ex13 values (1425,'test',sysdate);

1 개의 행이 만들어졌습니다.

SQL> insert into ex13 values (1426,'test',sysdate);

1 개의 행이 만들어졌습니다.

SQL> insert into ex13 values (1427,'test',sysdate);

1 개의 행이 만들어졌습니다.

SQL> insert into ex13 values (1428,'test',sysdate);

1 개의 행이 만들어졌습니다.

SQL> insert into ex13 values (1429,'test',sysdate);

1 개의 행이 만들어졌습니다.

SQL> insert into ex13 values (1430,'test',sysdate);

1 개의 행이 만들어졌습니다.

SQL> insert into ex13 values (1431,'test',sysdate);

1 개의 행이 만들어졌습니다.

SQL> insert into ex13 values (1432,'test',sysdate);

1 개의 행이 만들어졌습니다.

SQL> insert into ex13 values (1433,'test',sysdate);

1 개의 행이 만들어졌습니다.

SQL> insert into ex13 values (1434,'test',sysdate);

1 개의 행이 만들어졌습니다.

SQL> insert into ex13 values (1435,'test',sysdate);

1 개의 행이 만들어졌습니다.

SQL> insert into ex13 values (1436,'test',sysdate);

1 개의 행이 만들어졌습니다.

SQL> insert into ex13 values (1437,'test',sysdate);

1 개의 행이 만들어졌습니다.

SQL> insert into ex13 values (1438,'test',sysdate);

1 개의 행이 만들어졌습니다.

SQL> insert into ex13 values (1439,'test',sysdate);

1 개의 행이 만들어졌습니다.

SQL> insert into ex13 values (1440,'test',sysdate);

1 개의 행이 만들어졌습니다.

SQL> insert into ex13 values (1441,'test',sysdate);

1 개의 행이 만들어졌습니다.

SQL> insert into ex13 values (1442,'test',sysdate);

1 개의 행이 만들어졌습니다.

SQL> insert into ex13 values (1443,'test',sysdate);

1 개의 행이 만들어졌습니다.

SQL> insert into ex13 values (1444,'test',sysdate);

1 개의 행이 만들어졌습니다.

SQL> insert into ex13 values (1445,'test',sysdate);

1 개의 행이 만들어졌습니다.

SQL> insert into ex13 values (1446,'test',sysdate);

1 개의 행이 만들어졌습니다.

SQL> insert into ex13 values (1447,'test',sysdate);

1 개의 행이 만들어졌습니다.

SQL> insert into ex13 values (1448,'test',sysdate);

1 개의 행이 만들어졌습니다.

SQL> insert into ex13 values (1449,'test',sysdate);

1 개의 행이 만들어졌습니다.

SQL> insert into ex13 values (1450,'test',sysdate);

1 개의 행이 만들어졌습니다.

SQL> insert into ex13 values (1451,'test',sysdate);

1 개의 행이 만들어졌습니다.

SQL> insert into ex13 values (1452,'test',sysdate);

1 개의 행이 만들어졌습니다.

SQL> insert into ex13 values (1453,'test',sysdate);

1 개의 행이 만들어졌습니다.

SQL> insert into ex13 values (1454,'test',sysdate);

1 개의 행이 만들어졌습니다.

SQL> insert into ex13 values (1455,'test',sysdate);

1 개의 행이 만들어졌습니다.

SQL> insert into ex13 values (1456,'test',sysdate);

1 개의 행이 만들어졌습니다.

SQL> insert into ex13 values (1457,'test',sysdate);

1 개의 행이 만들어졌습니다.

SQL> insert into ex13 values (1458,'test',sysdate);

1 개의 행이 만들어졌습니다.

SQL> insert into ex13 values (1459,'test',sysdate);

1 개의 행이 만들어졌습니다.

SQL> insert into ex13 values (1460,'test',sysdate);

1 개의 행이 만들어졌습니다.

SQL> insert into ex13 values (1461,'test',sysdate);

1 개의 행이 만들어졌습니다.

SQL> insert into ex13 values (1462,'test',sysdate);

1 개의 행이 만들어졌습니다.

SQL> insert into ex13 values (1463,'test',sysdate);

1 개의 행이 만들어졌습니다.

SQL> insert into ex13 values (1464,'test',sysdate);

1 개의 행이 만들어졌습니다.

SQL> insert into ex13 values (1465,'test',sysdate);

1 개의 행이 만들어졌습니다.

SQL> insert into ex13 values (1466,'test',sysdate);

1 개의 행이 만들어졌습니다.

SQL> insert into ex13 values (1467,'test',sysdate);

1 개의 행이 만들어졌습니다.

SQL> insert into ex13 values (1468,'test',sysdate);

1 개의 행이 만들어졌습니다.

SQL> insert into ex13 values (1469,'test',sysdate);

1 개의 행이 만들어졌습니다.

SQL> insert into ex13 values (1470,'test',sysdate);

1 개의 행이 만들어졌습니다.

SQL> insert into ex13 values (1471,'test',sysdate);

1 개의 행이 만들어졌습니다.

SQL> insert into ex13 values (1472,'test',sysdate);

1 개의 행이 만들어졌습니다.

SQL> insert into ex13 values (1473,'test',sysdate);

1 개의 행이 만들어졌습니다.

SQL> insert into ex13 values (1474,'test',sysdate);

1 개의 행이 만들어졌습니다.

SQL> insert into ex13 values (1475,'test',sysdate);

1 개의 행이 만들어졌습니다.

SQL> insert into ex13 values (1476,'test',sysdate);

1 개의 행이 만들어졌습니다.

SQL> insert into ex13 values (1477,'test',sysdate);

1 개의 행이 만들어졌습니다.

SQL> insert into ex13 values (1478,'test',sysdate);

1 개의 행이 만들어졌습니다.

SQL> insert into ex13 values (1479,'test',sysdate);

1 개의 행이 만들어졌습니다.

SQL> insert into ex13 values (1480,'test',sysdate);

1 개의 행이 만들어졌습니다.

SQL> insert into ex13 values (1481,'test',sysdate);

1 개의 행이 만들어졌습니다.

SQL> insert into ex13 values (1482,'test',sysdate);

1 개의 행이 만들어졌습니다.

SQL> insert into ex13 values (1483,'test',sysdate);

1 개의 행이 만들어졌습니다.

SQL> insert into ex13 values (1484,'test',sysdate);

1 개의 행이 만들어졌습니다.

SQL> insert into ex13 values (1485,'test',sysdate);

1 개의 행이 만들어졌습니다.

SQL> insert into ex13 values (1486,'test',sysdate);

1 개의 행이 만들어졌습니다.

SQL> insert into ex13 values (1487,'test',sysdate);

1 개의 행이 만들어졌습니다.

SQL> insert into ex13 values (1488,'test',sysdate);

1 개의 행이 만들어졌습니다.

SQL> insert into ex13 values (1489,'test',sysdate);

1 개의 행이 만들어졌습니다.

SQL> insert into ex13 values (1490,'test',sysdate);

1 개의 행이 만들어졌습니다.

SQL> insert into ex13 values (1491,'test',sysdate);

1 개의 행이 만들어졌습니다.

SQL> insert into ex13 values (1492,'test',sysdate);

1 개의 행이 만들어졌습니다.

SQL> insert into ex13 values (1493,'test',sysdate);

1 개의 행이 만들어졌습니다.

SQL> insert into ex13 values (1494,'test',sysdate);

1 개의 행이 만들어졌습니다.

SQL> insert into ex13 values (1495,'test',sysdate);

1 개의 행이 만들어졌습니다.

SQL> insert into ex13 values (1496,'test',sysdate);

1 개의 행이 만들어졌습니다.

SQL> insert into ex13 values (1497,'test',sysdate);

1 개의 행이 만들어졌습니다.

SQL> insert into ex13 values (1498,'test',sysdate);

1 개의 행이 만들어졌습니다.

SQL> insert into ex13 values (1499,'test',sysdate);

1 개의 행이 만들어졌습니다.

SQL> insert into ex13 values (1000,'test',sysdate);

1 개의 행이 만들어졌습니다.

SQL> insert into ex13 values (1001,'test',sysdate);

1 개의 행이 만들어졌습니다.

SQL> insert into ex13 values (1002,'test',sysdate);

1 개의 행이 만들어졌습니다.

SQL> insert into ex13 values (1003,'test',sysdate);

1 개의 행이 만들어졌습니다.

SQL> insert into ex13 values (1004,'test',sysdate);

1 개의 행이 만들어졌습니다.

SQL> insert into ex13 values (1005,'test',sysdate);

1 개의 행이 만들어졌습니다.

SQL> insert into ex13 values (1006,'test',sysdate);

1 개의 행이 만들어졌습니다.

SQL> insert into ex13 values (1007,'test',sysdate);

1 개의 행이 만들어졌습니다.

SQL> insert into ex13 values (1008,'test',sysdate);

1 개의 행이 만들어졌습니다.

SQL> insert into ex13 values (1009,'test',sysdate);

1 개의 행이 만들어졌습니다.

SQL> insert into ex13 values (1010,'test',sysdate);

1 개의 행이 만들어졌습니다.

SQL> insert into ex13 values (1011,'test',sysdate);

1 개의 행이 만들어졌습니다.

SQL> insert into ex13 values (1012,'test',sysdate);

1 개의 행이 만들어졌습니다.

SQL> insert into ex13 values (1013,'test',sysdate);

1 개의 행이 만들어졌습니다.

SQL> insert into ex13 values (1014,'test',sysdate);

1 개의 행이 만들어졌습니다.

SQL> insert into ex13 values (1015,'test',sysdate);

1 개의 행이 만들어졌습니다.

SQL> insert into ex13 values (1016,'test',sysdate);

1 개의 행이 만들어졌습니다.

SQL> insert into ex13 values (1017,'test',sysdate);

1 개의 행이 만들어졌습니다.

SQL> insert into ex13 values (1018,'test',sysdate);

1 개의 행이 만들어졌습니다.

SQL> insert into ex13 values (1019,'test',sysdate);

1 개의 행이 만들어졌습니다.

SQL> insert into ex13 values (1020,'test',sysdate);

1 개의 행이 만들어졌습니다.

SQL> insert into ex13 values (1021,'test',sysdate);

1 개의 행이 만들어졌습니다.

SQL> insert into ex13 values (1022,'test',sysdate);

1 개의 행이 만들어졌습니다.

SQL> insert into ex13 values (1023,'test',sysdate);

1 개의 행이 만들어졌습니다.

SQL> insert into ex13 values (1024,'test',sysdate);

1 개의 행이 만들어졌습니다.

SQL> insert into ex13 values (1025,'test',sysdate);

1 개의 행이 만들어졌습니다.

SQL> insert into ex13 values (1026,'test',sysdate);

1 개의 행이 만들어졌습니다.

SQL> insert into ex13 values (1027,'test',sysdate);

1 개의 행이 만들어졌습니다.

SQL> insert into ex13 values (1028,'test',sysdate);

1 개의 행이 만들어졌습니다.

SQL> insert into ex13 values (1029,'test',sysdate);

1 개의 행이 만들어졌습니다.

SQL> insert into ex13 values (1030,'test',sysdate);

1 개의 행이 만들어졌습니다.

SQL> insert into ex13 values (1031,'test',sysdate);

1 개의 행이 만들어졌습니다.

SQL> insert into ex13 values (1032,'test',sysdate);

1 개의 행이 만들어졌습니다.

SQL> insert into ex13 values (1033,'test',sysdate);

1 개의 행이 만들어졌습니다.

SQL> insert into ex13 values (1034,'test',sysdate);

1 개의 행이 만들어졌습니다.

SQL> insert into ex13 values (1035,'test',sysdate);

1 개의 행이 만들어졌습니다.

SQL> insert into ex13 values (1036,'test',sysdate);

1 개의 행이 만들어졌습니다.

SQL> insert into ex13 values (1037,'test',sysdate);

1 개의 행이 만들어졌습니다.

SQL> insert into ex13 values (1038,'test',sysdate);

1 개의 행이 만들어졌습니다.

SQL> insert into ex13 values (1039,'test',sysdate);

1 개의 행이 만들어졌습니다.

SQL> insert into ex13 values (1040,'test',sysdate);

1 개의 행이 만들어졌습니다.

SQL> insert into ex13 values (1041,'test',sysdate);

1 개의 행이 만들어졌습니다.

SQL> insert into ex13 values (1042,'test',sysdate);

1 개의 행이 만들어졌습니다.

SQL> insert into ex13 values (1043,'test',sysdate);

1 개의 행이 만들어졌습니다.

SQL> insert into ex13 values (1044,'test',sysdate);

1 개의 행이 만들어졌습니다.

SQL> insert into ex13 values (1045,'test',sysdate);

1 개의 행이 만들어졌습니다.

SQL> insert into ex13 values (1046,'test',sysdate);

1 개의 행이 만들어졌습니다.

SQL> insert into ex13 values (1047,'test',sysdate);

1 개의 행이 만들어졌습니다.

SQL> insert into ex13 values (1048,'test',sysdate);

1 개의 행이 만들어졌습니다.

SQL> insert into ex13 values (1049,'test',sysdate);

1 개의 행이 만들어졌습니다.

SQL> insert into ex13 values (1050,'test',sysdate);

1 개의 행이 만들어졌습니다.

SQL> insert into ex13 values (1051,'test',sysdate);

1 개의 행이 만들어졌습니다.

SQL> insert into ex13 values (1052,'test',sysdate);

1 개의 행이 만들어졌습니다.

SQL> insert into ex13 values (1053,'test',sysdate);

1 개의 행이 만들어졌습니다.

SQL> insert into ex13 values (1054,'test',sysdate);

1 개의 행이 만들어졌습니다.

SQL> insert into ex13 values (1055,'test',sysdate);

1 개의 행이 만들어졌습니다.

SQL> insert into ex13 values (1056,'test',sysdate);

1 개의 행이 만들어졌습니다.

SQL> insert into ex13 values (1057,'test',sysdate);

1 개의 행이 만들어졌습니다.

SQL> insert into ex13 values (1058,'test',sysdate);

1 개의 행이 만들어졌습니다.

SQL> insert into ex13 values (1059,'test',sysdate);

1 개의 행이 만들어졌습니다.

SQL> insert into ex13 values (1060,'test',sysdate);

1 개의 행이 만들어졌습니다.

SQL> insert into ex13 values (1061,'test',sysdate);

1 개의 행이 만들어졌습니다.

SQL> insert into ex13 values (1062,'test',sysdate);

1 개의 행이 만들어졌습니다.

SQL> insert into ex13 values (1063,'test',sysdate);

1 개의 행이 만들어졌습니다.

SQL> insert into ex13 values (1064,'test',sysdate);

1 개의 행이 만들어졌습니다.

SQL> insert into ex13 values (1065,'test',sysdate);

1 개의 행이 만들어졌습니다.

SQL> insert into ex13 values (1066,'test',sysdate);

1 개의 행이 만들어졌습니다.

SQL> insert into ex13 values (1067,'test',sysdate);

1 개의 행이 만들어졌습니다.

SQL> insert into ex13 values (1068,'test',sysdate);

1 개의 행이 만들어졌습니다.

SQL> insert into ex13 values (1069,'test',sysdate);

1 개의 행이 만들어졌습니다.

SQL> insert into ex13 values (1070,'test',sysdate);

1 개의 행이 만들어졌습니다.

SQL> insert into ex13 values (1071,'test',sysdate);

1 개의 행이 만들어졌습니다.

SQL> insert into ex13 values (1072,'test',sysdate);

1 개의 행이 만들어졌습니다.

SQL> insert into ex13 values (1073,'test',sysdate);

1 개의 행이 만들어졌습니다.

SQL> insert into ex13 values (1074,'test',sysdate);

1 개의 행이 만들어졌습니다.

SQL> insert into ex13 values (1075,'test',sysdate);

1 개의 행이 만들어졌습니다.

SQL> insert into ex13 values (1076,'test',sysdate);

1 개의 행이 만들어졌습니다.

SQL> insert into ex13 values (1077,'test',sysdate);

1 개의 행이 만들어졌습니다.

SQL> insert into ex13 values (1078,'test',sysdate);

1 개의 행이 만들어졌습니다.

SQL> insert into ex13 values (1079,'test',sysdate);

1 개의 행이 만들어졌습니다.

SQL> insert into ex13 values (1080,'test',sysdate);

1 개의 행이 만들어졌습니다.

SQL> insert into ex13 values (1081,'test',sysdate);

1 개의 행이 만들어졌습니다.

SQL> insert into ex13 values (1082,'test',sysdate);

1 개의 행이 만들어졌습니다.

SQL> insert into ex13 values (1083,'test',sysdate);

1 개의 행이 만들어졌습니다.

SQL> insert into ex13 values (1084,'test',sysdate);

1 개의 행이 만들어졌습니다.

SQL> insert into ex13 values (1085,'test',sysdate);

1 개의 행이 만들어졌습니다.

SQL> insert into ex13 values (1086,'test',sysdate);

1 개의 행이 만들어졌습니다.

SQL> insert into ex13 values (1087,'test',sysdate);

1 개의 행이 만들어졌습니다.

SQL> insert into ex13 values (1088,'test',sysdate);

1 개의 행이 만들어졌습니다.

SQL> insert into ex13 values (1089,'test',sysdate);

1 개의 행이 만들어졌습니다.

SQL> insert into ex13 values (1090,'test',sysdate);

1 개의 행이 만들어졌습니다.

SQL> insert into ex13 values (1091,'test',sysdate);

1 개의 행이 만들어졌습니다.

SQL> insert into ex13 values (1092,'test',sysdate);

1 개의 행이 만들어졌습니다.

SQL> insert into ex13 values (1093,'test',sysdate);

1 개의 행이 만들어졌습니다.

SQL> insert into ex13 values (1094,'test',sysdate);

1 개의 행이 만들어졌습니다.

SQL> insert into ex13 values (1095,'test',sysdate);

1 개의 행이 만들어졌습니다.

SQL> insert into ex13 values (1096,'test',sysdate);

1 개의 행이 만들어졌습니다.

SQL> insert into ex13 values (1097,'test',sysdate);

1 개의 행이 만들어졌습니다.

SQL> insert into ex13 values (1098,'test',sysdate);

1 개의 행이 만들어졌습니다.

SQL> insert into ex13 values (1099,'test',sysdate);

1 개의 행이 만들어졌습니다.

SQL> insert into ex13 values (1100,'test',sysdate);

1 개의 행이 만들어졌습니다.

SQL> insert into ex13 values (1101,'test',sysdate);

1 개의 행이 만들어졌습니다.

SQL> insert into ex13 values (1102,'test',sysdate);

1 개의 행이 만들어졌습니다.

SQL> insert into ex13 values (1103,'test',sysdate);

1 개의 행이 만들어졌습니다.

SQL> insert into ex13 values (1104,'test',sysdate);

1 개의 행이 만들어졌습니다.

SQL> insert into ex13 values (1105,'test',sysdate);

1 개의 행이 만들어졌습니다.

SQL> insert into ex13 values (1106,'test',sysdate);

1 개의 행이 만들어졌습니다.

SQL> insert into ex13 values (1107,'test',sysdate);

1 개의 행이 만들어졌습니다.

SQL> insert into ex13 values (1108,'test',sysdate);

1 개의 행이 만들어졌습니다.

SQL> insert into ex13 values (1109,'test',sysdate);

1 개의 행이 만들어졌습니다.

SQL> insert into ex13 values (1110,'test',sysdate);

1 개의 행이 만들어졌습니다.

SQL> insert into ex13 values (1111,'test',sysdate);

1 개의 행이 만들어졌습니다.

SQL> insert into ex13 values (1112,'test',sysdate);

1 개의 행이 만들어졌습니다.

SQL> insert into ex13 values (1113,'test',sysdate);

1 개의 행이 만들어졌습니다.

SQL> insert into ex13 values (1114,'test',sysdate);

1 개의 행이 만들어졌습니다.

SQL> insert into ex13 values (1115,'test',sysdate);

1 개의 행이 만들어졌습니다.

SQL> insert into ex13 values (1116,'test',sysdate);

1 개의 행이 만들어졌습니다.

SQL> insert into ex13 values (1117,'test',sysdate);

1 개의 행이 만들어졌습니다.

SQL> insert into ex13 values (1118,'test',sysdate);

1 개의 행이 만들어졌습니다.

SQL> insert into ex13 values (1119,'test',sysdate);

1 개의 행이 만들어졌습니다.

SQL> insert into ex13 values (1120,'test',sysdate);

1 개의 행이 만들어졌습니다.

SQL> insert into ex13 values (1121,'test',sysdate);

1 개의 행이 만들어졌습니다.

SQL> insert into ex13 values (1122,'test',sysdate);

1 개의 행이 만들어졌습니다.

SQL> insert into ex13 values (1123,'test',sysdate);

1 개의 행이 만들어졌습니다.

SQL> insert into ex13 values (1124,'test',sysdate);

1 개의 행이 만들어졌습니다.

SQL> insert into ex13 values (1125,'test',sysdate);

1 개의 행이 만들어졌습니다.

SQL> insert into ex13 values (1126,'test',sysdate);

1 개의 행이 만들어졌습니다.

SQL> insert into ex13 values (1127,'test',sysdate);

1 개의 행이 만들어졌습니다.

SQL> insert into ex13 values (1128,'test',sysdate);

1 개의 행이 만들어졌습니다.

SQL> insert into ex13 values (1129,'test',sysdate);

1 개의 행이 만들어졌습니다.

SQL> insert into ex13 values (1130,'test',sysdate);

1 개의 행이 만들어졌습니다.

SQL> insert into ex13 values (1131,'test',sysdate);

1 개의 행이 만들어졌습니다.

SQL> insert into ex13 values (1132,'test',sysdate);

1 개의 행이 만들어졌습니다.

SQL> insert into ex13 values (1133,'test',sysdate);

1 개의 행이 만들어졌습니다.

SQL> insert into ex13 values (1134,'test',sysdate);

1 개의 행이 만들어졌습니다.

SQL> insert into ex13 values (1135,'test',sysdate);

1 개의 행이 만들어졌습니다.

SQL> insert into ex13 values (1136,'test',sysdate);

1 개의 행이 만들어졌습니다.

SQL> insert into ex13 values (1137,'test',sysdate);

1 개의 행이 만들어졌습니다.

SQL> insert into ex13 values (1138,'test',sysdate);

1 개의 행이 만들어졌습니다.

SQL> insert into ex13 values (1139,'test',sysdate);

1 개의 행이 만들어졌습니다.

SQL> insert into ex13 values (1140,'test',sysdate);

1 개의 행이 만들어졌습니다.

SQL> insert into ex13 values (1141,'test',sysdate);

1 개의 행이 만들어졌습니다.

SQL> insert into ex13 values (1142,'test',sysdate);

1 개의 행이 만들어졌습니다.

SQL> insert into ex13 values (1143,'test',sysdate);

1 개의 행이 만들어졌습니다.

SQL> insert into ex13 values (1144,'test',sysdate);

1 개의 행이 만들어졌습니다.

SQL> insert into ex13 values (1145,'test',sysdate);

1 개의 행이 만들어졌습니다.

SQL> insert into ex13 values (1146,'test',sysdate);

1 개의 행이 만들어졌습니다.

SQL> insert into ex13 values (1147,'test',sysdate);

1 개의 행이 만들어졌습니다.

SQL> insert into ex13 values (1148,'test',sysdate);

1 개의 행이 만들어졌습니다.

SQL> insert into ex13 values (1149,'test',sysdate);

1 개의 행이 만들어졌습니다.

SQL> insert into ex13 values (1150,'test',sysdate);

1 개의 행이 만들어졌습니다.

SQL> insert into ex13 values (1151,'test',sysdate);

1 개의 행이 만들어졌습니다.

SQL> insert into ex13 values (1152,'test',sysdate);

1 개의 행이 만들어졌습니다.

SQL> insert into ex13 values (1153,'test',sysdate);

1 개의 행이 만들어졌습니다.

SQL> insert into ex13 values (1154,'test',sysdate);

1 개의 행이 만들어졌습니다.

SQL> insert into ex13 values (1155,'test',sysdate);

1 개의 행이 만들어졌습니다.

SQL> insert into ex13 values (1156,'test',sysdate);

1 개의 행이 만들어졌습니다.

SQL> insert into ex13 values (1157,'test',sysdate);

1 개의 행이 만들어졌습니다.

SQL> insert into ex13 values (1158,'test',sysdate);

1 개의 행이 만들어졌습니다.

SQL> insert into ex13 values (1159,'test',sysdate);

1 개의 행이 만들어졌습니다.

SQL> insert into ex13 values (1160,'test',sysdate);

1 개의 행이 만들어졌습니다.

SQL> insert into ex13 values (1161,'test',sysdate);

1 개의 행이 만들어졌습니다.

SQL> insert into ex13 values (1162,'test',sysdate);

1 개의 행이 만들어졌습니다.

SQL> insert into ex13 values (1163,'test',sysdate);

1 개의 행이 만들어졌습니다.

SQL> insert into ex13 values (1164,'test',sysdate);

1 개의 행이 만들어졌습니다.

SQL> insert into ex13 values (1165,'test',sysdate);

1 개의 행이 만들어졌습니다.

SQL> insert into ex13 values (1166,'test',sysdate);

1 개의 행이 만들어졌습니다.

SQL> insert into ex13 values (1167,'test',sysdate);

1 개의 행이 만들어졌습니다.

SQL> insert into ex13 values (1168,'test',sysdate);

1 개의 행이 만들어졌습니다.

SQL> insert into ex13 values (1169,'test',sysdate);

1 개의 행이 만들어졌습니다.

SQL> insert into ex13 values (1170,'test',sysdate);

1 개의 행이 만들어졌습니다.

SQL> insert into ex13 values (1171,'test',sysdate);

1 개의 행이 만들어졌습니다.

SQL> insert into ex13 values (1172,'test',sysdate);

1 개의 행이 만들어졌습니다.

SQL> insert into ex13 values (1173,'test',sysdate);

1 개의 행이 만들어졌습니다.

SQL> insert into ex13 values (1174,'test',sysdate);

1 개의 행이 만들어졌습니다.

SQL> insert into ex13 values (1175,'test',sysdate);

1 개의 행이 만들어졌습니다.

SQL> insert into ex13 values (1176,'test',sysdate);

1 개의 행이 만들어졌습니다.

SQL> insert into ex13 values (1177,'test',sysdate);

1 개의 행이 만들어졌습니다.

SQL> insert into ex13 values (1178,'test',sysdate);

1 개의 행이 만들어졌습니다.

SQL> insert into ex13 values (1179,'test',sysdate);

1 개의 행이 만들어졌습니다.

SQL> insert into ex13 values (1180,'test',sysdate);

1 개의 행이 만들어졌습니다.

SQL> insert into ex13 values (1181,'test',sysdate);

1 개의 행이 만들어졌습니다.

SQL> insert into ex13 values (1182,'test',sysdate);

1 개의 행이 만들어졌습니다.

SQL> insert into ex13 values (1183,'test',sysdate);

1 개의 행이 만들어졌습니다.

SQL> insert into ex13 values (1184,'test',sysdate);

1 개의 행이 만들어졌습니다.

SQL> insert into ex13 values (1185,'test',sysdate);

1 개의 행이 만들어졌습니다.

SQL> insert into ex13 values (1186,'test',sysdate);

1 개의 행이 만들어졌습니다.

SQL> insert into ex13 values (1187,'test',sysdate);

1 개의 행이 만들어졌습니다.

SQL> insert into ex13 values (1188,'test',sysdate);

1 개의 행이 만들어졌습니다.

SQL> insert into ex13 values (1189,'test',sysdate);

1 개의 행이 만들어졌습니다.

SQL> insert into ex13 values (1190,'test',sysdate);

1 개의 행이 만들어졌습니다.

SQL> insert into ex13 values (1191,'test',sysdate);

1 개의 행이 만들어졌습니다.

SQL> insert into ex13 values (1192,'test',sysdate);

1 개의 행이 만들어졌습니다.

SQL> insert into ex13 values (1193,'test',sysdate);

1 개의 행이 만들어졌습니다.

SQL> insert into ex13 values (1194,'test',sysdate);

1 개의 행이 만들어졌습니다.

SQL> insert into ex13 values (1195,'test',sysdate);

1 개의 행이 만들어졌습니다.

SQL> insert into ex13 values (1196,'test',sysdate);

1 개의 행이 만들어졌습니다.

SQL> insert into ex13 values (1197,'test',sysdate);

1 개의 행이 만들어졌습니다.

SQL> insert into ex13 values (1198,'test',sysdate);

1 개의 행이 만들어졌습니다.

SQL> insert into ex13 values (1199,'test',sysdate);

1 개의 행이 만들어졌습니다.

SQL> insert into ex13 values (1200,'test',sysdate);

1 개의 행이 만들어졌습니다.

SQL> insert into ex13 values (1201,'test',sysdate);

1 개의 행이 만들어졌습니다.

SQL> insert into ex13 values (1202,'test',sysdate);

1 개의 행이 만들어졌습니다.

SQL> insert into ex13 values (1203,'test',sysdate);

1 개의 행이 만들어졌습니다.

SQL> insert into ex13 values (1204,'test',sysdate);

1 개의 행이 만들어졌습니다.

SQL> insert into ex13 values (1205,'test',sysdate);

1 개의 행이 만들어졌습니다.

SQL> insert into ex13 values (1206,'test',sysdate);

1 개의 행이 만들어졌습니다.

SQL> insert into ex13 values (1207,'test',sysdate);

1 개의 행이 만들어졌습니다.

SQL> insert into ex13 values (1208,'test',sysdate);

1 개의 행이 만들어졌습니다.

SQL> insert into ex13 values (1209,'test',sysdate);

1 개의 행이 만들어졌습니다.

SQL> insert into ex13 values (1210,'test',sysdate);

1 개의 행이 만들어졌습니다.

SQL> insert into ex13 values (1211,'test',sysdate);

1 개의 행이 만들어졌습니다.

SQL> insert into ex13 values (1212,'test',sysdate);

1 개의 행이 만들어졌습니다.

SQL> insert into ex13 values (1213,'test',sysdate);

1 개의 행이 만들어졌습니다.

SQL> insert into ex13 values (1214,'test',sysdate);

1 개의 행이 만들어졌습니다.

SQL> insert into ex13 values (1215,'test',sysdate);

1 개의 행이 만들어졌습니다.

SQL> insert into ex13 values (1216,'test',sysdate);

1 개의 행이 만들어졌습니다.

SQL> insert into ex13 values (1217,'test',sysdate);

1 개의 행이 만들어졌습니다.

SQL> insert into ex13 values (1218,'test',sysdate);

1 개의 행이 만들어졌습니다.

SQL> insert into ex13 values (1219,'test',sysdate);

1 개의 행이 만들어졌습니다.

SQL> insert into ex13 values (1220,'test',sysdate);

1 개의 행이 만들어졌습니다.

SQL> insert into ex13 values (1221,'test',sysdate);

1 개의 행이 만들어졌습니다.

SQL> insert into ex13 values (1222,'test',sysdate);

1 개의 행이 만들어졌습니다.

SQL> insert into ex13 values (1223,'test',sysdate);

1 개의 행이 만들어졌습니다.

SQL> insert into ex13 values (1224,'test',sysdate);

1 개의 행이 만들어졌습니다.

SQL> insert into ex13 values (1225,'test',sysdate);

1 개의 행이 만들어졌습니다.

SQL> insert into ex13 values (1226,'test',sysdate);

1 개의 행이 만들어졌습니다.

SQL> insert into ex13 values (1227,'test',sysdate);

1 개의 행이 만들어졌습니다.

SQL> insert into ex13 values (1228,'test',sysdate);

1 개의 행이 만들어졌습니다.

SQL> insert into ex13 values (1229,'test',sysdate);

1 개의 행이 만들어졌습니다.

SQL> insert into ex13 values (1230,'test',sysdate);

1 개의 행이 만들어졌습니다.

SQL> insert into ex13 values (1231,'test',sysdate);

1 개의 행이 만들어졌습니다.

SQL> insert into ex13 values (1232,'test',sysdate);

1 개의 행이 만들어졌습니다.

SQL> insert into ex13 values (1233,'test',sysdate);

1 개의 행이 만들어졌습니다.

SQL> insert into ex13 values (1234,'test',sysdate);

1 개의 행이 만들어졌습니다.

SQL> insert into ex13 values (1235,'test',sysdate);

1 개의 행이 만들어졌습니다.

SQL> insert into ex13 values (1236,'test',sysdate);

1 개의 행이 만들어졌습니다.

SQL> insert into ex13 values (1237,'test',sysdate);

1 개의 행이 만들어졌습니다.

SQL> insert into ex13 values (1238,'test',sysdate);

1 개의 행이 만들어졌습니다.

SQL> insert into ex13 values (1239,'test',sysdate);

1 개의 행이 만들어졌습니다.

SQL> insert into ex13 values (1240,'test',sysdate);

1 개의 행이 만들어졌습니다.

SQL> insert into ex13 values (1241,'test',sysdate);

1 개의 행이 만들어졌습니다.

SQL> insert into ex13 values (1242,'test',sysdate);

1 개의 행이 만들어졌습니다.

SQL> insert into ex13 values (1243,'test',sysdate);

1 개의 행이 만들어졌습니다.

SQL> insert into ex13 values (1244,'test',sysdate);

1 개의 행이 만들어졌습니다.

SQL> insert into ex13 values (1245,'test',sysdate);

1 개의 행이 만들어졌습니다.

SQL> insert into ex13 values (1246,'test',sysdate);

1 개의 행이 만들어졌습니다.

SQL> insert into ex13 values (1247,'test',sysdate);

1 개의 행이 만들어졌습니다.

SQL> insert into ex13 values (1248,'test',sysdate);

1 개의 행이 만들어졌습니다.

SQL> insert into ex13 values (1249,'test',sysdate);

1 개의 행이 만들어졌습니다.

SQL> insert into ex13 values (1250,'test',sysdate);

1 개의 행이 만들어졌습니다.

SQL> insert into ex13 values (1251,'test',sysdate);

1 개의 행이 만들어졌습니다.

SQL> insert into ex13 values (1252,'test',sysdate);

1 개의 행이 만들어졌습니다.

SQL> insert into ex13 values (1253,'test',sysdate);

1 개의 행이 만들어졌습니다.

SQL> insert into ex13 values (1254,'test',sysdate);

1 개의 행이 만들어졌습니다.

SQL> insert into ex13 values (1255,'test',sysdate);

1 개의 행이 만들어졌습니다.

SQL> insert into ex13 values (1256,'test',sysdate);

1 개의 행이 만들어졌습니다.

SQL> insert into ex13 values (1257,'test',sysdate);

1 개의 행이 만들어졌습니다.

SQL> insert into ex13 values (1258,'test',sysdate);

1 개의 행이 만들어졌습니다.

SQL> insert into ex13 values (1259,'test',sysdate);

1 개의 행이 만들어졌습니다.

SQL> insert into ex13 values (1260,'test',sysdate);

1 개의 행이 만들어졌습니다.

SQL> insert into ex13 values (1261,'test',sysdate);

1 개의 행이 만들어졌습니다.

SQL> insert into ex13 values (1262,'test',sysdate);

1 개의 행이 만들어졌습니다.

SQL> insert into ex13 values (1263,'test',sysdate);

1 개의 행이 만들어졌습니다.

SQL> insert into ex13 values (1264,'test',sysdate);

1 개의 행이 만들어졌습니다.

SQL> insert into ex13 values (1265,'test',sysdate);

1 개의 행이 만들어졌습니다.

SQL> insert into ex13 values (1266,'test',sysdate);

1 개의 행이 만들어졌습니다.

SQL> insert into ex13 values (1267,'test',sysdate);

1 개의 행이 만들어졌습니다.

SQL> insert into ex13 values (1268,'test',sysdate);

1 개의 행이 만들어졌습니다.

SQL> insert into ex13 values (1269,'test',sysdate);

1 개의 행이 만들어졌습니다.

SQL> insert into ex13 values (1270,'test',sysdate);

1 개의 행이 만들어졌습니다.

SQL> insert into ex13 values (1271,'test',sysdate);

1 개의 행이 만들어졌습니다.

SQL> insert into ex13 values (1272,'test',sysdate);

1 개의 행이 만들어졌습니다.

SQL> insert into ex13 values (1273,'test',sysdate);

1 개의 행이 만들어졌습니다.

SQL> insert into ex13 values (1274,'test',sysdate);

1 개의 행이 만들어졌습니다.

SQL> insert into ex13 values (1275,'test',sysdate);

1 개의 행이 만들어졌습니다.

SQL> insert into ex13 values (1276,'test',sysdate);

1 개의 행이 만들어졌습니다.

SQL> insert into ex13 values (1277,'test',sysdate);

1 개의 행이 만들어졌습니다.

SQL> insert into ex13 values (1278,'test',sysdate);

1 개의 행이 만들어졌습니다.

SQL> insert into ex13 values (1279,'test',sysdate);

1 개의 행이 만들어졌습니다.

SQL> insert into ex13 values (1280,'test',sysdate);

1 개의 행이 만들어졌습니다.

SQL> insert into ex13 values (1281,'test',sysdate);

1 개의 행이 만들어졌습니다.

SQL> insert into ex13 values (1282,'test',sysdate);

1 개의 행이 만들어졌습니다.

SQL> insert into ex13 values (1283,'test',sysdate);

1 개의 행이 만들어졌습니다.

SQL> insert into ex13 values (1284,'test',sysdate);

1 개의 행이 만들어졌습니다.

SQL> insert into ex13 values (1285,'test',sysdate);

1 개의 행이 만들어졌습니다.

SQL> insert into ex13 values (1286,'test',sysdate);

1 개의 행이 만들어졌습니다.

SQL> insert into ex13 values (1287,'test',sysdate);

1 개의 행이 만들어졌습니다.

SQL> insert into ex13 values (1288,'test',sysdate);

1 개의 행이 만들어졌습니다.

SQL> insert into ex13 values (1289,'test',sysdate);

1 개의 행이 만들어졌습니다.

SQL> insert into ex13 values (1290,'test',sysdate);

1 개의 행이 만들어졌습니다.

SQL> insert into ex13 values (1291,'test',sysdate);

1 개의 행이 만들어졌습니다.

SQL> insert into ex13 values (1292,'test',sysdate);

1 개의 행이 만들어졌습니다.

SQL> insert into ex13 values (1293,'test',sysdate);

1 개의 행이 만들어졌습니다.

SQL> insert into ex13 values (1294,'test',sysdate);

1 개의 행이 만들어졌습니다.

SQL> insert into ex13 values (1295,'test',sysdate);

1 개의 행이 만들어졌습니다.

SQL> insert into ex13 values (1296,'test',sysdate);

1 개의 행이 만들어졌습니다.

SQL> insert into ex13 values (1297,'test',sysdate);

1 개의 행이 만들어졌습니다.

SQL> insert into ex13 values (1298,'test',sysdate);

1 개의 행이 만들어졌습니다.

SQL> insert into ex13 values (1299,'test',sysdate);

1 개의 행이 만들어졌습니다.

SQL> insert into ex13 values (1300,'test',sysdate);

1 개의 행이 만들어졌습니다.

SQL> insert into ex13 values (1301,'test',sysdate);

1 개의 행이 만들어졌습니다.

SQL> insert into ex13 values (1302,'test',sysdate);

1 개의 행이 만들어졌습니다.

SQL> insert into ex13 values (1303,'test',sysdate);

1 개의 행이 만들어졌습니다.

SQL> insert into ex13 values (1304,'test',sysdate);

1 개의 행이 만들어졌습니다.

SQL> insert into ex13 values (1305,'test',sysdate);

1 개의 행이 만들어졌습니다.

SQL> insert into ex13 values (1306,'test',sysdate);

1 개의 행이 만들어졌습니다.

SQL> insert into ex13 values (1307,'test',sysdate);

1 개의 행이 만들어졌습니다.

SQL> insert into ex13 values (1308,'test',sysdate);

1 개의 행이 만들어졌습니다.

SQL> insert into ex13 values (1309,'test',sysdate);

1 개의 행이 만들어졌습니다.

SQL> insert into ex13 values (1310,'test',sysdate);

1 개의 행이 만들어졌습니다.

SQL> insert into ex13 values (1311,'test',sysdate);

1 개의 행이 만들어졌습니다.

SQL> insert into ex13 values (1312,'test',sysdate);

1 개의 행이 만들어졌습니다.

SQL> insert into ex13 values (1313,'test',sysdate);

1 개의 행이 만들어졌습니다.

SQL> insert into ex13 values (1314,'test',sysdate);

1 개의 행이 만들어졌습니다.

SQL> insert into ex13 values (1315,'test',sysdate);

1 개의 행이 만들어졌습니다.

SQL> insert into ex13 values (1316,'test',sysdate);

1 개의 행이 만들어졌습니다.

SQL> insert into ex13 values (1317,'test',sysdate);

1 개의 행이 만들어졌습니다.

SQL> insert into ex13 values (1318,'test',sysdate);

1 개의 행이 만들어졌습니다.

SQL> insert into ex13 values (1319,'test',sysdate);

1 개의 행이 만들어졌습니다.

SQL> insert into ex13 values (1320,'test',sysdate);

1 개의 행이 만들어졌습니다.

SQL> insert into ex13 values (1321,'test',sysdate);

1 개의 행이 만들어졌습니다.

SQL> insert into ex13 values (1322,'test',sysdate);

1 개의 행이 만들어졌습니다.

SQL> insert into ex13 values (1323,'test',sysdate);

1 개의 행이 만들어졌습니다.

SQL> insert into ex13 values (1324,'test',sysdate);

1 개의 행이 만들어졌습니다.

SQL> insert into ex13 values (1325,'test',sysdate);

1 개의 행이 만들어졌습니다.

SQL> insert into ex13 values (1326,'test',sysdate);

1 개의 행이 만들어졌습니다.

SQL> insert into ex13 values (1327,'test',sysdate);

1 개의 행이 만들어졌습니다.

SQL> insert into ex13 values (1328,'test',sysdate);

1 개의 행이 만들어졌습니다.

SQL> insert into ex13 values (1329,'test',sysdate);

1 개의 행이 만들어졌습니다.

SQL> insert into ex13 values (1330,'test',sysdate);

1 개의 행이 만들어졌습니다.

SQL> insert into ex13 values (1331,'test',sysdate);

1 개의 행이 만들어졌습니다.

SQL> insert into ex13 values (1332,'test',sysdate);

1 개의 행이 만들어졌습니다.

SQL> insert into ex13 values (1333,'test',sysdate);

1 개의 행이 만들어졌습니다.

SQL> insert into ex13 values (1334,'test',sysdate);

1 개의 행이 만들어졌습니다.

SQL> insert into ex13 values (1335,'test',sysdate);

1 개의 행이 만들어졌습니다.

SQL> insert into ex13 values (1336,'test',sysdate);

1 개의 행이 만들어졌습니다.

SQL> insert into ex13 values (1337,'test',sysdate);

1 개의 행이 만들어졌습니다.

SQL> insert into ex13 values (1338,'test',sysdate);

1 개의 행이 만들어졌습니다.

SQL> insert into ex13 values (1339,'test',sysdate);

1 개의 행이 만들어졌습니다.

SQL> insert into ex13 values (1340,'test',sysdate);

1 개의 행이 만들어졌습니다.

SQL> insert into ex13 values (1341,'test',sysdate);

1 개의 행이 만들어졌습니다.

SQL> insert into ex13 values (1342,'test',sysdate);

1 개의 행이 만들어졌습니다.

SQL> insert into ex13 values (1343,'test',sysdate);

1 개의 행이 만들어졌습니다.

SQL> insert into ex13 values (1344,'test',sysdate);

1 개의 행이 만들어졌습니다.

SQL> insert into ex13 values (1345,'test',sysdate);

1 개의 행이 만들어졌습니다.

SQL> insert into ex13 values (1346,'test',sysdate);

1 개의 행이 만들어졌습니다.

SQL> insert into ex13 values (1347,'test',sysdate);

1 개의 행이 만들어졌습니다.

SQL> insert into ex13 values (1348,'test',sysdate);

1 개의 행이 만들어졌습니다.

SQL> insert into ex13 values (1349,'test',sysdate);

1 개의 행이 만들어졌습니다.

SQL> insert into ex13 values (1350,'test',sysdate);

1 개의 행이 만들어졌습니다.

SQL> insert into ex13 values (1351,'test',sysdate);

1 개의 행이 만들어졌습니다.

SQL> insert into ex13 values (1352,'test',sysdate);

1 개의 행이 만들어졌습니다.

SQL> insert into ex13 values (1353,'test',sysdate);

1 개의 행이 만들어졌습니다.

SQL> insert into ex13 values (1354,'test',sysdate);

1 개의 행이 만들어졌습니다.

SQL> insert into ex13 values (1355,'test',sysdate);

1 개의 행이 만들어졌습니다.

SQL> insert into ex13 values (1356,'test',sysdate);

1 개의 행이 만들어졌습니다.

SQL> insert into ex13 values (1357,'test',sysdate);

1 개의 행이 만들어졌습니다.

SQL> insert into ex13 values (1358,'test',sysdate);

1 개의 행이 만들어졌습니다.

SQL> insert into ex13 values (1359,'test',sysdate);

1 개의 행이 만들어졌습니다.

SQL> insert into ex13 values (1360,'test',sysdate);

1 개의 행이 만들어졌습니다.

SQL> insert into ex13 values (1361,'test',sysdate);

1 개의 행이 만들어졌습니다.

SQL> insert into ex13 values (1362,'test',sysdate);

1 개의 행이 만들어졌습니다.

SQL> insert into ex13 values (1363,'test',sysdate);

1 개의 행이 만들어졌습니다.

SQL> insert into ex13 values (1364,'test',sysdate);

1 개의 행이 만들어졌습니다.

SQL> insert into ex13 values (1365,'test',sysdate);

1 개의 행이 만들어졌습니다.

SQL> insert into ex13 values (1366,'test',sysdate);

1 개의 행이 만들어졌습니다.

SQL> insert into ex13 values (1367,'test',sysdate);

1 개의 행이 만들어졌습니다.

SQL> insert into ex13 values (1368,'test',sysdate);

1 개의 행이 만들어졌습니다.

SQL> insert into ex13 values (1369,'test',sysdate);

1 개의 행이 만들어졌습니다.

SQL> insert into ex13 values (1370,'test',sysdate);

1 개의 행이 만들어졌습니다.

SQL> insert into ex13 values (1371,'test',sysdate);

1 개의 행이 만들어졌습니다.

SQL> insert into ex13 values (1372,'test',sysdate);

1 개의 행이 만들어졌습니다.

SQL> insert into ex13 values (1373,'test',sysdate);

1 개의 행이 만들어졌습니다.

SQL> insert into ex13 values (1374,'test',sysdate);

1 개의 행이 만들어졌습니다.

SQL> insert into ex13 values (1375,'test',sysdate);

1 개의 행이 만들어졌습니다.

SQL> insert into ex13 values (1376,'test',sysdate);

1 개의 행이 만들어졌습니다.

SQL> insert into ex13 values (1377,'test',sysdate);

1 개의 행이 만들어졌습니다.

SQL> insert into ex13 values (1378,'test',sysdate);

1 개의 행이 만들어졌습니다.

SQL> insert into ex13 values (1379,'test',sysdate);

1 개의 행이 만들어졌습니다.

SQL> insert into ex13 values (1380,'test',sysdate);

1 개의 행이 만들어졌습니다.

SQL> insert into ex13 values (1381,'test',sysdate);

1 개의 행이 만들어졌습니다.

SQL> insert into ex13 values (1382,'test',sysdate);

1 개의 행이 만들어졌습니다.

SQL> insert into ex13 values (1383,'test',sysdate);

1 개의 행이 만들어졌습니다.

SQL> insert into ex13 values (1384,'test',sysdate);

1 개의 행이 만들어졌습니다.

SQL> insert into ex13 values (1385,'test',sysdate);

1 개의 행이 만들어졌습니다.

SQL> insert into ex13 values (1386,'test',sysdate);

1 개의 행이 만들어졌습니다.

SQL> insert into ex13 values (1387,'test',sysdate);

1 개의 행이 만들어졌습니다.

SQL> insert into ex13 values (1388,'test',sysdate);

1 개의 행이 만들어졌습니다.

SQL> insert into ex13 values (1389,'test',sysdate);

1 개의 행이 만들어졌습니다.

SQL> insert into ex13 values (1390,'test',sysdate);

1 개의 행이 만들어졌습니다.

SQL> insert into ex13 values (1391,'test',sysdate);

1 개의 행이 만들어졌습니다.

SQL> insert into ex13 values (1392,'test',sysdate);

1 개의 행이 만들어졌습니다.

SQL> insert into ex13 values (1393,'test',sysdate);

1 개의 행이 만들어졌습니다.

SQL> insert into ex13 values (1394,'test',sysdate);

1 개의 행이 만들어졌습니다.

SQL> insert into ex13 values (1395,'test',sysdate);

1 개의 행이 만들어졌습니다.

SQL> insert into ex13 values (1396,'test',sysdate);

1 개의 행이 만들어졌습니다.

SQL> insert into ex13 values (1397,'test',sysdate);

1 개의 행이 만들어졌습니다.

SQL> insert into ex13 values (1398,'test',sysdate);

1 개의 행이 만들어졌습니다.

SQL> insert into ex13 values (1399,'test',sysdate);

1 개의 행이 만들어졌습니다.

SQL> insert into ex13 values (1400,'test',sysdate);

1 개의 행이 만들어졌습니다.

SQL> insert into ex13 values (1401,'test',sysdate);

1 개의 행이 만들어졌습니다.

SQL> insert into ex13 values (1402,'test',sysdate);

1 개의 행이 만들어졌습니다.

SQL> insert into ex13 values (1403,'test',sysdate);

1 개의 행이 만들어졌습니다.

SQL> insert into ex13 values (1404,'test',sysdate);

1 개의 행이 만들어졌습니다.

SQL> insert into ex13 values (1405,'test',sysdate);

1 개의 행이 만들어졌습니다.

SQL> insert into ex13 values (1406,'test',sysdate);

1 개의 행이 만들어졌습니다.

SQL> insert into ex13 values (1407,'test',sysdate);

1 개의 행이 만들어졌습니다.

SQL> insert into ex13 values (1408,'test',sysdate);

1 개의 행이 만들어졌습니다.

SQL> insert into ex13 values (1409,'test',sysdate);

1 개의 행이 만들어졌습니다.

SQL> insert into ex13 values (1410,'test',sysdate);

1 개의 행이 만들어졌습니다.

SQL> insert into ex13 values (1411,'test',sysdate);

1 개의 행이 만들어졌습니다.

SQL> insert into ex13 values (1412,'test',sysdate);

1 개의 행이 만들어졌습니다.

SQL> insert into ex13 values (1413,'test',sysdate);

1 개의 행이 만들어졌습니다.

SQL> insert into ex13 values (1414,'test',sysdate);

1 개의 행이 만들어졌습니다.

SQL> insert into ex13 values (1415,'test',sysdate);

1 개의 행이 만들어졌습니다.

SQL> insert into ex13 values (1416,'test',sysdate);

1 개의 행이 만들어졌습니다.

SQL> insert into ex13 values (1417,'test',sysdate);

1 개의 행이 만들어졌습니다.

SQL> insert into ex13 values (1418,'test',sysdate);

1 개의 행이 만들어졌습니다.

SQL> insert into ex13 values (1419,'test',sysdate);

1 개의 행이 만들어졌습니다.

SQL> insert into ex13 values (1420,'test',sysdate);

1 개의 행이 만들어졌습니다.

SQL> insert into ex13 values (1421,'test',sysdate);

1 개의 행이 만들어졌습니다.

SQL> insert into ex13 values (1422,'test',sysdate);

1 개의 행이 만들어졌습니다.

SQL> insert into ex13 values (1423,'test',sysdate);

1 개의 행이 만들어졌습니다.

SQL> insert into ex13 values (1424,'test',sysdate);

1 개의 행이 만들어졌습니다.

SQL> insert into ex13 values (1425,'test',sysdate);

1 개의 행이 만들어졌습니다.

SQL> insert into ex13 values (1426,'test',sysdate);

1 개의 행이 만들어졌습니다.

SQL> insert into ex13 values (1427,'test',sysdate);

1 개의 행이 만들어졌습니다.

SQL> insert into ex13 values (1428,'test',sysdate);

1 개의 행이 만들어졌습니다.

SQL> insert into ex13 values (1429,'test',sysdate);

1 개의 행이 만들어졌습니다.

SQL> insert into ex13 values (1430,'test',sysdate);

1 개의 행이 만들어졌습니다.

SQL> insert into ex13 values (1431,'test',sysdate);

1 개의 행이 만들어졌습니다.

SQL> insert into ex13 values (1432,'test',sysdate);

1 개의 행이 만들어졌습니다.

SQL> insert into ex13 values (1433,'test',sysdate);

1 개의 행이 만들어졌습니다.

SQL> insert into ex13 values (1434,'test',sysdate);

1 개의 행이 만들어졌습니다.

SQL> insert into ex13 values (1435,'test',sysdate);

1 개의 행이 만들어졌습니다.

SQL> insert into ex13 values (1436,'test',sysdate);

1 개의 행이 만들어졌습니다.

SQL> insert into ex13 values (1437,'test',sysdate);

1 개의 행이 만들어졌습니다.

SQL> insert into ex13 values (1438,'test',sysdate);

1 개의 행이 만들어졌습니다.

SQL> insert into ex13 values (1439,'test',sysdate);

1 개의 행이 만들어졌습니다.

SQL> insert into ex13 values (1440,'test',sysdate);

1 개의 행이 만들어졌습니다.

SQL> insert into ex13 values (1441,'test',sysdate);

1 개의 행이 만들어졌습니다.

SQL> insert into ex13 values (1442,'test',sysdate);

1 개의 행이 만들어졌습니다.

SQL> insert into ex13 values (1443,'test',sysdate);

1 개의 행이 만들어졌습니다.

SQL> insert into ex13 values (1444,'test',sysdate);

1 개의 행이 만들어졌습니다.

SQL> insert into ex13 values (1445,'test',sysdate);

1 개의 행이 만들어졌습니다.

SQL> insert into ex13 values (1446,'test',sysdate);

1 개의 행이 만들어졌습니다.

SQL> insert into ex13 values (1447,'test',sysdate);

1 개의 행이 만들어졌습니다.

SQL> insert into ex13 values (1448,'test',sysdate);

1 개의 행이 만들어졌습니다.

SQL> insert into ex13 values (1449,'test',sysdate);

1 개의 행이 만들어졌습니다.

SQL> insert into ex13 values (1450,'test',sysdate);

1 개의 행이 만들어졌습니다.

SQL> insert into ex13 values (1451,'test',sysdate);

1 개의 행이 만들어졌습니다.

SQL> insert into ex13 values (1452,'test',sysdate);

1 개의 행이 만들어졌습니다.

SQL> insert into ex13 values (1453,'test',sysdate);

1 개의 행이 만들어졌습니다.

SQL> insert into ex13 values (1454,'test',sysdate);

1 개의 행이 만들어졌습니다.

SQL> insert into ex13 values (1455,'test',sysdate);

1 개의 행이 만들어졌습니다.

SQL> insert into ex13 values (1456,'test',sysdate);

1 개의 행이 만들어졌습니다.

SQL> insert into ex13 values (1457,'test',sysdate);

1 개의 행이 만들어졌습니다.

SQL> insert into ex13 values (1458,'test',sysdate);

1 개의 행이 만들어졌습니다.

SQL> insert into ex13 values (1459,'test',sysdate);

1 개의 행이 만들어졌습니다.

SQL> insert into ex13 values (1460,'test',sysdate);

1 개의 행이 만들어졌습니다.

SQL> insert into ex13 values (1461,'test',sysdate);

1 개의 행이 만들어졌습니다.

SQL> insert into ex13 values (1462,'test',sysdate);

1 개의 행이 만들어졌습니다.

SQL> insert into ex13 values (1463,'test',sysdate);

1 개의 행이 만들어졌습니다.

SQL> insert into ex13 values (1464,'test',sysdate);

1 개의 행이 만들어졌습니다.

SQL> insert into ex13 values (1465,'test',sysdate);

1 개의 행이 만들어졌습니다.

SQL> insert into ex13 values (1466,'test',sysdate);

1 개의 행이 만들어졌습니다.

SQL> insert into ex13 values (1467,'test',sysdate);

1 개의 행이 만들어졌습니다.

SQL> insert into ex13 values (1468,'test',sysdate);

1 개의 행이 만들어졌습니다.

SQL> insert into ex13 values (1469,'test',sysdate);

1 개의 행이 만들어졌습니다.

SQL> insert into ex13 values (1470,'test',sysdate);

1 개의 행이 만들어졌습니다.

SQL> insert into ex13 values (1471,'test',sysdate);

1 개의 행이 만들어졌습니다.

SQL> insert into ex13 values (1472,'test',sysdate);

1 개의 행이 만들어졌습니다.

SQL> insert into ex13 values (1473,'test',sysdate);

1 개의 행이 만들어졌습니다.

SQL> insert into ex13 values (1474,'test',sysdate);

1 개의 행이 만들어졌습니다.

SQL> insert into ex13 values (1475,'test',sysdate);

1 개의 행이 만들어졌습니다.

SQL> insert into ex13 values (1476,'test',sysdate);

1 개의 행이 만들어졌습니다.

SQL> insert into ex13 values (1477,'test',sysdate);

1 개의 행이 만들어졌습니다.

SQL> insert into ex13 values (1478,'test',sysdate);

1 개의 행이 만들어졌습니다.

SQL> insert into ex13 values (1479,'test',sysdate);

1 개의 행이 만들어졌습니다.

SQL> insert into ex13 values (1480,'test',sysdate);

1 개의 행이 만들어졌습니다.

SQL> insert into ex13 values (1481,'test',sysdate);

1 개의 행이 만들어졌습니다.

SQL> insert into ex13 values (1482,'test',sysdate);

1 개의 행이 만들어졌습니다.

SQL> insert into ex13 values (1483,'test',sysdate);

1 개의 행이 만들어졌습니다.

SQL> insert into ex13 values (1484,'test',sysdate);

1 개의 행이 만들어졌습니다.

SQL> insert into ex13 values (1485,'test',sysdate);

1 개의 행이 만들어졌습니다.

SQL> insert into ex13 values (1486,'test',sysdate);

1 개의 행이 만들어졌습니다.

SQL> insert into ex13 values (1487,'test',sysdate);

1 개의 행이 만들어졌습니다.

SQL> insert into ex13 values (1488,'test',sysdate);

1 개의 행이 만들어졌습니다.

SQL> insert into ex13 values (1489,'test',sysdate);

1 개의 행이 만들어졌습니다.

SQL> insert into ex13 values (1490,'test',sysdate);

1 개의 행이 만들어졌습니다.

SQL> insert into ex13 values (1491,'test',sysdate);

1 개의 행이 만들어졌습니다.

SQL> insert into ex13 values (1492,'test',sysdate);

1 개의 행이 만들어졌습니다.

SQL> insert into ex13 values (1493,'test',sysdate);

1 개의 행이 만들어졌습니다.

SQL> insert into ex13 values (1494,'test',sysdate);

1 개의 행이 만들어졌습니다.

SQL> insert into ex13 values (1495,'test',sysdate);

1 개의 행이 만들어졌습니다.

SQL> insert into ex13 values (1496,'test',sysdate);

1 개의 행이 만들어졌습니다.

SQL> insert into ex13 values (1497,'test',sysdate);

1 개의 행이 만들어졌습니다.

SQL> insert into ex13 values (1498,'test',sysdate);

1 개의 행이 만들어졌습니다.

SQL> insert into ex13 values (1499,'test',sysdate);

1 개의 행이 만들어졌습니다.

SQL> insert into ex13 values (1000,'test',sysdate);

1 개의 행이 만들어졌습니다.

SQL> insert into ex13 values (1001,'test',sysdate);

1 개의 행이 만들어졌습니다.

SQL> insert into ex13 values (1002,'test',sysdate);

1 개의 행이 만들어졌습니다.

SQL> insert into ex13 values (1003,'test',sysdate);

1 개의 행이 만들어졌습니다.

SQL> insert into ex13 values (1004,'test',sysdate);

1 개의 행이 만들어졌습니다.

SQL> insert into ex13 values (1005,'test',sysdate);

1 개의 행이 만들어졌습니다.

SQL> insert into ex13 values (1006,'test',sysdate);

1 개의 행이 만들어졌습니다.

SQL> insert into ex13 values (1007,'test',sysdate);

1 개의 행이 만들어졌습니다.

SQL> insert into ex13 values (1008,'test',sysdate);

1 개의 행이 만들어졌습니다.

SQL> insert into ex13 values (1009,'test',sysdate);

1 개의 행이 만들어졌습니다.

SQL> insert into ex13 values (1010,'test',sysdate);

1 개의 행이 만들어졌습니다.

SQL> insert into ex13 values (1011,'test',sysdate);

1 개의 행이 만들어졌습니다.

SQL> insert into ex13 values (1012,'test',sysdate);

1 개의 행이 만들어졌습니다.

SQL> insert into ex13 values (1013,'test',sysdate);

1 개의 행이 만들어졌습니다.

SQL> insert into ex13 values (1014,'test',sysdate);

1 개의 행이 만들어졌습니다.

SQL> insert into ex13 values (1015,'test',sysdate);

1 개의 행이 만들어졌습니다.

SQL> insert into ex13 values (1016,'test',sysdate);

1 개의 행이 만들어졌습니다.

SQL> insert into ex13 values (1017,'test',sysdate);

1 개의 행이 만들어졌습니다.

SQL> insert into ex13 values (1018,'test',sysdate);

1 개의 행이 만들어졌습니다.

SQL> insert into ex13 values (1019,'test',sysdate);

1 개의 행이 만들어졌습니다.

SQL> insert into ex13 values (1020,'test',sysdate);

1 개의 행이 만들어졌습니다.

SQL> insert into ex13 values (1021,'test',sysdate);

1 개의 행이 만들어졌습니다.

SQL> insert into ex13 values (1022,'test',sysdate);

1 개의 행이 만들어졌습니다.

SQL> insert into ex13 values (1023,'test',sysdate);

1 개의 행이 만들어졌습니다.

SQL> insert into ex13 values (1024,'test',sysdate);

1 개의 행이 만들어졌습니다.

SQL> insert into ex13 values (1025,'test',sysdate);

1 개의 행이 만들어졌습니다.

SQL> insert into ex13 values (1026,'test',sysdate);

1 개의 행이 만들어졌습니다.

SQL> insert into ex13 values (1027,'test',sysdate);

1 개의 행이 만들어졌습니다.

SQL> insert into ex13 values (1028,'test',sysdate);

1 개의 행이 만들어졌습니다.

SQL> insert into ex13 values (1029,'test',sysdate);

1 개의 행이 만들어졌습니다.

SQL> insert into ex13 values (1030,'test',sysdate);

1 개의 행이 만들어졌습니다.

SQL> insert into ex13 values (1031,'test',sysdate);

1 개의 행이 만들어졌습니다.

SQL> insert into ex13 values (1032,'test',sysdate);

1 개의 행이 만들어졌습니다.

SQL> insert into ex13 values (1033,'test',sysdate);

1 개의 행이 만들어졌습니다.

SQL> insert into ex13 values (1034,'test',sysdate);

1 개의 행이 만들어졌습니다.

SQL> insert into ex13 values (1035,'test',sysdate);

1 개의 행이 만들어졌습니다.

SQL> insert into ex13 values (1036,'test',sysdate);

1 개의 행이 만들어졌습니다.

SQL> insert into ex13 values (1037,'test',sysdate);

1 개의 행이 만들어졌습니다.

SQL> insert into ex13 values (1038,'test',sysdate);

1 개의 행이 만들어졌습니다.

SQL> insert into ex13 values (1039,'test',sysdate);

1 개의 행이 만들어졌습니다.

SQL> insert into ex13 values (1040,'test',sysdate);

1 개의 행이 만들어졌습니다.

SQL> insert into ex13 values (1041,'test',sysdate);

1 개의 행이 만들어졌습니다.

SQL> insert into ex13 values (1042,'test',sysdate);

1 개의 행이 만들어졌습니다.

SQL> insert into ex13 values (1043,'test',sysdate);

1 개의 행이 만들어졌습니다.

SQL> insert into ex13 values (1044,'test',sysdate);

1 개의 행이 만들어졌습니다.

SQL> insert into ex13 values (1045,'test',sysdate);

1 개의 행이 만들어졌습니다.

SQL> insert into ex13 values (1046,'test',sysdate);

1 개의 행이 만들어졌습니다.

SQL> insert into ex13 values (1047,'test',sysdate);

1 개의 행이 만들어졌습니다.

SQL> insert into ex13 values (1048,'test',sysdate);

1 개의 행이 만들어졌습니다.

SQL> insert into ex13 values (1049,'test',sysdate);

1 개의 행이 만들어졌습니다.

SQL> insert into ex13 values (1050,'test',sysdate);

1 개의 행이 만들어졌습니다.

SQL> insert into ex13 values (1051,'test',sysdate);

1 개의 행이 만들어졌습니다.

SQL> insert into ex13 values (1052,'test',sysdate);

1 개의 행이 만들어졌습니다.

SQL> insert into ex13 values (1053,'test',sysdate);

1 개의 행이 만들어졌습니다.

SQL> insert into ex13 values (1054,'test',sysdate);

1 개의 행이 만들어졌습니다.

SQL> insert into ex13 values (1055,'test',sysdate);

1 개의 행이 만들어졌습니다.

SQL> insert into ex13 values (1056,'test',sysdate);

1 개의 행이 만들어졌습니다.

SQL> insert into ex13 values (1057,'test',sysdate);

1 개의 행이 만들어졌습니다.

SQL> insert into ex13 values (1058,'test',sysdate);

1 개의 행이 만들어졌습니다.

SQL> insert into ex13 values (1059,'test',sysdate);

1 개의 행이 만들어졌습니다.

SQL> insert into ex13 values (1060,'test',sysdate);

1 개의 행이 만들어졌습니다.

SQL> insert into ex13 values (1061,'test',sysdate);

1 개의 행이 만들어졌습니다.

SQL> insert into ex13 values (1062,'test',sysdate);

1 개의 행이 만들어졌습니다.

SQL> insert into ex13 values (1063,'test',sysdate);

1 개의 행이 만들어졌습니다.

SQL> insert into ex13 values (1064,'test',sysdate);

1 개의 행이 만들어졌습니다.

SQL> insert into ex13 values (1065,'test',sysdate);

1 개의 행이 만들어졌습니다.

SQL> insert into ex13 values (1066,'test',sysdate);

1 개의 행이 만들어졌습니다.

SQL> insert into ex13 values (1067,'test',sysdate);

1 개의 행이 만들어졌습니다.

SQL> insert into ex13 values (1068,'test',sysdate);

1 개의 행이 만들어졌습니다.

SQL> insert into ex13 values (1069,'test',sysdate);

1 개의 행이 만들어졌습니다.

SQL> insert into ex13 values (1070,'test',sysdate);

1 개의 행이 만들어졌습니다.

SQL> insert into ex13 values (1071,'test',sysdate);

1 개의 행이 만들어졌습니다.

SQL> insert into ex13 values (1072,'test',sysdate);

1 개의 행이 만들어졌습니다.

SQL> insert into ex13 values (1073,'test',sysdate);

1 개의 행이 만들어졌습니다.

SQL> insert into ex13 values (1074,'test',sysdate);

1 개의 행이 만들어졌습니다.

SQL> insert into ex13 values (1075,'test',sysdate);

1 개의 행이 만들어졌습니다.

SQL> insert into ex13 values (1076,'test',sysdate);

1 개의 행이 만들어졌습니다.

SQL> insert into ex13 values (1077,'test',sysdate);

1 개의 행이 만들어졌습니다.

SQL> insert into ex13 values (1078,'test',sysdate);

1 개의 행이 만들어졌습니다.

SQL> insert into ex13 values (1079,'test',sysdate);

1 개의 행이 만들어졌습니다.

SQL> insert into ex13 values (1080,'test',sysdate);

1 개의 행이 만들어졌습니다.

SQL> insert into ex13 values (1081,'test',sysdate);

1 개의 행이 만들어졌습니다.

SQL> insert into ex13 values (1082,'test',sysdate);

1 개의 행이 만들어졌습니다.

SQL> insert into ex13 values (1083,'test',sysdate);

1 개의 행이 만들어졌습니다.

SQL> insert into ex13 values (1084,'test',sysdate);

1 개의 행이 만들어졌습니다.

SQL> insert into ex13 values (1085,'test',sysdate);

1 개의 행이 만들어졌습니다.

SQL> insert into ex13 values (1086,'test',sysdate);

1 개의 행이 만들어졌습니다.

SQL> insert into ex13 values (1087,'test',sysdate);

1 개의 행이 만들어졌습니다.

SQL> insert into ex13 values (1088,'test',sysdate);

1 개의 행이 만들어졌습니다.

SQL> insert into ex13 values (1089,'test',sysdate);

1 개의 행이 만들어졌습니다.

SQL> insert into ex13 values (1090,'test',sysdate);

1 개의 행이 만들어졌습니다.

SQL> insert into ex13 values (1091,'test',sysdate);

1 개의 행이 만들어졌습니다.

SQL> insert into ex13 values (1092,'test',sysdate);

1 개의 행이 만들어졌습니다.

SQL> insert into ex13 values (1093,'test',sysdate);

1 개의 행이 만들어졌습니다.

SQL> insert into ex13 values (1094,'test',sysdate);

1 개의 행이 만들어졌습니다.

SQL> insert into ex13 values (1095,'test',sysdate);

1 개의 행이 만들어졌습니다.

SQL> insert into ex13 values (1096,'test',sysdate);

1 개의 행이 만들어졌습니다.

SQL> insert into ex13 values (1097,'test',sysdate);

1 개의 행이 만들어졌습니다.

SQL> insert into ex13 values (1098,'test',sysdate);

1 개의 행이 만들어졌습니다.

SQL> insert into ex13 values (1099,'test',sysdate);

1 개의 행이 만들어졌습니다.

SQL> insert into ex13 values (1100,'test',sysdate);

1 개의 행이 만들어졌습니다.

SQL> insert into ex13 values (1101,'test',sysdate);

1 개의 행이 만들어졌습니다.

SQL> insert into ex13 values (1102,'test',sysdate);

1 개의 행이 만들어졌습니다.

SQL> insert into ex13 values (1103,'test',sysdate);

1 개의 행이 만들어졌습니다.

SQL> insert into ex13 values (1104,'test',sysdate);

1 개의 행이 만들어졌습니다.

SQL> insert into ex13 values (1105,'test',sysdate);

1 개의 행이 만들어졌습니다.

SQL> insert into ex13 values (1106,'test',sysdate);

1 개의 행이 만들어졌습니다.

SQL> insert into ex13 values (1107,'test',sysdate);

1 개의 행이 만들어졌습니다.

SQL> insert into ex13 values (1108,'test',sysdate);

1 개의 행이 만들어졌습니다.

SQL> insert into ex13 values (1109,'test',sysdate);

1 개의 행이 만들어졌습니다.

SQL> insert into ex13 values (1110,'test',sysdate);

1 개의 행이 만들어졌습니다.

SQL> insert into ex13 values (1111,'test',sysdate);

1 개의 행이 만들어졌습니다.

SQL> insert into ex13 values (1112,'test',sysdate);

1 개의 행이 만들어졌습니다.

SQL> insert into ex13 values (1113,'test',sysdate);

1 개의 행이 만들어졌습니다.

SQL> insert into ex13 values (1114,'test',sysdate);

1 개의 행이 만들어졌습니다.

SQL> insert into ex13 values (1115,'test',sysdate);

1 개의 행이 만들어졌습니다.

SQL> insert into ex13 values (1116,'test',sysdate);

1 개의 행이 만들어졌습니다.

SQL> insert into ex13 values (1117,'test',sysdate);

1 개의 행이 만들어졌습니다.

SQL> insert into ex13 values (1118,'test',sysdate);

1 개의 행이 만들어졌습니다.

SQL> insert into ex13 values (1119,'test',sysdate);

1 개의 행이 만들어졌습니다.

SQL> insert into ex13 values (1120,'test',sysdate);

1 개의 행이 만들어졌습니다.

SQL> insert into ex13 values (1121,'test',sysdate);

1 개의 행이 만들어졌습니다.

SQL> insert into ex13 values (1122,'test',sysdate);

1 개의 행이 만들어졌습니다.

SQL> insert into ex13 values (1123,'test',sysdate);

1 개의 행이 만들어졌습니다.

SQL> insert into ex13 values (1124,'test',sysdate);

1 개의 행이 만들어졌습니다.

SQL> insert into ex13 values (1125,'test',sysdate);

1 개의 행이 만들어졌습니다.

SQL> insert into ex13 values (1126,'test',sysdate);

1 개의 행이 만들어졌습니다.

SQL> insert into ex13 values (1127,'test',sysdate);

1 개의 행이 만들어졌습니다.

SQL> insert into ex13 values (1128,'test',sysdate);

1 개의 행이 만들어졌습니다.

SQL> insert into ex13 values (1129,'test',sysdate);

1 개의 행이 만들어졌습니다.

SQL> insert into ex13 values (1130,'test',sysdate);

1 개의 행이 만들어졌습니다.

SQL> insert into ex13 values (1131,'test',sysdate);

1 개의 행이 만들어졌습니다.

SQL> insert into ex13 values (1132,'test',sysdate);

1 개의 행이 만들어졌습니다.

SQL> insert into ex13 values (1133,'test',sysdate);

1 개의 행이 만들어졌습니다.

SQL> insert into ex13 values (1134,'test',sysdate);

1 개의 행이 만들어졌습니다.

SQL> insert into ex13 values (1135,'test',sysdate);

1 개의 행이 만들어졌습니다.

SQL> insert into ex13 values (1136,'test',sysdate);

1 개의 행이 만들어졌습니다.

SQL> insert into ex13 values (1137,'test',sysdate);

1 개의 행이 만들어졌습니다.

SQL> insert into ex13 values (1138,'test',sysdate);

1 개의 행이 만들어졌습니다.

SQL> insert into ex13 values (1139,'test',sysdate);

1 개의 행이 만들어졌습니다.

SQL> insert into ex13 values (1140,'test',sysdate);

1 개의 행이 만들어졌습니다.

SQL> insert into ex13 values (1141,'test',sysdate);

1 개의 행이 만들어졌습니다.

SQL> insert into ex13 values (1142,'test',sysdate);

1 개의 행이 만들어졌습니다.

SQL> insert into ex13 values (1143,'test',sysdate);

1 개의 행이 만들어졌습니다.

SQL> insert into ex13 values (1144,'test',sysdate);

1 개의 행이 만들어졌습니다.

SQL> insert into ex13 values (1145,'test',sysdate);

1 개의 행이 만들어졌습니다.

SQL> insert into ex13 values (1146,'test',sysdate);

1 개의 행이 만들어졌습니다.

SQL> insert into ex13 values (1147,'test',sysdate);

1 개의 행이 만들어졌습니다.

SQL> insert into ex13 values (1148,'test',sysdate);

1 개의 행이 만들어졌습니다.

SQL> insert into ex13 values (1149,'test',sysdate);

1 개의 행이 만들어졌습니다.

SQL> insert into ex13 values (1150,'test',sysdate);

1 개의 행이 만들어졌습니다.

SQL> insert into ex13 values (1151,'test',sysdate);

1 개의 행이 만들어졌습니다.

SQL> insert into ex13 values (1152,'test',sysdate);

1 개의 행이 만들어졌습니다.

SQL> insert into ex13 values (1153,'test',sysdate);

1 개의 행이 만들어졌습니다.

SQL> insert into ex13 values (1154,'test',sysdate);

1 개의 행이 만들어졌습니다.

SQL> insert into ex13 values (1155,'test',sysdate);

1 개의 행이 만들어졌습니다.

SQL> insert into ex13 values (1156,'test',sysdate);

1 개의 행이 만들어졌습니다.

SQL> insert into ex13 values (1157,'test',sysdate);

1 개의 행이 만들어졌습니다.

SQL> insert into ex13 values (1158,'test',sysdate);

1 개의 행이 만들어졌습니다.

SQL> insert into ex13 values (1159,'test',sysdate);

1 개의 행이 만들어졌습니다.

SQL> insert into ex13 values (1160,'test',sysdate);

1 개의 행이 만들어졌습니다.

SQL> insert into ex13 values (1161,'test',sysdate);

1 개의 행이 만들어졌습니다.

SQL> insert into ex13 values (1162,'test',sysdate);

1 개의 행이 만들어졌습니다.

SQL> insert into ex13 values (1163,'test',sysdate);

1 개의 행이 만들어졌습니다.

SQL> insert into ex13 values (1164,'test',sysdate);

1 개의 행이 만들어졌습니다.

SQL> insert into ex13 values (1165,'test',sysdate);

1 개의 행이 만들어졌습니다.

SQL> insert into ex13 values (1166,'test',sysdate);

1 개의 행이 만들어졌습니다.

SQL> insert into ex13 values (1167,'test',sysdate);

1 개의 행이 만들어졌습니다.

SQL> insert into ex13 values (1168,'test',sysdate);

1 개의 행이 만들어졌습니다.

SQL> insert into ex13 values (1169,'test',sysdate);

1 개의 행이 만들어졌습니다.

SQL> insert into ex13 values (1170,'test',sysdate);

1 개의 행이 만들어졌습니다.

SQL> insert into ex13 values (1171,'test',sysdate);

1 개의 행이 만들어졌습니다.

SQL> insert into ex13 values (1172,'test',sysdate);

1 개의 행이 만들어졌습니다.

SQL> insert into ex13 values (1173,'test',sysdate);

1 개의 행이 만들어졌습니다.

SQL> insert into ex13 values (1174,'test',sysdate);

1 개의 행이 만들어졌습니다.

SQL> insert into ex13 values (1175,'test',sysdate);

1 개의 행이 만들어졌습니다.

SQL> insert into ex13 values (1176,'test',sysdate);

1 개의 행이 만들어졌습니다.

SQL> insert into ex13 values (1177,'test',sysdate);

1 개의 행이 만들어졌습니다.

SQL> insert into ex13 values (1178,'test',sysdate);

1 개의 행이 만들어졌습니다.

SQL> insert into ex13 values (1179,'test',sysdate);

1 개의 행이 만들어졌습니다.

SQL> insert into ex13 values (1180,'test',sysdate);

1 개의 행이 만들어졌습니다.

SQL> insert into ex13 values (1181,'test',sysdate);

1 개의 행이 만들어졌습니다.

SQL> insert into ex13 values (1182,'test',sysdate);

1 개의 행이 만들어졌습니다.

SQL> insert into ex13 values (1183,'test',sysdate);

1 개의 행이 만들어졌습니다.

SQL> insert into ex13 values (1184,'test',sysdate);

1 개의 행이 만들어졌습니다.

SQL> insert into ex13 values (1185,'test',sysdate);

1 개의 행이 만들어졌습니다.

SQL> insert into ex13 values (1186,'test',sysdate);

1 개의 행이 만들어졌습니다.

SQL> insert into ex13 values (1187,'test',sysdate);

1 개의 행이 만들어졌습니다.

SQL> insert into ex13 values (1188,'test',sysdate);

1 개의 행이 만들어졌습니다.

SQL> insert into ex13 values (1189,'test',sysdate);

1 개의 행이 만들어졌습니다.

SQL> insert into ex13 values (1190,'test',sysdate);

1 개의 행이 만들어졌습니다.

SQL> insert into ex13 values (1191,'test',sysdate);

1 개의 행이 만들어졌습니다.

SQL> insert into ex13 values (1192,'test',sysdate);

1 개의 행이 만들어졌습니다.

SQL> insert into ex13 values (1193,'test',sysdate);

1 개의 행이 만들어졌습니다.

SQL> insert into ex13 values (1194,'test',sysdate);

1 개의 행이 만들어졌습니다.

SQL> insert into ex13 values (1195,'test',sysdate);

1 개의 행이 만들어졌습니다.

SQL> insert into ex13 values (1196,'test',sysdate);

1 개의 행이 만들어졌습니다.

SQL> insert into ex13 values (1197,'test',sysdate);

1 개의 행이 만들어졌습니다.

SQL> insert into ex13 values (1198,'test',sysdate);

1 개의 행이 만들어졌습니다.

SQL> insert into ex13 values (1199,'test',sysdate);

1 개의 행이 만들어졌습니다.

SQL> insert into ex13 values (1200,'test',sysdate);

1 개의 행이 만들어졌습니다.

SQL> insert into ex13 values (1201,'test',sysdate);

1 개의 행이 만들어졌습니다.

SQL> insert into ex13 values (1202,'test',sysdate);

1 개의 행이 만들어졌습니다.

SQL> insert into ex13 values (1203,'test',sysdate);

1 개의 행이 만들어졌습니다.

SQL> insert into ex13 values (1204,'test',sysdate);

1 개의 행이 만들어졌습니다.

SQL> insert into ex13 values (1205,'test',sysdate);

1 개의 행이 만들어졌습니다.

SQL> insert into ex13 values (1206,'test',sysdate);

1 개의 행이 만들어졌습니다.

SQL> insert into ex13 values (1207,'test',sysdate);

1 개의 행이 만들어졌습니다.

SQL> insert into ex13 values (1208,'test',sysdate);

1 개의 행이 만들어졌습니다.

SQL> insert into ex13 values (1209,'test',sysdate);

1 개의 행이 만들어졌습니다.

SQL> insert into ex13 values (1210,'test',sysdate);

1 개의 행이 만들어졌습니다.

SQL> insert into ex13 values (1211,'test',sysdate);

1 개의 행이 만들어졌습니다.

SQL> insert into ex13 values (1212,'test',sysdate);

1 개의 행이 만들어졌습니다.

SQL> insert into ex13 values (1213,'test',sysdate);

1 개의 행이 만들어졌습니다.

SQL> insert into ex13 values (1214,'test',sysdate);

1 개의 행이 만들어졌습니다.

SQL> insert into ex13 values (1215,'test',sysdate);

1 개의 행이 만들어졌습니다.

SQL> insert into ex13 values (1216,'test',sysdate);

1 개의 행이 만들어졌습니다.

SQL> insert into ex13 values (1217,'test',sysdate);

1 개의 행이 만들어졌습니다.

SQL> insert into ex13 values (1218,'test',sysdate);

1 개의 행이 만들어졌습니다.

SQL> insert into ex13 values (1219,'test',sysdate);

1 개의 행이 만들어졌습니다.

SQL> insert into ex13 values (1220,'test',sysdate);

1 개의 행이 만들어졌습니다.

SQL> insert into ex13 values (1221,'test',sysdate);

1 개의 행이 만들어졌습니다.

SQL> insert into ex13 values (1222,'test',sysdate);

1 개의 행이 만들어졌습니다.

SQL> insert into ex13 values (1223,'test',sysdate);

1 개의 행이 만들어졌습니다.

SQL> insert into ex13 values (1224,'test',sysdate);

1 개의 행이 만들어졌습니다.

SQL> insert into ex13 values (1225,'test',sysdate);

1 개의 행이 만들어졌습니다.

SQL> insert into ex13 values (1226,'test',sysdate);

1 개의 행이 만들어졌습니다.

SQL> insert into ex13 values (1227,'test',sysdate);

1 개의 행이 만들어졌습니다.

SQL> insert into ex13 values (1228,'test',sysdate);

1 개의 행이 만들어졌습니다.

SQL> insert into ex13 values (1229,'test',sysdate);

1 개의 행이 만들어졌습니다.

SQL> insert into ex13 values (1230,'test',sysdate);

1 개의 행이 만들어졌습니다.

SQL> insert into ex13 values (1231,'test',sysdate);

1 개의 행이 만들어졌습니다.

SQL> insert into ex13 values (1232,'test',sysdate);

1 개의 행이 만들어졌습니다.

SQL> insert into ex13 values (1233,'test',sysdate);

1 개의 행이 만들어졌습니다.

SQL> insert into ex13 values (1234,'test',sysdate);

1 개의 행이 만들어졌습니다.

SQL> insert into ex13 values (1235,'test',sysdate);

1 개의 행이 만들어졌습니다.

SQL> insert into ex13 values (1236,'test',sysdate);

1 개의 행이 만들어졌습니다.

SQL> insert into ex13 values (1237,'test',sysdate);

1 개의 행이 만들어졌습니다.

SQL> insert into ex13 values (1238,'test',sysdate);

1 개의 행이 만들어졌습니다.

SQL> insert into ex13 values (1239,'test',sysdate);

1 개의 행이 만들어졌습니다.

SQL> insert into ex13 values (1240,'test',sysdate);

1 개의 행이 만들어졌습니다.

SQL> insert into ex13 values (1241,'test',sysdate);

1 개의 행이 만들어졌습니다.

SQL> insert into ex13 values (1242,'test',sysdate);

1 개의 행이 만들어졌습니다.

SQL> insert into ex13 values (1243,'test',sysdate);

1 개의 행이 만들어졌습니다.

SQL> insert into ex13 values (1244,'test',sysdate);

1 개의 행이 만들어졌습니다.

SQL> insert into ex13 values (1245,'test',sysdate);

1 개의 행이 만들어졌습니다.

SQL> insert into ex13 values (1246,'test',sysdate);

1 개의 행이 만들어졌습니다.

SQL> insert into ex13 values (1247,'test',sysdate);

1 개의 행이 만들어졌습니다.

SQL> insert into ex13 values (1248,'test',sysdate);

1 개의 행이 만들어졌습니다.

SQL> insert into ex13 values (1249,'test',sysdate);

1 개의 행이 만들어졌습니다.

SQL> insert into ex13 values (1250,'test',sysdate);

1 개의 행이 만들어졌습니다.

SQL> insert into ex13 values (1251,'test',sysdate);

1 개의 행이 만들어졌습니다.

SQL> insert into ex13 values (1252,'test',sysdate);

1 개의 행이 만들어졌습니다.

SQL> insert into ex13 values (1253,'test',sysdate);

1 개의 행이 만들어졌습니다.

SQL> insert into ex13 values (1254,'test',sysdate);

1 개의 행이 만들어졌습니다.

SQL> insert into ex13 values (1255,'test',sysdate);

1 개의 행이 만들어졌습니다.

SQL> insert into ex13 values (1256,'test',sysdate);

1 개의 행이 만들어졌습니다.

SQL> insert into ex13 values (1257,'test',sysdate);

1 개의 행이 만들어졌습니다.

SQL> insert into ex13 values (1258,'test',sysdate);

1 개의 행이 만들어졌습니다.

SQL> insert into ex13 values (1259,'test',sysdate);

1 개의 행이 만들어졌습니다.

SQL> insert into ex13 values (1260,'test',sysdate);

1 개의 행이 만들어졌습니다.

SQL> insert into ex13 values (1261,'test',sysdate);

1 개의 행이 만들어졌습니다.

SQL> insert into ex13 values (1262,'test',sysdate);

1 개의 행이 만들어졌습니다.

SQL> insert into ex13 values (1263,'test',sysdate);

1 개의 행이 만들어졌습니다.

SQL> insert into ex13 values (1264,'test',sysdate);

1 개의 행이 만들어졌습니다.

SQL> insert into ex13 values (1265,'test',sysdate);

1 개의 행이 만들어졌습니다.

SQL> insert into ex13 values (1266,'test',sysdate);

1 개의 행이 만들어졌습니다.

SQL> insert into ex13 values (1267,'test',sysdate);

1 개의 행이 만들어졌습니다.

SQL> insert into ex13 values (1268,'test',sysdate);

1 개의 행이 만들어졌습니다.

SQL> insert into ex13 values (1269,'test',sysdate);

1 개의 행이 만들어졌습니다.

SQL> insert into ex13 values (1270,'test',sysdate);

1 개의 행이 만들어졌습니다.

SQL> insert into ex13 values (1271,'test',sysdate);

1 개의 행이 만들어졌습니다.

SQL> insert into ex13 values (1272,'test',sysdate);

1 개의 행이 만들어졌습니다.

SQL> insert into ex13 values (1273,'test',sysdate);

1 개의 행이 만들어졌습니다.

SQL> insert into ex13 values (1274,'test',sysdate);

1 개의 행이 만들어졌습니다.

SQL> insert into ex13 values (1275,'test',sysdate);

1 개의 행이 만들어졌습니다.

SQL> insert into ex13 values (1276,'test',sysdate);

1 개의 행이 만들어졌습니다.

SQL> insert into ex13 values (1277,'test',sysdate);

1 개의 행이 만들어졌습니다.

SQL> insert into ex13 values (1278,'test',sysdate);

1 개의 행이 만들어졌습니다.

SQL> insert into ex13 values (1279,'test',sysdate);

1 개의 행이 만들어졌습니다.

SQL> insert into ex13 values (1280,'test',sysdate);

1 개의 행이 만들어졌습니다.

SQL> insert into ex13 values (1281,'test',sysdate);

1 개의 행이 만들어졌습니다.

SQL> insert into ex13 values (1282,'test',sysdate);

1 개의 행이 만들어졌습니다.

SQL> insert into ex13 values (1283,'test',sysdate);

1 개의 행이 만들어졌습니다.

SQL> insert into ex13 values (1284,'test',sysdate);

1 개의 행이 만들어졌습니다.

SQL> insert into ex13 values (1285,'test',sysdate);

1 개의 행이 만들어졌습니다.

SQL> insert into ex13 values (1286,'test',sysdate);

1 개의 행이 만들어졌습니다.

SQL> insert into ex13 values (1287,'test',sysdate);

1 개의 행이 만들어졌습니다.

SQL> insert into ex13 values (1288,'test',sysdate);

1 개의 행이 만들어졌습니다.

SQL> insert into ex13 values (1289,'test',sysdate);

1 개의 행이 만들어졌습니다.

SQL> insert into ex13 values (1290,'test',sysdate);

1 개의 행이 만들어졌습니다.

SQL> insert into ex13 values (1291,'test',sysdate);

1 개의 행이 만들어졌습니다.

SQL> insert into ex13 values (1292,'test',sysdate);

1 개의 행이 만들어졌습니다.

SQL> insert into ex13 values (1293,'test',sysdate);

1 개의 행이 만들어졌습니다.

SQL> insert into ex13 values (1294,'test',sysdate);

1 개의 행이 만들어졌습니다.

SQL> insert into ex13 values (1295,'test',sysdate);

1 개의 행이 만들어졌습니다.

SQL> insert into ex13 values (1296,'test',sysdate);

1 개의 행이 만들어졌습니다.

SQL> insert into ex13 values (1297,'test',sysdate);

1 개의 행이 만들어졌습니다.

SQL> insert into ex13 values (1298,'test',sysdate);

1 개의 행이 만들어졌습니다.

SQL> insert into ex13 values (1299,'test',sysdate);

1 개의 행이 만들어졌습니다.

SQL> insert into ex13 values (1300,'test',sysdate);

1 개의 행이 만들어졌습니다.

SQL> insert into ex13 values (1301,'test',sysdate);

1 개의 행이 만들어졌습니다.

SQL> insert into ex13 values (1302,'test',sysdate);

1 개의 행이 만들어졌습니다.

SQL> insert into ex13 values (1303,'test',sysdate);

1 개의 행이 만들어졌습니다.

SQL> insert into ex13 values (1304,'test',sysdate);

1 개의 행이 만들어졌습니다.

SQL> insert into ex13 values (1305,'test',sysdate);

1 개의 행이 만들어졌습니다.

SQL> insert into ex13 values (1306,'test',sysdate);

1 개의 행이 만들어졌습니다.

SQL> insert into ex13 values (1307,'test',sysdate);

1 개의 행이 만들어졌습니다.

SQL> insert into ex13 values (1308,'test',sysdate);

1 개의 행이 만들어졌습니다.

SQL> insert into ex13 values (1309,'test',sysdate);

1 개의 행이 만들어졌습니다.

SQL> insert into ex13 values (1310,'test',sysdate);

1 개의 행이 만들어졌습니다.

SQL> insert into ex13 values (1311,'test',sysdate);

1 개의 행이 만들어졌습니다.

SQL> insert into ex13 values (1312,'test',sysdate);

1 개의 행이 만들어졌습니다.

SQL> insert into ex13 values (1313,'test',sysdate);

1 개의 행이 만들어졌습니다.

SQL> insert into ex13 values (1314,'test',sysdate);

1 개의 행이 만들어졌습니다.

SQL> insert into ex13 values (1315,'test',sysdate);

1 개의 행이 만들어졌습니다.

SQL> insert into ex13 values (1316,'test',sysdate);

1 개의 행이 만들어졌습니다.

SQL> insert into ex13 values (1317,'test',sysdate);

1 개의 행이 만들어졌습니다.

SQL> insert into ex13 values (1318,'test',sysdate);

1 개의 행이 만들어졌습니다.

SQL> insert into ex13 values (1319,'test',sysdate);

1 개의 행이 만들어졌습니다.

SQL> insert into ex13 values (1320,'test',sysdate);

1 개의 행이 만들어졌습니다.

SQL> insert into ex13 values (1321,'test',sysdate);

1 개의 행이 만들어졌습니다.

SQL> insert into ex13 values (1322,'test',sysdate);

1 개의 행이 만들어졌습니다.

SQL> insert into ex13 values (1323,'test',sysdate);

1 개의 행이 만들어졌습니다.

SQL> insert into ex13 values (1324,'test',sysdate);

1 개의 행이 만들어졌습니다.

SQL> insert into ex13 values (1325,'test',sysdate);

1 개의 행이 만들어졌습니다.

SQL> insert into ex13 values (1326,'test',sysdate);

1 개의 행이 만들어졌습니다.

SQL> insert into ex13 values (1327,'test',sysdate);

1 개의 행이 만들어졌습니다.

SQL> insert into ex13 values (1328,'test',sysdate);

1 개의 행이 만들어졌습니다.

SQL> insert into ex13 values (1329,'test',sysdate);

1 개의 행이 만들어졌습니다.

SQL> insert into ex13 values (1330,'test',sysdate);

1 개의 행이 만들어졌습니다.

SQL> insert into ex13 values (1331,'test',sysdate);

1 개의 행이 만들어졌습니다.

SQL> insert into ex13 values (1332,'test',sysdate);

1 개의 행이 만들어졌습니다.

SQL> insert into ex13 values (1333,'test',sysdate);

1 개의 행이 만들어졌습니다.

SQL> insert into ex13 values (1334,'test',sysdate);

1 개의 행이 만들어졌습니다.

SQL> insert into ex13 values (1335,'test',sysdate);

1 개의 행이 만들어졌습니다.

SQL> insert into ex13 values (1336,'test',sysdate);

1 개의 행이 만들어졌습니다.

SQL> insert into ex13 values (1337,'test',sysdate);

1 개의 행이 만들어졌습니다.

SQL> insert into ex13 values (1338,'test',sysdate);

1 개의 행이 만들어졌습니다.

SQL> insert into ex13 values (1339,'test',sysdate);

1 개의 행이 만들어졌습니다.

SQL> insert into ex13 values (1340,'test',sysdate);

1 개의 행이 만들어졌습니다.

SQL> insert into ex13 values (1341,'test',sysdate);

1 개의 행이 만들어졌습니다.

SQL> insert into ex13 values (1342,'test',sysdate);

1 개의 행이 만들어졌습니다.

SQL> insert into ex13 values (1343,'test',sysdate);

1 개의 행이 만들어졌습니다.

SQL> insert into ex13 values (1344,'test',sysdate);

1 개의 행이 만들어졌습니다.

SQL> insert into ex13 values (1345,'test',sysdate);

1 개의 행이 만들어졌습니다.

SQL> insert into ex13 values (1346,'test',sysdate);

1 개의 행이 만들어졌습니다.

SQL> insert into ex13 values (1347,'test',sysdate);

1 개의 행이 만들어졌습니다.

SQL> insert into ex13 values (1348,'test',sysdate);

1 개의 행이 만들어졌습니다.

SQL> insert into ex13 values (1349,'test',sysdate);

1 개의 행이 만들어졌습니다.

SQL> insert into ex13 values (1350,'test',sysdate);

1 개의 행이 만들어졌습니다.

SQL> insert into ex13 values (1351,'test',sysdate);

1 개의 행이 만들어졌습니다.

SQL> insert into ex13 values (1352,'test',sysdate);

1 개의 행이 만들어졌습니다.

SQL> insert into ex13 values (1353,'test',sysdate);

1 개의 행이 만들어졌습니다.

SQL> insert into ex13 values (1354,'test',sysdate);

1 개의 행이 만들어졌습니다.

SQL> insert into ex13 values (1355,'test',sysdate);

1 개의 행이 만들어졌습니다.

SQL> insert into ex13 values (1356,'test',sysdate);

1 개의 행이 만들어졌습니다.

SQL> insert into ex13 values (1357,'test',sysdate);

1 개의 행이 만들어졌습니다.

SQL> insert into ex13 values (1358,'test',sysdate);

1 개의 행이 만들어졌습니다.

SQL> insert into ex13 values (1359,'test',sysdate);

1 개의 행이 만들어졌습니다.

SQL> insert into ex13 values (1360,'test',sysdate);

1 개의 행이 만들어졌습니다.

SQL> insert into ex13 values (1361,'test',sysdate);

1 개의 행이 만들어졌습니다.

SQL> insert into ex13 values (1362,'test',sysdate);

1 개의 행이 만들어졌습니다.

SQL> insert into ex13 values (1363,'test',sysdate);

1 개의 행이 만들어졌습니다.

SQL> insert into ex13 values (1364,'test',sysdate);

1 개의 행이 만들어졌습니다.

SQL> insert into ex13 values (1365,'test',sysdate);

1 개의 행이 만들어졌습니다.

SQL> insert into ex13 values (1366,'test',sysdate);

1 개의 행이 만들어졌습니다.

SQL> insert into ex13 values (1367,'test',sysdate);

1 개의 행이 만들어졌습니다.

SQL> insert into ex13 values (1368,'test',sysdate);

1 개의 행이 만들어졌습니다.

SQL> insert into ex13 values (1369,'test',sysdate);

1 개의 행이 만들어졌습니다.

SQL> insert into ex13 values (1370,'test',sysdate);

1 개의 행이 만들어졌습니다.

SQL> insert into ex13 values (1371,'test',sysdate);

1 개의 행이 만들어졌습니다.

SQL> insert into ex13 values (1372,'test',sysdate);

1 개의 행이 만들어졌습니다.

SQL> insert into ex13 values (1373,'test',sysdate);

1 개의 행이 만들어졌습니다.

SQL> insert into ex13 values (1374,'test',sysdate);

1 개의 행이 만들어졌습니다.

SQL> insert into ex13 values (1375,'test',sysdate);

1 개의 행이 만들어졌습니다.

SQL> insert into ex13 values (1376,'test',sysdate);

1 개의 행이 만들어졌습니다.

SQL> insert into ex13 values (1377,'test',sysdate);

1 개의 행이 만들어졌습니다.

SQL> insert into ex13 values (1378,'test',sysdate);

1 개의 행이 만들어졌습니다.

SQL> insert into ex13 values (1379,'test',sysdate);

1 개의 행이 만들어졌습니다.

SQL> insert into ex13 values (1380,'test',sysdate);

1 개의 행이 만들어졌습니다.

SQL> insert into ex13 values (1381,'test',sysdate);

1 개의 행이 만들어졌습니다.

SQL> insert into ex13 values (1382,'test',sysdate);

1 개의 행이 만들어졌습니다.

SQL> insert into ex13 values (1383,'test',sysdate);

1 개의 행이 만들어졌습니다.

SQL> insert into ex13 values (1384,'test',sysdate);

1 개의 행이 만들어졌습니다.

SQL> insert into ex13 values (1385,'test',sysdate);

1 개의 행이 만들어졌습니다.

SQL> insert into ex13 values (1386,'test',sysdate);

1 개의 행이 만들어졌습니다.

SQL> insert into ex13 values (1387,'test',sysdate);

1 개의 행이 만들어졌습니다.

SQL> insert into ex13 values (1388,'test',sysdate);

1 개의 행이 만들어졌습니다.

SQL> insert into ex13 values (1389,'test',sysdate);

1 개의 행이 만들어졌습니다.

SQL> insert into ex13 values (1390,'test',sysdate);

1 개의 행이 만들어졌습니다.

SQL> insert into ex13 values (1391,'test',sysdate);

1 개의 행이 만들어졌습니다.

SQL> insert into ex13 values (1392,'test',sysdate);

1 개의 행이 만들어졌습니다.

SQL> insert into ex13 values (1393,'test',sysdate);

1 개의 행이 만들어졌습니다.

SQL> insert into ex13 values (1394,'test',sysdate);

1 개의 행이 만들어졌습니다.

SQL> insert into ex13 values (1395,'test',sysdate);

1 개의 행이 만들어졌습니다.

SQL> insert into ex13 values (1396,'test',sysdate);

1 개의 행이 만들어졌습니다.

SQL> insert into ex13 values (1397,'test',sysdate);

1 개의 행이 만들어졌습니다.

SQL> insert into ex13 values (1398,'test',sysdate);

1 개의 행이 만들어졌습니다.

SQL> insert into ex13 values (1399,'test',sysdate);

1 개의 행이 만들어졌습니다.

SQL> insert into ex13 values (1400,'test',sysdate);

1 개의 행이 만들어졌습니다.

SQL> insert into ex13 values (1401,'test',sysdate);

1 개의 행이 만들어졌습니다.

SQL> insert into ex13 values (1402,'test',sysdate);

1 개의 행이 만들어졌습니다.

SQL> insert into ex13 values (1403,'test',sysdate);

1 개의 행이 만들어졌습니다.

SQL> insert into ex13 values (1404,'test',sysdate);

1 개의 행이 만들어졌습니다.

SQL> insert into ex13 values (1405,'test',sysdate);

1 개의 행이 만들어졌습니다.

SQL> insert into ex13 values (1406,'test',sysdate);

1 개의 행이 만들어졌습니다.

SQL> insert into ex13 values (1407,'test',sysdate);

1 개의 행이 만들어졌습니다.

SQL> insert into ex13 values (1408,'test',sysdate);

1 개의 행이 만들어졌습니다.

SQL> insert into ex13 values (1409,'test',sysdate);

1 개의 행이 만들어졌습니다.

SQL> insert into ex13 values (1410,'test',sysdate);

1 개의 행이 만들어졌습니다.

SQL> insert into ex13 values (1411,'test',sysdate);

1 개의 행이 만들어졌습니다.

SQL> insert into ex13 values (1412,'test',sysdate);

1 개의 행이 만들어졌습니다.

SQL> insert into ex13 values (1413,'test',sysdate);

1 개의 행이 만들어졌습니다.

SQL> insert into ex13 values (1414,'test',sysdate);

1 개의 행이 만들어졌습니다.

SQL> insert into ex13 values (1415,'test',sysdate);

1 개의 행이 만들어졌습니다.

SQL> insert into ex13 values (1416,'test',sysdate);

1 개의 행이 만들어졌습니다.

SQL> insert into ex13 values (1417,'test',sysdate);

1 개의 행이 만들어졌습니다.

SQL> insert into ex13 values (1418,'test',sysdate);

1 개의 행이 만들어졌습니다.

SQL> insert into ex13 values (1419,'test',sysdate);

1 개의 행이 만들어졌습니다.

SQL> insert into ex13 values (1420,'test',sysdate);

1 개의 행이 만들어졌습니다.

SQL> insert into ex13 values (1421,'test',sysdate);

1 개의 행이 만들어졌습니다.

SQL> insert into ex13 values (1422,'test',sysdate);

1 개의 행이 만들어졌습니다.

SQL> insert into ex13 values (1423,'test',sysdate);

1 개의 행이 만들어졌습니다.

SQL> insert into ex13 values (1424,'test',sysdate);

1 개의 행이 만들어졌습니다.

SQL> insert into ex13 values (1425,'test',sysdate);

1 개의 행이 만들어졌습니다.

SQL> insert into ex13 values (1426,'test',sysdate);

1 개의 행이 만들어졌습니다.

SQL> insert into ex13 values (1427,'test',sysdate);

1 개의 행이 만들어졌습니다.

SQL> insert into ex13 values (1428,'test',sysdate);

1 개의 행이 만들어졌습니다.

SQL> insert into ex13 values (1429,'test',sysdate);

1 개의 행이 만들어졌습니다.

SQL> insert into ex13 values (1430,'test',sysdate);

1 개의 행이 만들어졌습니다.

SQL> insert into ex13 values (1431,'test',sysdate);

1 개의 행이 만들어졌습니다.

SQL> insert into ex13 values (1432,'test',sysdate);

1 개의 행이 만들어졌습니다.

SQL> insert into ex13 values (1433,'test',sysdate);

1 개의 행이 만들어졌습니다.

SQL> insert into ex13 values (1434,'test',sysdate);

1 개의 행이 만들어졌습니다.

SQL> insert into ex13 values (1435,'test',sysdate);

1 개의 행이 만들어졌습니다.

SQL> insert into ex13 values (1436,'test',sysdate);

1 개의 행이 만들어졌습니다.

SQL> insert into ex13 values (1437,'test',sysdate);

1 개의 행이 만들어졌습니다.

SQL> insert into ex13 values (1438,'test',sysdate);

1 개의 행이 만들어졌습니다.

SQL> insert into ex13 values (1439,'test',sysdate);

1 개의 행이 만들어졌습니다.

SQL> insert into ex13 values (1440,'test',sysdate);

1 개의 행이 만들어졌습니다.

SQL> insert into ex13 values (1441,'test',sysdate);

1 개의 행이 만들어졌습니다.

SQL> insert into ex13 values (1442,'test',sysdate);

1 개의 행이 만들어졌습니다.

SQL> insert into ex13 values (1443,'test',sysdate);

1 개의 행이 만들어졌습니다.

SQL> insert into ex13 values (1444,'test',sysdate);

1 개의 행이 만들어졌습니다.

SQL> insert into ex13 values (1445,'test',sysdate);

1 개의 행이 만들어졌습니다.

SQL> insert into ex13 values (1446,'test',sysdate);

1 개의 행이 만들어졌습니다.

SQL> insert into ex13 values (1447,'test',sysdate);

1 개의 행이 만들어졌습니다.

SQL> insert into ex13 values (1448,'test',sysdate);

1 개의 행이 만들어졌습니다.

SQL> insert into ex13 values (1449,'test',sysdate);

1 개의 행이 만들어졌습니다.

SQL> insert into ex13 values (1450,'test',sysdate);

1 개의 행이 만들어졌습니다.

SQL> insert into ex13 values (1451,'test',sysdate);

1 개의 행이 만들어졌습니다.

SQL> insert into ex13 values (1452,'test',sysdate);

1 개의 행이 만들어졌습니다.

SQL> insert into ex13 values (1453,'test',sysdate);

1 개의 행이 만들어졌습니다.

SQL> insert into ex13 values (1454,'test',sysdate);

1 개의 행이 만들어졌습니다.

SQL> insert into ex13 values (1455,'test',sysdate);

1 개의 행이 만들어졌습니다.

SQL> insert into ex13 values (1456,'test',sysdate);

1 개의 행이 만들어졌습니다.

SQL> insert into ex13 values (1457,'test',sysdate);

1 개의 행이 만들어졌습니다.

SQL> insert into ex13 values (1458,'test',sysdate);

1 개의 행이 만들어졌습니다.

SQL> insert into ex13 values (1459,'test',sysdate);

1 개의 행이 만들어졌습니다.

SQL> insert into ex13 values (1460,'test',sysdate);

1 개의 행이 만들어졌습니다.

SQL> insert into ex13 values (1461,'test',sysdate);

1 개의 행이 만들어졌습니다.

SQL> insert into ex13 values (1462,'test',sysdate);

1 개의 행이 만들어졌습니다.

SQL> insert into ex13 values (1463,'test',sysdate);

1 개의 행이 만들어졌습니다.

SQL> insert into ex13 values (1464,'test',sysdate);

1 개의 행이 만들어졌습니다.

SQL> insert into ex13 values (1465,'test',sysdate);

1 개의 행이 만들어졌습니다.

SQL> insert into ex13 values (1466,'test',sysdate);

1 개의 행이 만들어졌습니다.

SQL> insert into ex13 values (1467,'test',sysdate);

1 개의 행이 만들어졌습니다.

SQL> insert into ex13 values (1468,'test',sysdate);

1 개의 행이 만들어졌습니다.

SQL> insert into ex13 values (1469,'test',sysdate);

1 개의 행이 만들어졌습니다.

SQL> insert into ex13 values (1470,'test',sysdate);

1 개의 행이 만들어졌습니다.

SQL> insert into ex13 values (1471,'test',sysdate);

1 개의 행이 만들어졌습니다.

SQL> insert into ex13 values (1472,'test',sysdate);

1 개의 행이 만들어졌습니다.

SQL> insert into ex13 values (1473,'test',sysdate);

1 개의 행이 만들어졌습니다.

SQL> insert into ex13 values (1474,'test',sysdate);

1 개의 행이 만들어졌습니다.

SQL> insert into ex13 values (1475,'test',sysdate);

1 개의 행이 만들어졌습니다.

SQL> insert into ex13 values (1476,'test',sysdate);

1 개의 행이 만들어졌습니다.

SQL> insert into ex13 values (1477,'test',sysdate);

1 개의 행이 만들어졌습니다.

SQL> insert into ex13 values (1478,'test',sysdate);

1 개의 행이 만들어졌습니다.

SQL> insert into ex13 values (1479,'test',sysdate);

1 개의 행이 만들어졌습니다.

SQL> insert into ex13 values (1480,'test',sysdate);

1 개의 행이 만들어졌습니다.

SQL> insert into ex13 values (1481,'test',sysdate);

1 개의 행이 만들어졌습니다.

SQL> insert into ex13 values (1482,'test',sysdate);

1 개의 행이 만들어졌습니다.

SQL> insert into ex13 values (1483,'test',sysdate);

1 개의 행이 만들어졌습니다.

SQL> insert into ex13 values (1484,'test',sysdate);

1 개의 행이 만들어졌습니다.

SQL> insert into ex13 values (1485,'test',sysdate);

1 개의 행이 만들어졌습니다.

SQL> insert into ex13 values (1486,'test',sysdate);

1 개의 행이 만들어졌습니다.

SQL> insert into ex13 values (1487,'test',sysdate);

1 개의 행이 만들어졌습니다.

SQL> insert into ex13 values (1488,'test',sysdate);

1 개의 행이 만들어졌습니다.

SQL> insert into ex13 values (1489,'test',sysdate);

1 개의 행이 만들어졌습니다.

SQL> insert into ex13 values (1490,'test',sysdate);

1 개의 행이 만들어졌습니다.

SQL> insert into ex13 values (1491,'test',sysdate);

1 개의 행이 만들어졌습니다.

SQL> insert into ex13 values (1492,'test',sysdate);

1 개의 행이 만들어졌습니다.

SQL> insert into ex13 values (1493,'test',sysdate);

1 개의 행이 만들어졌습니다.

SQL> insert into ex13 values (1494,'test',sysdate);

1 개의 행이 만들어졌습니다.

SQL> insert into ex13 values (1495,'test',sysdate);

1 개의 행이 만들어졌습니다.

SQL> insert into ex13 values (1496,'test',sysdate);

1 개의 행이 만들어졌습니다.

SQL> insert into ex13 values (1497,'test',sysdate);

1 개의 행이 만들어졌습니다.

SQL> insert into ex13 values (1498,'test',sysdate);

1 개의 행이 만들어졌습니다.

SQL> insert into ex13 values (1499,'test',sysdate);

1 개의 행이 만들어졌습니다.

SQL> insert into ex13 values (1000,'test',sysdate);

1 개의 행이 만들어졌습니다.

SQL> insert into ex13 values (1001,'test',sysdate);

1 개의 행이 만들어졌습니다.

SQL> insert into ex13 values (1002,'test',sysdate);

1 개의 행이 만들어졌습니다.

SQL> insert into ex13 values (1003,'test',sysdate);

1 개의 행이 만들어졌습니다.

SQL> insert into ex13 values (1004,'test',sysdate);

1 개의 행이 만들어졌습니다.

SQL> insert into ex13 values (1005,'test',sysdate);

1 개의 행이 만들어졌습니다.

SQL> insert into ex13 values (1006,'test',sysdate);

1 개의 행이 만들어졌습니다.

SQL> insert into ex13 values (1007,'test',sysdate);

1 개의 행이 만들어졌습니다.

SQL> insert into ex13 values (1008,'test',sysdate);

1 개의 행이 만들어졌습니다.

SQL> insert into ex13 values (1009,'test',sysdate);

1 개의 행이 만들어졌습니다.

SQL> insert into ex13 values (1010,'test',sysdate);

1 개의 행이 만들어졌습니다.

SQL> insert into ex13 values (1011,'test',sysdate);

1 개의 행이 만들어졌습니다.

SQL> insert into ex13 values (1012,'test',sysdate);

1 개의 행이 만들어졌습니다.

SQL> insert into ex13 values (1013,'test',sysdate);

1 개의 행이 만들어졌습니다.

SQL> insert into ex13 values (1014,'test',sysdate);

1 개의 행이 만들어졌습니다.

SQL> insert into ex13 values (1015,'test',sysdate);

1 개의 행이 만들어졌습니다.

SQL> insert into ex13 values (1016,'test',sysdate);

1 개의 행이 만들어졌습니다.

SQL> insert into ex13 values (1017,'test',sysdate);

1 개의 행이 만들어졌습니다.

SQL> insert into ex13 values (1018,'test',sysdate);

1 개의 행이 만들어졌습니다.

SQL> insert into ex13 values (1019,'test',sysdate);

1 개의 행이 만들어졌습니다.

SQL> insert into ex13 values (1020,'test',sysdate);

1 개의 행이 만들어졌습니다.

SQL> insert into ex13 values (1021,'test',sysdate);

1 개의 행이 만들어졌습니다.

SQL> insert into ex13 values (1022,'test',sysdate);

1 개의 행이 만들어졌습니다.

SQL> insert into ex13 values (1023,'test',sysdate);

1 개의 행이 만들어졌습니다.

SQL> insert into ex13 values (1024,'test',sysdate);

1 개의 행이 만들어졌습니다.

SQL> insert into ex13 values (1025,'test',sysdate);

1 개의 행이 만들어졌습니다.

SQL> insert into ex13 values (1026,'test',sysdate);

1 개의 행이 만들어졌습니다.

SQL> insert into ex13 values (1027,'test',sysdate);

1 개의 행이 만들어졌습니다.

SQL> insert into ex13 values (1028,'test',sysdate);

1 개의 행이 만들어졌습니다.

SQL> insert into ex13 values (1029,'test',sysdate);

1 개의 행이 만들어졌습니다.

SQL> insert into ex13 values (1030,'test',sysdate);

1 개의 행이 만들어졌습니다.

SQL> insert into ex13 values (1031,'test',sysdate);

1 개의 행이 만들어졌습니다.

SQL> insert into ex13 values (1032,'test',sysdate);

1 개의 행이 만들어졌습니다.

SQL> insert into ex13 values (1033,'test',sysdate);

1 개의 행이 만들어졌습니다.

SQL> insert into ex13 values (1034,'test',sysdate);

1 개의 행이 만들어졌습니다.

SQL> insert into ex13 values (1035,'test',sysdate);

1 개의 행이 만들어졌습니다.

SQL> insert into ex13 values (1036,'test',sysdate);

1 개의 행이 만들어졌습니다.

SQL> insert into ex13 values (1037,'test',sysdate);

1 개의 행이 만들어졌습니다.

SQL> insert into ex13 values (1038,'test',sysdate);

1 개의 행이 만들어졌습니다.

SQL> insert into ex13 values (1039,'test',sysdate);

1 개의 행이 만들어졌습니다.

SQL> insert into ex13 values (1040,'test',sysdate);

1 개의 행이 만들어졌습니다.

SQL> insert into ex13 values (1041,'test',sysdate);

1 개의 행이 만들어졌습니다.

SQL> insert into ex13 values (1042,'test',sysdate);

1 개의 행이 만들어졌습니다.

SQL> insert into ex13 values (1043,'test',sysdate);

1 개의 행이 만들어졌습니다.

SQL> insert into ex13 values (1044,'test',sysdate);

1 개의 행이 만들어졌습니다.

SQL> insert into ex13 values (1045,'test',sysdate);

1 개의 행이 만들어졌습니다.

SQL> insert into ex13 values (1046,'test',sysdate);

1 개의 행이 만들어졌습니다.

SQL> insert into ex13 values (1047,'test',sysdate);

1 개의 행이 만들어졌습니다.

SQL> insert into ex13 values (1048,'test',sysdate);

1 개의 행이 만들어졌습니다.

SQL> insert into ex13 values (1049,'test',sysdate);

1 개의 행이 만들어졌습니다.

SQL> insert into ex13 values (1050,'test',sysdate);

1 개의 행이 만들어졌습니다.

SQL> insert into ex13 values (1051,'test',sysdate);

1 개의 행이 만들어졌습니다.

SQL> insert into ex13 values (1052,'test',sysdate);

1 개의 행이 만들어졌습니다.

SQL> insert into ex13 values (1053,'test',sysdate);

1 개의 행이 만들어졌습니다.

SQL> insert into ex13 values (1054,'test',sysdate);

1 개의 행이 만들어졌습니다.

SQL> insert into ex13 values (1055,'test',sysdate);

1 개의 행이 만들어졌습니다.

SQL> insert into ex13 values (1056,'test',sysdate);

1 개의 행이 만들어졌습니다.

SQL> insert into ex13 values (1057,'test',sysdate);

1 개의 행이 만들어졌습니다.

SQL> insert into ex13 values (1058,'test',sysdate);

1 개의 행이 만들어졌습니다.

SQL> insert into ex13 values (1059,'test',sysdate);

1 개의 행이 만들어졌습니다.

SQL> insert into ex13 values (1060,'test',sysdate);

1 개의 행이 만들어졌습니다.

SQL> insert into ex13 values (1061,'test',sysdate);

1 개의 행이 만들어졌습니다.

SQL> insert into ex13 values (1062,'test',sysdate);

1 개의 행이 만들어졌습니다.

SQL> insert into ex13 values (1063,'test',sysdate);

1 개의 행이 만들어졌습니다.

SQL> insert into ex13 values (1064,'test',sysdate);

1 개의 행이 만들어졌습니다.

SQL> insert into ex13 values (1065,'test',sysdate);

1 개의 행이 만들어졌습니다.

SQL> insert into ex13 values (1066,'test',sysdate);

1 개의 행이 만들어졌습니다.

SQL> insert into ex13 values (1067,'test',sysdate);

1 개의 행이 만들어졌습니다.

SQL> insert into ex13 values (1068,'test',sysdate);

1 개의 행이 만들어졌습니다.

SQL> insert into ex13 values (1069,'test',sysdate);

1 개의 행이 만들어졌습니다.

SQL> insert into ex13 values (1070,'test',sysdate);

1 개의 행이 만들어졌습니다.

SQL> insert into ex13 values (1071,'test',sysdate);

1 개의 행이 만들어졌습니다.

SQL> insert into ex13 values (1072,'test',sysdate);

1 개의 행이 만들어졌습니다.

SQL> insert into ex13 values (1073,'test',sysdate);

1 개의 행이 만들어졌습니다.

SQL> insert into ex13 values (1074,'test',sysdate);

1 개의 행이 만들어졌습니다.

SQL> insert into ex13 values (1075,'test',sysdate);

1 개의 행이 만들어졌습니다.

SQL> insert into ex13 values (1076,'test',sysdate);

1 개의 행이 만들어졌습니다.

SQL> insert into ex13 values (1077,'test',sysdate);

1 개의 행이 만들어졌습니다.

SQL> insert into ex13 values (1078,'test',sysdate);

1 개의 행이 만들어졌습니다.

SQL> insert into ex13 values (1079,'test',sysdate);

1 개의 행이 만들어졌습니다.

SQL> insert into ex13 values (1080,'test',sysdate);

1 개의 행이 만들어졌습니다.

SQL> insert into ex13 values (1081,'test',sysdate);

1 개의 행이 만들어졌습니다.

SQL> insert into ex13 values (1082,'test',sysdate);

1 개의 행이 만들어졌습니다.

SQL> insert into ex13 values (1083,'test',sysdate);

1 개의 행이 만들어졌습니다.

SQL> insert into ex13 values (1084,'test',sysdate);

1 개의 행이 만들어졌습니다.

SQL> insert into ex13 values (1085,'test',sysdate);

1 개의 행이 만들어졌습니다.

SQL> insert into ex13 values (1086,'test',sysdate);

1 개의 행이 만들어졌습니다.

SQL> insert into ex13 values (1087,'test',sysdate);

1 개의 행이 만들어졌습니다.

SQL> insert into ex13 values (1088,'test',sysdate);

1 개의 행이 만들어졌습니다.

SQL> insert into ex13 values (1089,'test',sysdate);

1 개의 행이 만들어졌습니다.

SQL> insert into ex13 values (1090,'test',sysdate);

1 개의 행이 만들어졌습니다.

SQL> insert into ex13 values (1091,'test',sysdate);

1 개의 행이 만들어졌습니다.

SQL> insert into ex13 values (1092,'test',sysdate);

1 개의 행이 만들어졌습니다.

SQL> insert into ex13 values (1093,'test',sysdate);

1 개의 행이 만들어졌습니다.

SQL> insert into ex13 values (1094,'test',sysdate);

1 개의 행이 만들어졌습니다.

SQL> insert into ex13 values (1095,'test',sysdate);

1 개의 행이 만들어졌습니다.

SQL> insert into ex13 values (1096,'test',sysdate);

1 개의 행이 만들어졌습니다.

SQL> insert into ex13 values (1097,'test',sysdate);

1 개의 행이 만들어졌습니다.

SQL> insert into ex13 values (1098,'test',sysdate);

1 개의 행이 만들어졌습니다.

SQL> insert into ex13 values (1099,'test',sysdate);

1 개의 행이 만들어졌습니다.

SQL> insert into ex13 values (1100,'test',sysdate);

1 개의 행이 만들어졌습니다.

SQL> insert into ex13 values (1101,'test',sysdate);

1 개의 행이 만들어졌습니다.

SQL> insert into ex13 values (1102,'test',sysdate);

1 개의 행이 만들어졌습니다.

SQL> insert into ex13 values (1103,'test',sysdate);

1 개의 행이 만들어졌습니다.

SQL> insert into ex13 values (1104,'test',sysdate);

1 개의 행이 만들어졌습니다.

SQL> insert into ex13 values (1105,'test',sysdate);

1 개의 행이 만들어졌습니다.

SQL> insert into ex13 values (1106,'test',sysdate);

1 개의 행이 만들어졌습니다.

SQL> insert into ex13 values (1107,'test',sysdate);

1 개의 행이 만들어졌습니다.

SQL> insert into ex13 values (1108,'test',sysdate);

1 개의 행이 만들어졌습니다.

SQL> insert into ex13 values (1109,'test',sysdate);

1 개의 행이 만들어졌습니다.

SQL> insert into ex13 values (1110,'test',sysdate);

1 개의 행이 만들어졌습니다.

SQL> insert into ex13 values (1111,'test',sysdate);

1 개의 행이 만들어졌습니다.

SQL> insert into ex13 values (1112,'test',sysdate);

1 개의 행이 만들어졌습니다.

SQL> insert into ex13 values (1113,'test',sysdate);

1 개의 행이 만들어졌습니다.

SQL> insert into ex13 values (1114,'test',sysdate);

1 개의 행이 만들어졌습니다.

SQL> insert into ex13 values (1115,'test',sysdate);

1 개의 행이 만들어졌습니다.

SQL> insert into ex13 values (1116,'test',sysdate);

1 개의 행이 만들어졌습니다.

SQL> insert into ex13 values (1117,'test',sysdate);

1 개의 행이 만들어졌습니다.

SQL> insert into ex13 values (1118,'test',sysdate);

1 개의 행이 만들어졌습니다.

SQL> insert into ex13 values (1119,'test',sysdate);

1 개의 행이 만들어졌습니다.

SQL> insert into ex13 values (1120,'test',sysdate);

1 개의 행이 만들어졌습니다.

SQL> insert into ex13 values (1121,'test',sysdate);

1 개의 행이 만들어졌습니다.

SQL> insert into ex13 values (1122,'test',sysdate);

1 개의 행이 만들어졌습니다.

SQL> insert into ex13 values (1123,'test',sysdate);

1 개의 행이 만들어졌습니다.

SQL> insert into ex13 values (1124,'test',sysdate);

1 개의 행이 만들어졌습니다.

SQL> insert into ex13 values (1125,'test',sysdate);

1 개의 행이 만들어졌습니다.

SQL> insert into ex13 values (1126,'test',sysdate);

1 개의 행이 만들어졌습니다.

SQL> insert into ex13 values (1127,'test',sysdate);

1 개의 행이 만들어졌습니다.

SQL> insert into ex13 values (1128,'test',sysdate);

1 개의 행이 만들어졌습니다.

SQL> insert into ex13 values (1129,'test',sysdate);

1 개의 행이 만들어졌습니다.

SQL> insert into ex13 values (1130,'test',sysdate);

1 개의 행이 만들어졌습니다.

SQL> insert into ex13 values (1131,'test',sysdate);

1 개의 행이 만들어졌습니다.

SQL> insert into ex13 values (1132,'test',sysdate);

1 개의 행이 만들어졌습니다.

SQL> insert into ex13 values (1133,'test',sysdate);

1 개의 행이 만들어졌습니다.

SQL> insert into ex13 values (1134,'test',sysdate);

1 개의 행이 만들어졌습니다.

SQL> insert into ex13 values (1135,'test',sysdate);

1 개의 행이 만들어졌습니다.

SQL> insert into ex13 values (1136,'test',sysdate);

1 개의 행이 만들어졌습니다.

SQL> insert into ex13 values (1137,'test',sysdate);

1 개의 행이 만들어졌습니다.

SQL> insert into ex13 values (1138,'test',sysdate);

1 개의 행이 만들어졌습니다.

SQL> insert into ex13 values (1139,'test',sysdate);

1 개의 행이 만들어졌습니다.

SQL> insert into ex13 values (1140,'test',sysdate);

1 개의 행이 만들어졌습니다.

SQL> insert into ex13 values (1141,'test',sysdate);

1 개의 행이 만들어졌습니다.

SQL> insert into ex13 values (1142,'test',sysdate);

1 개의 행이 만들어졌습니다.

SQL> insert into ex13 values (1143,'test',sysdate);

1 개의 행이 만들어졌습니다.

SQL> insert into ex13 values (1144,'test',sysdate);

1 개의 행이 만들어졌습니다.

SQL> insert into ex13 values (1145,'test',sysdate);

1 개의 행이 만들어졌습니다.

SQL> insert into ex13 values (1146,'test',sysdate);

1 개의 행이 만들어졌습니다.

SQL> insert into ex13 values (1147,'test',sysdate);

1 개의 행이 만들어졌습니다.

SQL> insert into ex13 values (1148,'test',sysdate);

1 개의 행이 만들어졌습니다.

SQL> insert into ex13 values (1149,'test',sysdate);

1 개의 행이 만들어졌습니다.

SQL> insert into ex13 values (1150,'test',sysdate);

1 개의 행이 만들어졌습니다.

SQL> insert into ex13 values (1151,'test',sysdate);

1 개의 행이 만들어졌습니다.

SQL> insert into ex13 values (1152,'test',sysdate);

1 개의 행이 만들어졌습니다.

SQL> insert into ex13 values (1153,'test',sysdate);

1 개의 행이 만들어졌습니다.

SQL> insert into ex13 values (1154,'test',sysdate);

1 개의 행이 만들어졌습니다.

SQL> insert into ex13 values (1155,'test',sysdate);

1 개의 행이 만들어졌습니다.

SQL> insert into ex13 values (1156,'test',sysdate);

1 개의 행이 만들어졌습니다.

SQL> insert into ex13 values (1157,'test',sysdate);

1 개의 행이 만들어졌습니다.

SQL> insert into ex13 values (1158,'test',sysdate);

1 개의 행이 만들어졌습니다.

SQL> insert into ex13 values (1159,'test',sysdate);

1 개의 행이 만들어졌습니다.

SQL> insert into ex13 values (1160,'test',sysdate);

1 개의 행이 만들어졌습니다.

SQL> insert into ex13 values (1161,'test',sysdate);

1 개의 행이 만들어졌습니다.

SQL> insert into ex13 values (1162,'test',sysdate);

1 개의 행이 만들어졌습니다.

SQL> insert into ex13 values (1163,'test',sysdate);

1 개의 행이 만들어졌습니다.

SQL> insert into ex13 values (1164,'test',sysdate);

1 개의 행이 만들어졌습니다.

SQL> insert into ex13 values (1165,'test',sysdate);

1 개의 행이 만들어졌습니다.

SQL> insert into ex13 values (1166,'test',sysdate);

1 개의 행이 만들어졌습니다.

SQL> insert into ex13 values (1167,'test',sysdate);

1 개의 행이 만들어졌습니다.

SQL> insert into ex13 values (1168,'test',sysdate);

1 개의 행이 만들어졌습니다.

SQL> insert into ex13 values (1169,'test',sysdate);

1 개의 행이 만들어졌습니다.

SQL> insert into ex13 values (1170,'test',sysdate);

1 개의 행이 만들어졌습니다.

SQL> insert into ex13 values (1171,'test',sysdate);

1 개의 행이 만들어졌습니다.

SQL> insert into ex13 values (1172,'test',sysdate);

1 개의 행이 만들어졌습니다.

SQL> insert into ex13 values (1173,'test',sysdate);

1 개의 행이 만들어졌습니다.

SQL> insert into ex13 values (1174,'test',sysdate);

1 개의 행이 만들어졌습니다.

SQL> insert into ex13 values (1175,'test',sysdate);

1 개의 행이 만들어졌습니다.

SQL> insert into ex13 values (1176,'test',sysdate);

1 개의 행이 만들어졌습니다.

SQL> insert into ex13 values (1177,'test',sysdate);

1 개의 행이 만들어졌습니다.

SQL> insert into ex13 values (1178,'test',sysdate);

1 개의 행이 만들어졌습니다.

SQL> insert into ex13 values (1179,'test',sysdate);

1 개의 행이 만들어졌습니다.

SQL> insert into ex13 values (1180,'test',sysdate);

1 개의 행이 만들어졌습니다.

SQL> insert into ex13 values (1181,'test',sysdate);

1 개의 행이 만들어졌습니다.

SQL> insert into ex13 values (1182,'test',sysdate);

1 개의 행이 만들어졌습니다.

SQL> insert into ex13 values (1183,'test',sysdate);

1 개의 행이 만들어졌습니다.

SQL> insert into ex13 values (1184,'test',sysdate);

1 개의 행이 만들어졌습니다.

SQL> insert into ex13 values (1185,'test',sysdate);

1 개의 행이 만들어졌습니다.

SQL> insert into ex13 values (1186,'test',sysdate);

1 개의 행이 만들어졌습니다.

SQL> insert into ex13 values (1187,'test',sysdate);

1 개의 행이 만들어졌습니다.

SQL> insert into ex13 values (1188,'test',sysdate);

1 개의 행이 만들어졌습니다.

SQL> insert into ex13 values (1189,'test',sysdate);

1 개의 행이 만들어졌습니다.

SQL> insert into ex13 values (1190,'test',sysdate);

1 개의 행이 만들어졌습니다.

SQL> insert into ex13 values (1191,'test',sysdate);

1 개의 행이 만들어졌습니다.

SQL> insert into ex13 values (1192,'test',sysdate);

1 개의 행이 만들어졌습니다.

SQL> insert into ex13 values (1193,'test',sysdate);

1 개의 행이 만들어졌습니다.

SQL> insert into ex13 values (1194,'test',sysdate);

1 개의 행이 만들어졌습니다.

SQL> insert into ex13 values (1195,'test',sysdate);

1 개의 행이 만들어졌습니다.

SQL> insert into ex13 values (1196,'test',sysdate);

1 개의 행이 만들어졌습니다.

SQL> insert into ex13 values (1197,'test',sysdate);

1 개의 행이 만들어졌습니다.

SQL> insert into ex13 values (1198,'test',sysdate);

1 개의 행이 만들어졌습니다.

SQL> insert into ex13 values (1199,'test',sysdate);

1 개의 행이 만들어졌습니다.

SQL> insert into ex13 values (1200,'test',sysdate);

1 개의 행이 만들어졌습니다.

SQL> insert into ex13 values (1201,'test',sysdate);

1 개의 행이 만들어졌습니다.

SQL> insert into ex13 values (1202,'test',sysdate);

1 개의 행이 만들어졌습니다.

SQL> insert into ex13 values (1203,'test',sysdate);

1 개의 행이 만들어졌습니다.

SQL> insert into ex13 values (1204,'test',sysdate);

1 개의 행이 만들어졌습니다.

SQL> insert into ex13 values (1205,'test',sysdate);

1 개의 행이 만들어졌습니다.

SQL> insert into ex13 values (1206,'test',sysdate);

1 개의 행이 만들어졌습니다.

SQL> insert into ex13 values (1207,'test',sysdate);

1 개의 행이 만들어졌습니다.

SQL> insert into ex13 values (1208,'test',sysdate);

1 개의 행이 만들어졌습니다.

SQL> insert into ex13 values (1209,'test',sysdate);

1 개의 행이 만들어졌습니다.

SQL> insert into ex13 values (1210,'test',sysdate);

1 개의 행이 만들어졌습니다.

SQL> insert into ex13 values (1211,'test',sysdate);

1 개의 행이 만들어졌습니다.

SQL> insert into ex13 values (1212,'test',sysdate);

1 개의 행이 만들어졌습니다.

SQL> insert into ex13 values (1213,'test',sysdate);

1 개의 행이 만들어졌습니다.

SQL> insert into ex13 values (1214,'test',sysdate);

1 개의 행이 만들어졌습니다.

SQL> insert into ex13 values (1215,'test',sysdate);

1 개의 행이 만들어졌습니다.

SQL> insert into ex13 values (1216,'test',sysdate);

1 개의 행이 만들어졌습니다.

SQL> insert into ex13 values (1217,'test',sysdate);

1 개의 행이 만들어졌습니다.

SQL> insert into ex13 values (1218,'test',sysdate);

1 개의 행이 만들어졌습니다.

SQL> insert into ex13 values (1219,'test',sysdate);

1 개의 행이 만들어졌습니다.

SQL> insert into ex13 values (1220,'test',sysdate);

1 개의 행이 만들어졌습니다.

SQL> insert into ex13 values (1221,'test',sysdate);

1 개의 행이 만들어졌습니다.

SQL> insert into ex13 values (1222,'test',sysdate);

1 개의 행이 만들어졌습니다.

SQL> insert into ex13 values (1223,'test',sysdate);

1 개의 행이 만들어졌습니다.

SQL> insert into ex13 values (1224,'test',sysdate);

1 개의 행이 만들어졌습니다.

SQL> insert into ex13 values (1225,'test',sysdate);

1 개의 행이 만들어졌습니다.

SQL> insert into ex13 values (1226,'test',sysdate);

1 개의 행이 만들어졌습니다.

SQL> insert into ex13 values (1227,'test',sysdate);

1 개의 행이 만들어졌습니다.

SQL> insert into ex13 values (1228,'test',sysdate);

1 개의 행이 만들어졌습니다.

SQL> insert into ex13 values (1229,'test',sysdate);

1 개의 행이 만들어졌습니다.

SQL> insert into ex13 values (1230,'test',sysdate);

1 개의 행이 만들어졌습니다.

SQL> insert into ex13 values (1231,'test',sysdate);

1 개의 행이 만들어졌습니다.

SQL> insert into ex13 values (1232,'test',sysdate);

1 개의 행이 만들어졌습니다.

SQL> insert into ex13 values (1233,'test',sysdate);

1 개의 행이 만들어졌습니다.

SQL> insert into ex13 values (1234,'test',sysdate);

1 개의 행이 만들어졌습니다.

SQL> insert into ex13 values (1235,'test',sysdate);

1 개의 행이 만들어졌습니다.

SQL> insert into ex13 values (1236,'test',sysdate);

1 개의 행이 만들어졌습니다.

SQL> insert into ex13 values (1237,'test',sysdate);

1 개의 행이 만들어졌습니다.

SQL> insert into ex13 values (1238,'test',sysdate);

1 개의 행이 만들어졌습니다.

SQL> insert into ex13 values (1239,'test',sysdate);

1 개의 행이 만들어졌습니다.

SQL> insert into ex13 values (1240,'test',sysdate);

1 개의 행이 만들어졌습니다.

SQL> insert into ex13 values (1241,'test',sysdate);

1 개의 행이 만들어졌습니다.

SQL> insert into ex13 values (1242,'test',sysdate);

1 개의 행이 만들어졌습니다.

SQL> insert into ex13 values (1243,'test',sysdate);

1 개의 행이 만들어졌습니다.

SQL> insert into ex13 values (1244,'test',sysdate);

1 개의 행이 만들어졌습니다.

SQL> insert into ex13 values (1245,'test',sysdate);

1 개의 행이 만들어졌습니다.

SQL> insert into ex13 values (1246,'test',sysdate);

1 개의 행이 만들어졌습니다.

SQL> insert into ex13 values (1247,'test',sysdate);

1 개의 행이 만들어졌습니다.

SQL> insert into ex13 values (1248,'test',sysdate);

1 개의 행이 만들어졌습니다.

SQL> insert into ex13 values (1249,'test',sysdate);

1 개의 행이 만들어졌습니다.

SQL> insert into ex13 values (1250,'test',sysdate);

1 개의 행이 만들어졌습니다.

SQL> insert into ex13 values (1251,'test',sysdate);

1 개의 행이 만들어졌습니다.

SQL> insert into ex13 values (1252,'test',sysdate);

1 개의 행이 만들어졌습니다.

SQL> insert into ex13 values (1253,'test',sysdate);

1 개의 행이 만들어졌습니다.

SQL> insert into ex13 values (1254,'test',sysdate);

1 개의 행이 만들어졌습니다.

SQL> insert into ex13 values (1255,'test',sysdate);

1 개의 행이 만들어졌습니다.

SQL> insert into ex13 values (1256,'test',sysdate);

1 개의 행이 만들어졌습니다.

SQL> insert into ex13 values (1257,'test',sysdate);

1 개의 행이 만들어졌습니다.

SQL> insert into ex13 values (1258,'test',sysdate);

1 개의 행이 만들어졌습니다.

SQL> insert into ex13 values (1259,'test',sysdate);

1 개의 행이 만들어졌습니다.

SQL> insert into ex13 values (1260,'test',sysdate);

1 개의 행이 만들어졌습니다.

SQL> insert into ex13 values (1261,'test',sysdate);

1 개의 행이 만들어졌습니다.

SQL> insert into ex13 values (1262,'test',sysdate);

1 개의 행이 만들어졌습니다.

SQL> insert into ex13 values (1263,'test',sysdate);

1 개의 행이 만들어졌습니다.

SQL> insert into ex13 values (1264,'test',sysdate);

1 개의 행이 만들어졌습니다.

SQL> insert into ex13 values (1265,'test',sysdate);

1 개의 행이 만들어졌습니다.

SQL> insert into ex13 values (1266,'test',sysdate);

1 개의 행이 만들어졌습니다.

SQL> insert into ex13 values (1267,'test',sysdate);

1 개의 행이 만들어졌습니다.

SQL> insert into ex13 values (1268,'test',sysdate);

1 개의 행이 만들어졌습니다.

SQL> insert into ex13 values (1269,'test',sysdate);

1 개의 행이 만들어졌습니다.

SQL> insert into ex13 values (1270,'test',sysdate);

1 개의 행이 만들어졌습니다.

SQL> insert into ex13 values (1271,'test',sysdate);

1 개의 행이 만들어졌습니다.

SQL> insert into ex13 values (1272,'test',sysdate);

1 개의 행이 만들어졌습니다.

SQL> insert into ex13 values (1273,'test',sysdate);

1 개의 행이 만들어졌습니다.

SQL> insert into ex13 values (1274,'test',sysdate);

1 개의 행이 만들어졌습니다.

SQL> insert into ex13 values (1275,'test',sysdate);

1 개의 행이 만들어졌습니다.

SQL> insert into ex13 values (1276,'test',sysdate);

1 개의 행이 만들어졌습니다.

SQL> insert into ex13 values (1277,'test',sysdate);

1 개의 행이 만들어졌습니다.

SQL> insert into ex13 values (1278,'test',sysdate);

1 개의 행이 만들어졌습니다.

SQL> insert into ex13 values (1279,'test',sysdate);

1 개의 행이 만들어졌습니다.

SQL> insert into ex13 values (1280,'test',sysdate);

1 개의 행이 만들어졌습니다.

SQL> insert into ex13 values (1281,'test',sysdate);

1 개의 행이 만들어졌습니다.

SQL> insert into ex13 values (1282,'test',sysdate);

1 개의 행이 만들어졌습니다.

SQL> insert into ex13 values (1283,'test',sysdate);

1 개의 행이 만들어졌습니다.

SQL> insert into ex13 values (1284,'test',sysdate);

1 개의 행이 만들어졌습니다.

SQL> insert into ex13 values (1285,'test',sysdate);

1 개의 행이 만들어졌습니다.

SQL> insert into ex13 values (1286,'test',sysdate);

1 개의 행이 만들어졌습니다.

SQL> insert into ex13 values (1287,'test',sysdate);

1 개의 행이 만들어졌습니다.

SQL> insert into ex13 values (1288,'test',sysdate);

1 개의 행이 만들어졌습니다.

SQL> insert into ex13 values (1289,'test',sysdate);

1 개의 행이 만들어졌습니다.

SQL> insert into ex13 values (1290,'test',sysdate);

1 개의 행이 만들어졌습니다.

SQL> insert into ex13 values (1291,'test',sysdate);

1 개의 행이 만들어졌습니다.

SQL> insert into ex13 values (1292,'test',sysdate);

1 개의 행이 만들어졌습니다.

SQL> insert into ex13 values (1293,'test',sysdate);

1 개의 행이 만들어졌습니다.

SQL> insert into ex13 values (1294,'test',sysdate);

1 개의 행이 만들어졌습니다.

SQL> insert into ex13 values (1295,'test',sysdate);

1 개의 행이 만들어졌습니다.

SQL> insert into ex13 values (1296,'test',sysdate);

1 개의 행이 만들어졌습니다.

SQL> insert into ex13 values (1297,'test',sysdate);

1 개의 행이 만들어졌습니다.

SQL> insert into ex13 values (1298,'test',sysdate);

1 개의 행이 만들어졌습니다.

SQL> insert into ex13 values (1299,'test',sysdate);

1 개의 행이 만들어졌습니다.

SQL> insert into ex13 values (1300,'test',sysdate);

1 개의 행이 만들어졌습니다.

SQL> insert into ex13 values (1301,'test',sysdate);

1 개의 행이 만들어졌습니다.

SQL> insert into ex13 values (1302,'test',sysdate);

1 개의 행이 만들어졌습니다.

SQL> insert into ex13 values (1303,'test',sysdate);

1 개의 행이 만들어졌습니다.

SQL> insert into ex13 values (1304,'test',sysdate);

1 개의 행이 만들어졌습니다.

SQL> insert into ex13 values (1305,'test',sysdate);

1 개의 행이 만들어졌습니다.

SQL> insert into ex13 values (1306,'test',sysdate);

1 개의 행이 만들어졌습니다.

SQL> insert into ex13 values (1307,'test',sysdate);

1 개의 행이 만들어졌습니다.

SQL> insert into ex13 values (1308,'test',sysdate);

1 개의 행이 만들어졌습니다.

SQL> insert into ex13 values (1309,'test',sysdate);

1 개의 행이 만들어졌습니다.

SQL> insert into ex13 values (1310,'test',sysdate);

1 개의 행이 만들어졌습니다.

SQL> insert into ex13 values (1311,'test',sysdate);

1 개의 행이 만들어졌습니다.

SQL> insert into ex13 values (1312,'test',sysdate);

1 개의 행이 만들어졌습니다.

SQL> insert into ex13 values (1313,'test',sysdate);

1 개의 행이 만들어졌습니다.

SQL> insert into ex13 values (1314,'test',sysdate);

1 개의 행이 만들어졌습니다.

SQL> insert into ex13 values (1315,'test',sysdate);

1 개의 행이 만들어졌습니다.

SQL> insert into ex13 values (1316,'test',sysdate);

1 개의 행이 만들어졌습니다.

SQL> insert into ex13 values (1317,'test',sysdate);

1 개의 행이 만들어졌습니다.

SQL> insert into ex13 values (1318,'test',sysdate);

1 개의 행이 만들어졌습니다.

SQL> insert into ex13 values (1319,'test',sysdate);

1 개의 행이 만들어졌습니다.

SQL> insert into ex13 values (1320,'test',sysdate);

1 개의 행이 만들어졌습니다.

SQL> insert into ex13 values (1321,'test',sysdate);

1 개의 행이 만들어졌습니다.

SQL> insert into ex13 values (1322,'test',sysdate);

1 개의 행이 만들어졌습니다.

SQL> insert into ex13 values (1323,'test',sysdate);

1 개의 행이 만들어졌습니다.

SQL> insert into ex13 values (1324,'test',sysdate);

1 개의 행이 만들어졌습니다.

SQL> insert into ex13 values (1325,'test',sysdate);

1 개의 행이 만들어졌습니다.

SQL> insert into ex13 values (1326,'test',sysdate);

1 개의 행이 만들어졌습니다.

SQL> insert into ex13 values (1327,'test',sysdate);

1 개의 행이 만들어졌습니다.

SQL> insert into ex13 values (1328,'test',sysdate);

1 개의 행이 만들어졌습니다.

SQL> insert into ex13 values (1329,'test',sysdate);

1 개의 행이 만들어졌습니다.

SQL> insert into ex13 values (1330,'test',sysdate);

1 개의 행이 만들어졌습니다.

SQL> insert into ex13 values (1331,'test',sysdate);

1 개의 행이 만들어졌습니다.

SQL> insert into ex13 values (1332,'test',sysdate);

1 개의 행이 만들어졌습니다.

SQL> insert into ex13 values (1333,'test',sysdate);

1 개의 행이 만들어졌습니다.

SQL> insert into ex13 values (1334,'test',sysdate);

1 개의 행이 만들어졌습니다.

SQL> insert into ex13 values (1335,'test',sysdate);

1 개의 행이 만들어졌습니다.

SQL> insert into ex13 values (1336,'test',sysdate);

1 개의 행이 만들어졌습니다.

SQL> insert into ex13 values (1337,'test',sysdate);

1 개의 행이 만들어졌습니다.

SQL> insert into ex13 values (1338,'test',sysdate);

1 개의 행이 만들어졌습니다.

SQL> insert into ex13 values (1339,'test',sysdate);

1 개의 행이 만들어졌습니다.

SQL> insert into ex13 values (1340,'test',sysdate);

1 개의 행이 만들어졌습니다.

SQL> insert into ex13 values (1341,'test',sysdate);

1 개의 행이 만들어졌습니다.

SQL> insert into ex13 values (1342,'test',sysdate);

1 개의 행이 만들어졌습니다.

SQL> insert into ex13 values (1343,'test',sysdate);

1 개의 행이 만들어졌습니다.

SQL> insert into ex13 values (1344,'test',sysdate);

1 개의 행이 만들어졌습니다.

SQL> insert into ex13 values (1345,'test',sysdate);

1 개의 행이 만들어졌습니다.

SQL> insert into ex13 values (1346,'test',sysdate);

1 개의 행이 만들어졌습니다.

SQL> insert into ex13 values (1347,'test',sysdate);

1 개의 행이 만들어졌습니다.

SQL> insert into ex13 values (1348,'test',sysdate);

1 개의 행이 만들어졌습니다.

SQL> insert into ex13 values (1349,'test',sysdate);

1 개의 행이 만들어졌습니다.

SQL> insert into ex13 values (1350,'test',sysdate);

1 개의 행이 만들어졌습니다.

SQL> insert into ex13 values (1351,'test',sysdate);

1 개의 행이 만들어졌습니다.

SQL> insert into ex13 values (1352,'test',sysdate);

1 개의 행이 만들어졌습니다.

SQL> insert into ex13 values (1353,'test',sysdate);

1 개의 행이 만들어졌습니다.

SQL> insert into ex13 values (1354,'test',sysdate);

1 개의 행이 만들어졌습니다.

SQL> insert into ex13 values (1355,'test',sysdate);

1 개의 행이 만들어졌습니다.

SQL> insert into ex13 values (1356,'test',sysdate);

1 개의 행이 만들어졌습니다.

SQL> insert into ex13 values (1357,'test',sysdate);

1 개의 행이 만들어졌습니다.

SQL> insert into ex13 values (1358,'test',sysdate);

1 개의 행이 만들어졌습니다.

SQL> insert into ex13 values (1359,'test',sysdate);

1 개의 행이 만들어졌습니다.

SQL> insert into ex13 values (1360,'test',sysdate);

1 개의 행이 만들어졌습니다.

SQL> insert into ex13 values (1361,'test',sysdate);

1 개의 행이 만들어졌습니다.

SQL> insert into ex13 values (1362,'test',sysdate);

1 개의 행이 만들어졌습니다.

SQL> insert into ex13 values (1363,'test',sysdate);

1 개의 행이 만들어졌습니다.

SQL> insert into ex13 values (1364,'test',sysdate);

1 개의 행이 만들어졌습니다.

SQL> insert into ex13 values (1365,'test',sysdate);

1 개의 행이 만들어졌습니다.

SQL> insert into ex13 values (1366,'test',sysdate);

1 개의 행이 만들어졌습니다.

SQL> insert into ex13 values (1367,'test',sysdate);

1 개의 행이 만들어졌습니다.

SQL> insert into ex13 values (1368,'test',sysdate);

1 개의 행이 만들어졌습니다.

SQL> insert into ex13 values (1369,'test',sysdate);

1 개의 행이 만들어졌습니다.

SQL> insert into ex13 values (1370,'test',sysdate);

1 개의 행이 만들어졌습니다.

SQL> insert into ex13 values (1371,'test',sysdate);

1 개의 행이 만들어졌습니다.

SQL> insert into ex13 values (1372,'test',sysdate);

1 개의 행이 만들어졌습니다.

SQL> insert into ex13 values (1373,'test',sysdate);

1 개의 행이 만들어졌습니다.

SQL> insert into ex13 values (1374,'test',sysdate);

1 개의 행이 만들어졌습니다.

SQL> insert into ex13 values (1375,'test',sysdate);

1 개의 행이 만들어졌습니다.

SQL> insert into ex13 values (1376,'test',sysdate);

1 개의 행이 만들어졌습니다.

SQL> insert into ex13 values (1377,'test',sysdate);

1 개의 행이 만들어졌습니다.

SQL> insert into ex13 values (1378,'test',sysdate);

1 개의 행이 만들어졌습니다.

SQL> insert into ex13 values (1379,'test',sysdate);

1 개의 행이 만들어졌습니다.

SQL> insert into ex13 values (1380,'test',sysdate);

1 개의 행이 만들어졌습니다.

SQL> insert into ex13 values (1381,'test',sysdate);

1 개의 행이 만들어졌습니다.

SQL> insert into ex13 values (1382,'test',sysdate);

1 개의 행이 만들어졌습니다.

SQL> insert into ex13 values (1383,'test',sysdate);

1 개의 행이 만들어졌습니다.

SQL> insert into ex13 values (1384,'test',sysdate);

1 개의 행이 만들어졌습니다.

SQL> insert into ex13 values (1385,'test',sysdate);

1 개의 행이 만들어졌습니다.

SQL> insert into ex13 values (1386,'test',sysdate);

1 개의 행이 만들어졌습니다.

SQL> insert into ex13 values (1387,'test',sysdate);

1 개의 행이 만들어졌습니다.

SQL> insert into ex13 values (1388,'test',sysdate);

1 개의 행이 만들어졌습니다.

SQL> insert into ex13 values (1389,'test',sysdate);

1 개의 행이 만들어졌습니다.

SQL> insert into ex13 values (1390,'test',sysdate);

1 개의 행이 만들어졌습니다.

SQL> insert into ex13 values (1391,'test',sysdate);

1 개의 행이 만들어졌습니다.

SQL> insert into ex13 values (1392,'test',sysdate);

1 개의 행이 만들어졌습니다.

SQL> insert into ex13 values (1393,'test',sysdate);

1 개의 행이 만들어졌습니다.

SQL> insert into ex13 values (1394,'test',sysdate);

1 개의 행이 만들어졌습니다.

SQL> insert into ex13 values (1395,'test',sysdate);

1 개의 행이 만들어졌습니다.

SQL> insert into ex13 values (1396,'test',sysdate);

1 개의 행이 만들어졌습니다.

SQL> insert into ex13 values (1397,'test',sysdate);

1 개의 행이 만들어졌습니다.

SQL> insert into ex13 values (1398,'test',sysdate);

1 개의 행이 만들어졌습니다.

SQL> insert into ex13 values (1399,'test',sysdate);

1 개의 행이 만들어졌습니다.

SQL> insert into ex13 values (1400,'test',sysdate);

1 개의 행이 만들어졌습니다.

SQL> insert into ex13 values (1401,'test',sysdate);

1 개의 행이 만들어졌습니다.

SQL> insert into ex13 values (1402,'test',sysdate);

1 개의 행이 만들어졌습니다.

SQL> insert into ex13 values (1403,'test',sysdate);

1 개의 행이 만들어졌습니다.

SQL> insert into ex13 values (1404,'test',sysdate);

1 개의 행이 만들어졌습니다.

SQL> insert into ex13 values (1405,'test',sysdate);

1 개의 행이 만들어졌습니다.

SQL> insert into ex13 values (1406,'test',sysdate);

1 개의 행이 만들어졌습니다.

SQL> insert into ex13 values (1407,'test',sysdate);

1 개의 행이 만들어졌습니다.

SQL> insert into ex13 values (1408,'test',sysdate);

1 개의 행이 만들어졌습니다.

SQL> insert into ex13 values (1409,'test',sysdate);

1 개의 행이 만들어졌습니다.

SQL> insert into ex13 values (1410,'test',sysdate);

1 개의 행이 만들어졌습니다.

SQL> insert into ex13 values (1411,'test',sysdate);

1 개의 행이 만들어졌습니다.

SQL> insert into ex13 values (1412,'test',sysdate);

1 개의 행이 만들어졌습니다.

SQL> insert into ex13 values (1413,'test',sysdate);

1 개의 행이 만들어졌습니다.

SQL> insert into ex13 values (1414,'test',sysdate);

1 개의 행이 만들어졌습니다.

SQL> insert into ex13 values (1415,'test',sysdate);

1 개의 행이 만들어졌습니다.

SQL> insert into ex13 values (1416,'test',sysdate);

1 개의 행이 만들어졌습니다.

SQL> insert into ex13 values (1417,'test',sysdate);

1 개의 행이 만들어졌습니다.

SQL> insert into ex13 values (1418,'test',sysdate);

1 개의 행이 만들어졌습니다.

SQL> insert into ex13 values (1419,'test',sysdate);

1 개의 행이 만들어졌습니다.

SQL> insert into ex13 values (1420,'test',sysdate);

1 개의 행이 만들어졌습니다.

SQL> insert into ex13 values (1421,'test',sysdate);

1 개의 행이 만들어졌습니다.

SQL> insert into ex13 values (1422,'test',sysdate);

1 개의 행이 만들어졌습니다.

SQL> insert into ex13 values (1423,'test',sysdate);

1 개의 행이 만들어졌습니다.

SQL> insert into ex13 values (1424,'test',sysdate);

1 개의 행이 만들어졌습니다.

SQL> insert into ex13 values (1425,'test',sysdate);

1 개의 행이 만들어졌습니다.

SQL> insert into ex13 values (1426,'test',sysdate);

1 개의 행이 만들어졌습니다.

SQL> insert into ex13 values (1427,'test',sysdate);

1 개의 행이 만들어졌습니다.

SQL> insert into ex13 values (1428,'test',sysdate);

1 개의 행이 만들어졌습니다.

SQL> insert into ex13 values (1429,'test',sysdate);

1 개의 행이 만들어졌습니다.

SQL> insert into ex13 values (1430,'test',sysdate);

1 개의 행이 만들어졌습니다.

SQL> insert into ex13 values (1431,'test',sysdate);

1 개의 행이 만들어졌습니다.

SQL> insert into ex13 values (1432,'test',sysdate);

1 개의 행이 만들어졌습니다.

SQL> insert into ex13 values (1433,'test',sysdate);

1 개의 행이 만들어졌습니다.

SQL> insert into ex13 values (1434,'test',sysdate);

1 개의 행이 만들어졌습니다.

SQL> insert into ex13 values (1435,'test',sysdate);

1 개의 행이 만들어졌습니다.

SQL> insert into ex13 values (1436,'test',sysdate);

1 개의 행이 만들어졌습니다.

SQL> insert into ex13 values (1437,'test',sysdate);

1 개의 행이 만들어졌습니다.

SQL> insert into ex13 values (1438,'test',sysdate);

1 개의 행이 만들어졌습니다.

SQL> insert into ex13 values (1439,'test',sysdate);

1 개의 행이 만들어졌습니다.

SQL> insert into ex13 values (1440,'test',sysdate);

1 개의 행이 만들어졌습니다.

SQL> insert into ex13 values (1441,'test',sysdate);

1 개의 행이 만들어졌습니다.

SQL> insert into ex13 values (1442,'test',sysdate);

1 개의 행이 만들어졌습니다.

SQL> insert into ex13 values (1443,'test',sysdate);

1 개의 행이 만들어졌습니다.

SQL> insert into ex13 values (1444,'test',sysdate);

1 개의 행이 만들어졌습니다.

SQL> insert into ex13 values (1445,'test',sysdate);

1 개의 행이 만들어졌습니다.

SQL> insert into ex13 values (1446,'test',sysdate);

1 개의 행이 만들어졌습니다.

SQL> insert into ex13 values (1447,'test',sysdate);

1 개의 행이 만들어졌습니다.

SQL> insert into ex13 values (1448,'test',sysdate);

1 개의 행이 만들어졌습니다.

SQL> insert into ex13 values (1449,'test',sysdate);

1 개의 행이 만들어졌습니다.

SQL> insert into ex13 values (1450,'test',sysdate);

1 개의 행이 만들어졌습니다.

SQL> insert into ex13 values (1451,'test',sysdate);

1 개의 행이 만들어졌습니다.

SQL> insert into ex13 values (1452,'test',sysdate);

1 개의 행이 만들어졌습니다.

SQL> insert into ex13 values (1453,'test',sysdate);

1 개의 행이 만들어졌습니다.

SQL> insert into ex13 values (1454,'test',sysdate);

1 개의 행이 만들어졌습니다.

SQL> insert into ex13 values (1455,'test',sysdate);

1 개의 행이 만들어졌습니다.

SQL> insert into ex13 values (1456,'test',sysdate);

1 개의 행이 만들어졌습니다.

SQL> insert into ex13 values (1457,'test',sysdate);

1 개의 행이 만들어졌습니다.

SQL> insert into ex13 values (1458,'test',sysdate);

1 개의 행이 만들어졌습니다.

SQL> insert into ex13 values (1459,'test',sysdate);

1 개의 행이 만들어졌습니다.

SQL> insert into ex13 values (1460,'test',sysdate);

1 개의 행이 만들어졌습니다.

SQL> insert into ex13 values (1461,'test',sysdate);

1 개의 행이 만들어졌습니다.

SQL> insert into ex13 values (1462,'test',sysdate);

1 개의 행이 만들어졌습니다.

SQL> insert into ex13 values (1463,'test',sysdate);

1 개의 행이 만들어졌습니다.

SQL> insert into ex13 values (1464,'test',sysdate);

1 개의 행이 만들어졌습니다.

SQL> insert into ex13 values (1465,'test',sysdate);

1 개의 행이 만들어졌습니다.

SQL> insert into ex13 values (1466,'test',sysdate);

1 개의 행이 만들어졌습니다.

SQL> insert into ex13 values (1467,'test',sysdate);

1 개의 행이 만들어졌습니다.

SQL> insert into ex13 values (1468,'test',sysdate);

1 개의 행이 만들어졌습니다.

SQL> insert into ex13 values (1469,'test',sysdate);

1 개의 행이 만들어졌습니다.

SQL> insert into ex13 values (1470,'test',sysdate);

1 개의 행이 만들어졌습니다.

SQL> insert into ex13 values (1471,'test',sysdate);

1 개의 행이 만들어졌습니다.

SQL> insert into ex13 values (1472,'test',sysdate);

1 개의 행이 만들어졌습니다.

SQL> insert into ex13 values (1473,'test',sysdate);

1 개의 행이 만들어졌습니다.

SQL> insert into ex13 values (1474,'test',sysdate);

1 개의 행이 만들어졌습니다.

SQL> insert into ex13 values (1475,'test',sysdate);

1 개의 행이 만들어졌습니다.

SQL> insert into ex13 values (1476,'test',sysdate);

1 개의 행이 만들어졌습니다.

SQL> insert into ex13 values (1477,'test',sysdate);

1 개의 행이 만들어졌습니다.

SQL> insert into ex13 values (1478,'test',sysdate);

1 개의 행이 만들어졌습니다.

SQL> insert into ex13 values (1479,'test',sysdate);

1 개의 행이 만들어졌습니다.

SQL> insert into ex13 values (1480,'test',sysdate);

1 개의 행이 만들어졌습니다.

SQL> insert into ex13 values (1481,'test',sysdate);

1 개의 행이 만들어졌습니다.

SQL> insert into ex13 values (1482,'test',sysdate);

1 개의 행이 만들어졌습니다.

SQL> insert into ex13 values (1483,'test',sysdate);

1 개의 행이 만들어졌습니다.

SQL> insert into ex13 values (1484,'test',sysdate);

1 개의 행이 만들어졌습니다.

SQL> insert into ex13 values (1485,'test',sysdate);

1 개의 행이 만들어졌습니다.

SQL> insert into ex13 values (1486,'test',sysdate);

1 개의 행이 만들어졌습니다.

SQL> insert into ex13 values (1487,'test',sysdate);

1 개의 행이 만들어졌습니다.

SQL> insert into ex13 values (1488,'test',sysdate);

1 개의 행이 만들어졌습니다.

SQL> insert into ex13 values (1489,'test',sysdate);

1 개의 행이 만들어졌습니다.

SQL> insert into ex13 values (1490,'test',sysdate);

1 개의 행이 만들어졌습니다.

SQL> insert into ex13 values (1491,'test',sysdate);

1 개의 행이 만들어졌습니다.

SQL> insert into ex13 values (1492,'test',sysdate);

1 개의 행이 만들어졌습니다.

SQL> insert into ex13 values (1493,'test',sysdate);

1 개의 행이 만들어졌습니다.

SQL> insert into ex13 values (1494,'test',sysdate);

1 개의 행이 만들어졌습니다.

SQL> insert into ex13 values (1495,'test',sysdate);

1 개의 행이 만들어졌습니다.

SQL> insert into ex13 values (1496,'test',sysdate);

1 개의 행이 만들어졌습니다.

SQL> insert into ex13 values (1497,'test',sysdate);

1 개의 행이 만들어졌습니다.

SQL> insert into ex13 values (1498,'test',sysdate);

1 개의 행이 만들어졌습니다.

SQL> insert into ex13 values (1499,'test',sysdate);

1 개의 행이 만들어졌습니다.

SQL> delete from ex13;

2000 행이 삭제되었습니다.

SQL> insert into ex13 values (1000,'test',sysdate);

1 개의 행이 만들어졌습니다.

SQL> insert into ex13 values (1001,'test',sysdate);

1 개의 행이 만들어졌습니다.

SQL> insert into ex13 values (1002,'test',sysdate);

1 개의 행이 만들어졌습니다.

SQL> insert into ex13 values (1003,'test',sysdate);

1 개의 행이 만들어졌습니다.

SQL> insert into ex13 values (1004,'test',sysdate);

1 개의 행이 만들어졌습니다.

SQL> insert into ex13 values (1005,'test',sysdate);

1 개의 행이 만들어졌습니다.

SQL> insert into ex13 values (1006,'test',sysdate);

1 개의 행이 만들어졌습니다.

SQL> insert into ex13 values (1007,'test',sysdate);

1 개의 행이 만들어졌습니다.

SQL> insert into ex13 values (1008,'test',sysdate);

1 개의 행이 만들어졌습니다.

SQL> insert into ex13 values (1009,'test',sysdate);

1 개의 행이 만들어졌습니다.

SQL> insert into ex13 values (1010,'test',sysdate);

1 개의 행이 만들어졌습니다.

SQL> insert into ex13 values (1011,'test',sysdate);

1 개의 행이 만들어졌습니다.

SQL> insert into ex13 values (1012,'test',sysdate);

1 개의 행이 만들어졌습니다.

SQL> insert into ex13 values (1013,'test',sysdate);

1 개의 행이 만들어졌습니다.

SQL> insert into ex13 values (1014,'test',sysdate);

1 개의 행이 만들어졌습니다.

SQL> insert into ex13 values (1015,'test',sysdate);

1 개의 행이 만들어졌습니다.

SQL> insert into ex13 values (1016,'test',sysdate);

1 개의 행이 만들어졌습니다.

SQL> insert into ex13 values (1017,'test',sysdate);

1 개의 행이 만들어졌습니다.

SQL> insert into ex13 values (1018,'test',sysdate);

1 개의 행이 만들어졌습니다.

SQL> insert into ex13 values (1019,'test',sysdate);

1 개의 행이 만들어졌습니다.

SQL> insert into ex13 values (1020,'test',sysdate);

1 개의 행이 만들어졌습니다.

SQL> insert into ex13 values (1021,'test',sysdate);

1 개의 행이 만들어졌습니다.

SQL> insert into ex13 values (1022,'test',sysdate);

1 개의 행이 만들어졌습니다.

SQL> insert into ex13 values (1023,'test',sysdate);

1 개의 행이 만들어졌습니다.

SQL> insert into ex13 values (1024,'test',sysdate);

1 개의 행이 만들어졌습니다.

SQL> insert into ex13 values (1025,'test',sysdate);

1 개의 행이 만들어졌습니다.

SQL> insert into ex13 values (1026,'test',sysdate);

1 개의 행이 만들어졌습니다.

SQL> insert into ex13 values (1027,'test',sysdate);

1 개의 행이 만들어졌습니다.

SQL> insert into ex13 values (1028,'test',sysdate);

1 개의 행이 만들어졌습니다.

SQL> insert into ex13 values (1029,'test',sysdate);

1 개의 행이 만들어졌습니다.

SQL> insert into ex13 values (1030,'test',sysdate);

1 개의 행이 만들어졌습니다.

SQL> insert into ex13 values (1031,'test',sysdate);

1 개의 행이 만들어졌습니다.

SQL> insert into ex13 values (1032,'test',sysdate);

1 개의 행이 만들어졌습니다.

SQL> insert into ex13 values (1033,'test',sysdate);

1 개의 행이 만들어졌습니다.

SQL> insert into ex13 values (1034,'test',sysdate);

1 개의 행이 만들어졌습니다.

SQL> insert into ex13 values (1035,'test',sysdate);

1 개의 행이 만들어졌습니다.

SQL> insert into ex13 values (1036,'test',sysdate);

1 개의 행이 만들어졌습니다.

SQL> insert into ex13 values (1037,'test',sysdate);

1 개의 행이 만들어졌습니다.

SQL> insert into ex13 values (1038,'test',sysdate);

1 개의 행이 만들어졌습니다.

SQL> insert into ex13 values (1039,'test',sysdate);

1 개의 행이 만들어졌습니다.

SQL> insert into ex13 values (1040,'test',sysdate);

1 개의 행이 만들어졌습니다.

SQL> insert into ex13 values (1041,'test',sysdate);

1 개의 행이 만들어졌습니다.

SQL> insert into ex13 values (1042,'test',sysdate);

1 개의 행이 만들어졌습니다.

SQL> insert into ex13 values (1043,'test',sysdate);

1 개의 행이 만들어졌습니다.

SQL> insert into ex13 values (1044,'test',sysdate);

1 개의 행이 만들어졌습니다.

SQL> insert into ex13 values (1045,'test',sysdate);

1 개의 행이 만들어졌습니다.

SQL> insert into ex13 values (1046,'test',sysdate);

1 개의 행이 만들어졌습니다.

SQL> insert into ex13 values (1047,'test',sysdate);

1 개의 행이 만들어졌습니다.

SQL> insert into ex13 values (1048,'test',sysdate);

1 개의 행이 만들어졌습니다.

SQL> insert into ex13 values (1049,'test',sysdate);

1 개의 행이 만들어졌습니다.

SQL> insert into ex13 values (1050,'test',sysdate);

1 개의 행이 만들어졌습니다.

SQL> insert into ex13 values (1051,'test',sysdate);

1 개의 행이 만들어졌습니다.

SQL> insert into ex13 values (1052,'test',sysdate);

1 개의 행이 만들어졌습니다.

SQL> insert into ex13 values (1053,'test',sysdate);

1 개의 행이 만들어졌습니다.

SQL> insert into ex13 values (1054,'test',sysdate);

1 개의 행이 만들어졌습니다.

SQL> insert into ex13 values (1055,'test',sysdate);

1 개의 행이 만들어졌습니다.

SQL> insert into ex13 values (1056,'test',sysdate);

1 개의 행이 만들어졌습니다.

SQL> insert into ex13 values (1057,'test',sysdate);

1 개의 행이 만들어졌습니다.

SQL> insert into ex13 values (1058,'test',sysdate);

1 개의 행이 만들어졌습니다.

SQL> insert into ex13 values (1059,'test',sysdate);

1 개의 행이 만들어졌습니다.

SQL> insert into ex13 values (1060,'test',sysdate);

1 개의 행이 만들어졌습니다.

SQL> insert into ex13 values (1061,'test',sysdate);

1 개의 행이 만들어졌습니다.

SQL> insert into ex13 values (1062,'test',sysdate);

1 개의 행이 만들어졌습니다.

SQL> insert into ex13 values (1063,'test',sysdate);

1 개의 행이 만들어졌습니다.

SQL> insert into ex13 values (1064,'test',sysdate);

1 개의 행이 만들어졌습니다.

SQL> insert into ex13 values (1065,'test',sysdate);

1 개의 행이 만들어졌습니다.

SQL> insert into ex13 values (1066,'test',sysdate);

1 개의 행이 만들어졌습니다.

SQL> insert into ex13 values (1067,'test',sysdate);

1 개의 행이 만들어졌습니다.

SQL> insert into ex13 values (1068,'test',sysdate);

1 개의 행이 만들어졌습니다.

SQL> insert into ex13 values (1069,'test',sysdate);

1 개의 행이 만들어졌습니다.

SQL> insert into ex13 values (1070,'test',sysdate);

1 개의 행이 만들어졌습니다.

SQL> insert into ex13 values (1071,'test',sysdate);

1 개의 행이 만들어졌습니다.

SQL> insert into ex13 values (1072,'test',sysdate);

1 개의 행이 만들어졌습니다.

SQL> insert into ex13 values (1073,'test',sysdate);

1 개의 행이 만들어졌습니다.

SQL> insert into ex13 values (1074,'test',sysdate);

1 개의 행이 만들어졌습니다.

SQL> insert into ex13 values (1075,'test',sysdate);

1 개의 행이 만들어졌습니다.

SQL> insert into ex13 values (1076,'test',sysdate);

1 개의 행이 만들어졌습니다.

SQL> insert into ex13 values (1077,'test',sysdate);

1 개의 행이 만들어졌습니다.

SQL> insert into ex13 values (1078,'test',sysdate);

1 개의 행이 만들어졌습니다.

SQL> insert into ex13 values (1079,'test',sysdate);

1 개의 행이 만들어졌습니다.

SQL> insert into ex13 values (1080,'test',sysdate);

1 개의 행이 만들어졌습니다.

SQL> insert into ex13 values (1081,'test',sysdate);

1 개의 행이 만들어졌습니다.

SQL> insert into ex13 values (1082,'test',sysdate);

1 개의 행이 만들어졌습니다.

SQL> insert into ex13 values (1083,'test',sysdate);

1 개의 행이 만들어졌습니다.

SQL> insert into ex13 values (1084,'test',sysdate);

1 개의 행이 만들어졌습니다.

SQL> insert into ex13 values (1085,'test',sysdate);

1 개의 행이 만들어졌습니다.

SQL> insert into ex13 values (1086,'test',sysdate);

1 개의 행이 만들어졌습니다.

SQL> insert into ex13 values (1087,'test',sysdate);

1 개의 행이 만들어졌습니다.

SQL> insert into ex13 values (1088,'test',sysdate);

1 개의 행이 만들어졌습니다.

SQL> insert into ex13 values (1089,'test',sysdate);

1 개의 행이 만들어졌습니다.

SQL> insert into ex13 values (1090,'test',sysdate);

1 개의 행이 만들어졌습니다.

SQL> insert into ex13 values (1091,'test',sysdate);

1 개의 행이 만들어졌습니다.

SQL> insert into ex13 values (1092,'test',sysdate);

1 개의 행이 만들어졌습니다.

SQL> insert into ex13 values (1093,'test',sysdate);

1 개의 행이 만들어졌습니다.

SQL> insert into ex13 values (1094,'test',sysdate);

1 개의 행이 만들어졌습니다.

SQL> insert into ex13 values (1095,'test',sysdate);

1 개의 행이 만들어졌습니다.

SQL> insert into ex13 values (1096,'test',sysdate);

1 개의 행이 만들어졌습니다.

SQL> insert into ex13 values (1097,'test',sysdate);

1 개의 행이 만들어졌습니다.

SQL> insert into ex13 values (1098,'test',sysdate);

1 개의 행이 만들어졌습니다.

SQL> insert into ex13 values (1099,'test',sysdate);

1 개의 행이 만들어졌습니다.

SQL> insert into ex13 values (1100,'test',sysdate);

1 개의 행이 만들어졌습니다.

SQL> insert into ex13 values (1101,'test',sysdate);

1 개의 행이 만들어졌습니다.

SQL> insert into ex13 values (1102,'test',sysdate);

1 개의 행이 만들어졌습니다.

SQL> insert into ex13 values (1103,'test',sysdate);

1 개의 행이 만들어졌습니다.

SQL> insert into ex13 values (1104,'test',sysdate);

1 개의 행이 만들어졌습니다.

SQL> insert into ex13 values (1105,'test',sysdate);

1 개의 행이 만들어졌습니다.

SQL> insert into ex13 values (1106,'test',sysdate);

1 개의 행이 만들어졌습니다.

SQL> insert into ex13 values (1107,'test',sysdate);

1 개의 행이 만들어졌습니다.

SQL> insert into ex13 values (1108,'test',sysdate);

1 개의 행이 만들어졌습니다.

SQL> insert into ex13 values (1109,'test',sysdate);

1 개의 행이 만들어졌습니다.

SQL> insert into ex13 values (1110,'test',sysdate);

1 개의 행이 만들어졌습니다.

SQL> insert into ex13 values (1111,'test',sysdate);

1 개의 행이 만들어졌습니다.

SQL> insert into ex13 values (1112,'test',sysdate);

1 개의 행이 만들어졌습니다.

SQL> insert into ex13 values (1113,'test',sysdate);

1 개의 행이 만들어졌습니다.

SQL> insert into ex13 values (1114,'test',sysdate);

1 개의 행이 만들어졌습니다.

SQL> insert into ex13 values (1115,'test',sysdate);

1 개의 행이 만들어졌습니다.

SQL> insert into ex13 values (1116,'test',sysdate);

1 개의 행이 만들어졌습니다.

SQL> insert into ex13 values (1117,'test',sysdate);

1 개의 행이 만들어졌습니다.

SQL> insert into ex13 values (1118,'test',sysdate);

1 개의 행이 만들어졌습니다.

SQL> insert into ex13 values (1119,'test',sysdate);

1 개의 행이 만들어졌습니다.

SQL> insert into ex13 values (1120,'test',sysdate);

1 개의 행이 만들어졌습니다.

SQL> insert into ex13 values (1121,'test',sysdate);

1 개의 행이 만들어졌습니다.

SQL> insert into ex13 values (1122,'test',sysdate);

1 개의 행이 만들어졌습니다.

SQL> insert into ex13 values (1123,'test',sysdate);

1 개의 행이 만들어졌습니다.

SQL> insert into ex13 values (1124,'test',sysdate);

1 개의 행이 만들어졌습니다.

SQL> insert into ex13 values (1125,'test',sysdate);

1 개의 행이 만들어졌습니다.

SQL> insert into ex13 values (1126,'test',sysdate);

1 개의 행이 만들어졌습니다.

SQL> insert into ex13 values (1127,'test',sysdate);

1 개의 행이 만들어졌습니다.

SQL> insert into ex13 values (1128,'test',sysdate);

1 개의 행이 만들어졌습니다.

SQL> insert into ex13 values (1129,'test',sysdate);

1 개의 행이 만들어졌습니다.

SQL> insert into ex13 values (1130,'test',sysdate);

1 개의 행이 만들어졌습니다.

SQL> insert into ex13 values (1131,'test',sysdate);

1 개의 행이 만들어졌습니다.

SQL> insert into ex13 values (1132,'test',sysdate);

1 개의 행이 만들어졌습니다.

SQL> insert into ex13 values (1133,'test',sysdate);

1 개의 행이 만들어졌습니다.

SQL> insert into ex13 values (1134,'test',sysdate);

1 개의 행이 만들어졌습니다.

SQL> insert into ex13 values (1135,'test',sysdate);

1 개의 행이 만들어졌습니다.

SQL> insert into ex13 values (1136,'test',sysdate);

1 개의 행이 만들어졌습니다.

SQL> insert into ex13 values (1137,'test',sysdate);

1 개의 행이 만들어졌습니다.

SQL> insert into ex13 values (1138,'test',sysdate);

1 개의 행이 만들어졌습니다.

SQL> insert into ex13 values (1139,'test',sysdate);

1 개의 행이 만들어졌습니다.

SQL> insert into ex13 values (1140,'test',sysdate);

1 개의 행이 만들어졌습니다.

SQL> insert into ex13 values (1141,'test',sysdate);

1 개의 행이 만들어졌습니다.

SQL> insert into ex13 values (1142,'test',sysdate);

1 개의 행이 만들어졌습니다.

SQL> insert into ex13 values (1143,'test',sysdate);

1 개의 행이 만들어졌습니다.

SQL> insert into ex13 values (1144,'test',sysdate);

1 개의 행이 만들어졌습니다.

SQL> insert into ex13 values (1145,'test',sysdate);

1 개의 행이 만들어졌습니다.

SQL> insert into ex13 values (1146,'test',sysdate);

1 개의 행이 만들어졌습니다.

SQL> insert into ex13 values (1147,'test',sysdate);

1 개의 행이 만들어졌습니다.

SQL> insert into ex13 values (1148,'test',sysdate);

1 개의 행이 만들어졌습니다.

SQL> insert into ex13 values (1149,'test',sysdate);

1 개의 행이 만들어졌습니다.

SQL> insert into ex13 values (1150,'test',sysdate);

1 개의 행이 만들어졌습니다.

SQL> insert into ex13 values (1151,'test',sysdate);

1 개의 행이 만들어졌습니다.

SQL> insert into ex13 values (1152,'test',sysdate);

1 개의 행이 만들어졌습니다.

SQL> insert into ex13 values (1153,'test',sysdate);

1 개의 행이 만들어졌습니다.

SQL> insert into ex13 values (1154,'test',sysdate);

1 개의 행이 만들어졌습니다.

SQL> insert into ex13 values (1155,'test',sysdate);

1 개의 행이 만들어졌습니다.

SQL> insert into ex13 values (1156,'test',sysdate);

1 개의 행이 만들어졌습니다.

SQL> insert into ex13 values (1157,'test',sysdate);

1 개의 행이 만들어졌습니다.

SQL> insert into ex13 values (1158,'test',sysdate);

1 개의 행이 만들어졌습니다.

SQL> insert into ex13 values (1159,'test',sysdate);

1 개의 행이 만들어졌습니다.

SQL> insert into ex13 values (1160,'test',sysdate);

1 개의 행이 만들어졌습니다.

SQL> insert into ex13 values (1161,'test',sysdate);

1 개의 행이 만들어졌습니다.

SQL> insert into ex13 values (1162,'test',sysdate);

1 개의 행이 만들어졌습니다.

SQL> insert into ex13 values (1163,'test',sysdate);

1 개의 행이 만들어졌습니다.

SQL> insert into ex13 values (1164,'test',sysdate);

1 개의 행이 만들어졌습니다.

SQL> insert into ex13 values (1165,'test',sysdate);

1 개의 행이 만들어졌습니다.

SQL> insert into ex13 values (1166,'test',sysdate);

1 개의 행이 만들어졌습니다.

SQL> insert into ex13 values (1167,'test',sysdate);

1 개의 행이 만들어졌습니다.

SQL> insert into ex13 values (1168,'test',sysdate);

1 개의 행이 만들어졌습니다.

SQL> insert into ex13 values (1169,'test',sysdate);

1 개의 행이 만들어졌습니다.

SQL> insert into ex13 values (1170,'test',sysdate);

1 개의 행이 만들어졌습니다.

SQL> insert into ex13 values (1171,'test',sysdate);

1 개의 행이 만들어졌습니다.

SQL> insert into ex13 values (1172,'test',sysdate);

1 개의 행이 만들어졌습니다.

SQL> insert into ex13 values (1173,'test',sysdate);

1 개의 행이 만들어졌습니다.

SQL> insert into ex13 values (1174,'test',sysdate);

1 개의 행이 만들어졌습니다.

SQL> insert into ex13 values (1175,'test',sysdate);

1 개의 행이 만들어졌습니다.

SQL> insert into ex13 values (1176,'test',sysdate);

1 개의 행이 만들어졌습니다.

SQL> insert into ex13 values (1177,'test',sysdate);

1 개의 행이 만들어졌습니다.

SQL> insert into ex13 values (1178,'test',sysdate);

1 개의 행이 만들어졌습니다.

SQL> insert into ex13 values (1179,'test',sysdate);

1 개의 행이 만들어졌습니다.

SQL> insert into ex13 values (1180,'test',sysdate);

1 개의 행이 만들어졌습니다.

SQL> insert into ex13 values (1181,'test',sysdate);

1 개의 행이 만들어졌습니다.

SQL> insert into ex13 values (1182,'test',sysdate);

1 개의 행이 만들어졌습니다.

SQL> insert into ex13 values (1183,'test',sysdate);

1 개의 행이 만들어졌습니다.

SQL> insert into ex13 values (1184,'test',sysdate);

1 개의 행이 만들어졌습니다.

SQL> insert into ex13 values (1185,'test',sysdate);

1 개의 행이 만들어졌습니다.

SQL> insert into ex13 values (1186,'test',sysdate);

1 개의 행이 만들어졌습니다.

SQL> insert into ex13 values (1187,'test',sysdate);

1 개의 행이 만들어졌습니다.

SQL> insert into ex13 values (1188,'test',sysdate);

1 개의 행이 만들어졌습니다.

SQL> insert into ex13 values (1189,'test',sysdate);

1 개의 행이 만들어졌습니다.

SQL> insert into ex13 values (1190,'test',sysdate);

1 개의 행이 만들어졌습니다.

SQL> insert into ex13 values (1191,'test',sysdate);

1 개의 행이 만들어졌습니다.

SQL> insert into ex13 values (1192,'test',sysdate);

1 개의 행이 만들어졌습니다.

SQL> insert into ex13 values (1193,'test',sysdate);

1 개의 행이 만들어졌습니다.

SQL> insert into ex13 values (1194,'test',sysdate);

1 개의 행이 만들어졌습니다.

SQL> insert into ex13 values (1195,'test',sysdate);

1 개의 행이 만들어졌습니다.

SQL> insert into ex13 values (1196,'test',sysdate);

1 개의 행이 만들어졌습니다.

SQL> insert into ex13 values (1197,'test',sysdate);

1 개의 행이 만들어졌습니다.

SQL> insert into ex13 values (1198,'test',sysdate);

1 개의 행이 만들어졌습니다.

SQL> insert into ex13 values (1199,'test',sysdate);

1 개의 행이 만들어졌습니다.

SQL> insert into ex13 values (1200,'test',sysdate);

1 개의 행이 만들어졌습니다.

SQL> insert into ex13 values (1201,'test',sysdate);

1 개의 행이 만들어졌습니다.

SQL> insert into ex13 values (1202,'test',sysdate);

1 개의 행이 만들어졌습니다.

SQL> insert into ex13 values (1203,'test',sysdate);

1 개의 행이 만들어졌습니다.

SQL> insert into ex13 values (1204,'test',sysdate);

1 개의 행이 만들어졌습니다.

SQL> insert into ex13 values (1205,'test',sysdate);

1 개의 행이 만들어졌습니다.

SQL> insert into ex13 values (1206,'test',sysdate);

1 개의 행이 만들어졌습니다.

SQL> insert into ex13 values (1207,'test',sysdate);

1 개의 행이 만들어졌습니다.

SQL> insert into ex13 values (1208,'test',sysdate);

1 개의 행이 만들어졌습니다.

SQL> insert into ex13 values (1209,'test',sysdate);

1 개의 행이 만들어졌습니다.

SQL> insert into ex13 values (1210,'test',sysdate);

1 개의 행이 만들어졌습니다.

SQL> insert into ex13 values (1211,'test',sysdate);

1 개의 행이 만들어졌습니다.

SQL> insert into ex13 values (1212,'test',sysdate);

1 개의 행이 만들어졌습니다.

SQL> insert into ex13 values (1213,'test',sysdate);

1 개의 행이 만들어졌습니다.

SQL> insert into ex13 values (1214,'test',sysdate);

1 개의 행이 만들어졌습니다.

SQL> insert into ex13 values (1215,'test',sysdate);

1 개의 행이 만들어졌습니다.

SQL> insert into ex13 values (1216,'test',sysdate);

1 개의 행이 만들어졌습니다.

SQL> insert into ex13 values (1217,'test',sysdate);

1 개의 행이 만들어졌습니다.

SQL> insert into ex13 values (1218,'test',sysdate);

1 개의 행이 만들어졌습니다.

SQL> insert into ex13 values (1219,'test',sysdate);

1 개의 행이 만들어졌습니다.

SQL> insert into ex13 values (1220,'test',sysdate);

1 개의 행이 만들어졌습니다.

SQL> insert into ex13 values (1221,'test',sysdate);

1 개의 행이 만들어졌습니다.

SQL> insert into ex13 values (1222,'test',sysdate);

1 개의 행이 만들어졌습니다.

SQL> insert into ex13 values (1223,'test',sysdate);

1 개의 행이 만들어졌습니다.

SQL> insert into ex13 values (1224,'test',sysdate);

1 개의 행이 만들어졌습니다.

SQL> insert into ex13 values (1225,'test',sysdate);

1 개의 행이 만들어졌습니다.

SQL> insert into ex13 values (1226,'test',sysdate);

1 개의 행이 만들어졌습니다.

SQL> insert into ex13 values (1227,'test',sysdate);

1 개의 행이 만들어졌습니다.

SQL> insert into ex13 values (1228,'test',sysdate);

1 개의 행이 만들어졌습니다.

SQL> insert into ex13 values (1229,'test',sysdate);

1 개의 행이 만들어졌습니다.

SQL> insert into ex13 values (1230,'test',sysdate);

1 개의 행이 만들어졌습니다.

SQL> insert into ex13 values (1231,'test',sysdate);

1 개의 행이 만들어졌습니다.

SQL> insert into ex13 values (1232,'test',sysdate);

1 개의 행이 만들어졌습니다.

SQL> insert into ex13 values (1233,'test',sysdate);

1 개의 행이 만들어졌습니다.

SQL> insert into ex13 values (1234,'test',sysdate);

1 개의 행이 만들어졌습니다.

SQL> insert into ex13 values (1235,'test',sysdate);

1 개의 행이 만들어졌습니다.

SQL> insert into ex13 values (1236,'test',sysdate);

1 개의 행이 만들어졌습니다.

SQL> insert into ex13 values (1237,'test',sysdate);

1 개의 행이 만들어졌습니다.

SQL> insert into ex13 values (1238,'test',sysdate);

1 개의 행이 만들어졌습니다.

SQL> insert into ex13 values (1239,'test',sysdate);

1 개의 행이 만들어졌습니다.

SQL> insert into ex13 values (1240,'test',sysdate);

1 개의 행이 만들어졌습니다.

SQL> insert into ex13 values (1241,'test',sysdate);

1 개의 행이 만들어졌습니다.

SQL> insert into ex13 values (1242,'test',sysdate);

1 개의 행이 만들어졌습니다.

SQL> insert into ex13 values (1243,'test',sysdate);

1 개의 행이 만들어졌습니다.

SQL> insert into ex13 values (1244,'test',sysdate);

1 개의 행이 만들어졌습니다.

SQL> insert into ex13 values (1245,'test',sysdate);

1 개의 행이 만들어졌습니다.

SQL> insert into ex13 values (1246,'test',sysdate);

1 개의 행이 만들어졌습니다.

SQL> insert into ex13 values (1247,'test',sysdate);

1 개의 행이 만들어졌습니다.

SQL> insert into ex13 values (1248,'test',sysdate);

1 개의 행이 만들어졌습니다.

SQL> insert into ex13 values (1249,'test',sysdate);

1 개의 행이 만들어졌습니다.

SQL> insert into ex13 values (1250,'test',sysdate);

1 개의 행이 만들어졌습니다.

SQL> insert into ex13 values (1251,'test',sysdate);

1 개의 행이 만들어졌습니다.

SQL> insert into ex13 values (1252,'test',sysdate);

1 개의 행이 만들어졌습니다.

SQL> insert into ex13 values (1253,'test',sysdate);

1 개의 행이 만들어졌습니다.

SQL> insert into ex13 values (1254,'test',sysdate);

1 개의 행이 만들어졌습니다.

SQL> insert into ex13 values (1255,'test',sysdate);

1 개의 행이 만들어졌습니다.

SQL> insert into ex13 values (1256,'test',sysdate);

1 개의 행이 만들어졌습니다.

SQL> insert into ex13 values (1257,'test',sysdate);

1 개의 행이 만들어졌습니다.

SQL> insert into ex13 values (1258,'test',sysdate);

1 개의 행이 만들어졌습니다.

SQL> insert into ex13 values (1259,'test',sysdate);

1 개의 행이 만들어졌습니다.

SQL> insert into ex13 values (1260,'test',sysdate);

1 개의 행이 만들어졌습니다.

SQL> insert into ex13 values (1261,'test',sysdate);

1 개의 행이 만들어졌습니다.

SQL> insert into ex13 values (1262,'test',sysdate);

1 개의 행이 만들어졌습니다.

SQL> insert into ex13 values (1263,'test',sysdate);

1 개의 행이 만들어졌습니다.

SQL> insert into ex13 values (1264,'test',sysdate);

1 개의 행이 만들어졌습니다.

SQL> insert into ex13 values (1265,'test',sysdate);

1 개의 행이 만들어졌습니다.

SQL> insert into ex13 values (1266,'test',sysdate);

1 개의 행이 만들어졌습니다.

SQL> insert into ex13 values (1267,'test',sysdate);

1 개의 행이 만들어졌습니다.

SQL> insert into ex13 values (1268,'test',sysdate);

1 개의 행이 만들어졌습니다.

SQL> insert into ex13 values (1269,'test',sysdate);

1 개의 행이 만들어졌습니다.

SQL> insert into ex13 values (1270,'test',sysdate);

1 개의 행이 만들어졌습니다.

SQL> insert into ex13 values (1271,'test',sysdate);

1 개의 행이 만들어졌습니다.

SQL> insert into ex13 values (1272,'test',sysdate);

1 개의 행이 만들어졌습니다.

SQL> insert into ex13 values (1273,'test',sysdate);

1 개의 행이 만들어졌습니다.

SQL> insert into ex13 values (1274,'test',sysdate);

1 개의 행이 만들어졌습니다.

SQL> insert into ex13 values (1275,'test',sysdate);

1 개의 행이 만들어졌습니다.

SQL> insert into ex13 values (1276,'test',sysdate);

1 개의 행이 만들어졌습니다.

SQL> insert into ex13 values (1277,'test',sysdate);

1 개의 행이 만들어졌습니다.

SQL> insert into ex13 values (1278,'test',sysdate);

1 개의 행이 만들어졌습니다.

SQL> insert into ex13 values (1279,'test',sysdate);

1 개의 행이 만들어졌습니다.

SQL> insert into ex13 values (1280,'test',sysdate);

1 개의 행이 만들어졌습니다.

SQL> insert into ex13 values (1281,'test',sysdate);

1 개의 행이 만들어졌습니다.

SQL> insert into ex13 values (1282,'test',sysdate);

1 개의 행이 만들어졌습니다.

SQL> insert into ex13 values (1283,'test',sysdate);

1 개의 행이 만들어졌습니다.

SQL> insert into ex13 values (1284,'test',sysdate);

1 개의 행이 만들어졌습니다.

SQL> insert into ex13 values (1285,'test',sysdate);

1 개의 행이 만들어졌습니다.

SQL> insert into ex13 values (1286,'test',sysdate);

1 개의 행이 만들어졌습니다.

SQL> insert into ex13 values (1287,'test',sysdate);

1 개의 행이 만들어졌습니다.

SQL> insert into ex13 values (1288,'test',sysdate);

1 개의 행이 만들어졌습니다.

SQL> insert into ex13 values (1289,'test',sysdate);

1 개의 행이 만들어졌습니다.

SQL> insert into ex13 values (1290,'test',sysdate);

1 개의 행이 만들어졌습니다.

SQL> insert into ex13 values (1291,'test',sysdate);

1 개의 행이 만들어졌습니다.

SQL> insert into ex13 values (1292,'test',sysdate);

1 개의 행이 만들어졌습니다.

SQL> insert into ex13 values (1293,'test',sysdate);

1 개의 행이 만들어졌습니다.

SQL> insert into ex13 values (1294,'test',sysdate);

1 개의 행이 만들어졌습니다.

SQL> insert into ex13 values (1295,'test',sysdate);

1 개의 행이 만들어졌습니다.

SQL> insert into ex13 values (1296,'test',sysdate);

1 개의 행이 만들어졌습니다.

SQL> insert into ex13 values (1297,'test',sysdate);

1 개의 행이 만들어졌습니다.

SQL> insert into ex13 values (1298,'test',sysdate);

1 개의 행이 만들어졌습니다.

SQL> insert into ex13 values (1299,'test',sysdate);

1 개의 행이 만들어졌습니다.

SQL> insert into ex13 values (1300,'test',sysdate);

1 개의 행이 만들어졌습니다.

SQL> insert into ex13 values (1301,'test',sysdate);

1 개의 행이 만들어졌습니다.

SQL> insert into ex13 values (1302,'test',sysdate);

1 개의 행이 만들어졌습니다.

SQL> insert into ex13 values (1303,'test',sysdate);

1 개의 행이 만들어졌습니다.

SQL> insert into ex13 values (1304,'test',sysdate);

1 개의 행이 만들어졌습니다.

SQL> insert into ex13 values (1305,'test',sysdate);

1 개의 행이 만들어졌습니다.

SQL> insert into ex13 values (1306,'test',sysdate);

1 개의 행이 만들어졌습니다.

SQL> insert into ex13 values (1307,'test',sysdate);

1 개의 행이 만들어졌습니다.

SQL> insert into ex13 values (1308,'test',sysdate);

1 개의 행이 만들어졌습니다.

SQL> insert into ex13 values (1309,'test',sysdate);

1 개의 행이 만들어졌습니다.

SQL> insert into ex13 values (1310,'test',sysdate);

1 개의 행이 만들어졌습니다.

SQL> insert into ex13 values (1311,'test',sysdate);

1 개의 행이 만들어졌습니다.

SQL> insert into ex13 values (1312,'test',sysdate);

1 개의 행이 만들어졌습니다.

SQL> insert into ex13 values (1313,'test',sysdate);

1 개의 행이 만들어졌습니다.

SQL> insert into ex13 values (1314,'test',sysdate);

1 개의 행이 만들어졌습니다.

SQL> insert into ex13 values (1315,'test',sysdate);

1 개의 행이 만들어졌습니다.

SQL> insert into ex13 values (1316,'test',sysdate);

1 개의 행이 만들어졌습니다.

SQL> insert into ex13 values (1317,'test',sysdate);

1 개의 행이 만들어졌습니다.

SQL> insert into ex13 values (1318,'test',sysdate);

1 개의 행이 만들어졌습니다.

SQL> insert into ex13 values (1319,'test',sysdate);

1 개의 행이 만들어졌습니다.

SQL> insert into ex13 values (1320,'test',sysdate);

1 개의 행이 만들어졌습니다.

SQL> insert into ex13 values (1321,'test',sysdate);

1 개의 행이 만들어졌습니다.

SQL> insert into ex13 values (1322,'test',sysdate);

1 개의 행이 만들어졌습니다.

SQL> insert into ex13 values (1323,'test',sysdate);

1 개의 행이 만들어졌습니다.

SQL> insert into ex13 values (1324,'test',sysdate);

1 개의 행이 만들어졌습니다.

SQL> insert into ex13 values (1325,'test',sysdate);

1 개의 행이 만들어졌습니다.

SQL> insert into ex13 values (1326,'test',sysdate);

1 개의 행이 만들어졌습니다.

SQL> insert into ex13 values (1327,'test',sysdate);

1 개의 행이 만들어졌습니다.

SQL> insert into ex13 values (1328,'test',sysdate);

1 개의 행이 만들어졌습니다.

SQL> insert into ex13 values (1329,'test',sysdate);

1 개의 행이 만들어졌습니다.

SQL> insert into ex13 values (1330,'test',sysdate);

1 개의 행이 만들어졌습니다.

SQL> insert into ex13 values (1331,'test',sysdate);

1 개의 행이 만들어졌습니다.

SQL> insert into ex13 values (1332,'test',sysdate);

1 개의 행이 만들어졌습니다.

SQL> insert into ex13 values (1333,'test',sysdate);

1 개의 행이 만들어졌습니다.

SQL> insert into ex13 values (1334,'test',sysdate);

1 개의 행이 만들어졌습니다.

SQL> insert into ex13 values (1335,'test',sysdate);

1 개의 행이 만들어졌습니다.

SQL> insert into ex13 values (1336,'test',sysdate);

1 개의 행이 만들어졌습니다.

SQL> insert into ex13 values (1337,'test',sysdate);

1 개의 행이 만들어졌습니다.

SQL> insert into ex13 values (1338,'test',sysdate);

1 개의 행이 만들어졌습니다.

SQL> insert into ex13 values (1339,'test',sysdate);

1 개의 행이 만들어졌습니다.

SQL> insert into ex13 values (1340,'test',sysdate);

1 개의 행이 만들어졌습니다.

SQL> insert into ex13 values (1341,'test',sysdate);

1 개의 행이 만들어졌습니다.

SQL> insert into ex13 values (1342,'test',sysdate);

1 개의 행이 만들어졌습니다.

SQL> insert into ex13 values (1343,'test',sysdate);

1 개의 행이 만들어졌습니다.

SQL> insert into ex13 values (1344,'test',sysdate);

1 개의 행이 만들어졌습니다.

SQL> insert into ex13 values (1345,'test',sysdate);

1 개의 행이 만들어졌습니다.

SQL> insert into ex13 values (1346,'test',sysdate);

1 개의 행이 만들어졌습니다.

SQL> insert into ex13 values (1347,'test',sysdate);

1 개의 행이 만들어졌습니다.

SQL> insert into ex13 values (1348,'test',sysdate);

1 개의 행이 만들어졌습니다.

SQL> insert into ex13 values (1349,'test',sysdate);

1 개의 행이 만들어졌습니다.

SQL> insert into ex13 values (1350,'test',sysdate);

1 개의 행이 만들어졌습니다.

SQL> insert into ex13 values (1351,'test',sysdate);

1 개의 행이 만들어졌습니다.

SQL> insert into ex13 values (1352,'test',sysdate);

1 개의 행이 만들어졌습니다.

SQL> insert into ex13 values (1353,'test',sysdate);

1 개의 행이 만들어졌습니다.

SQL> insert into ex13 values (1354,'test',sysdate);

1 개의 행이 만들어졌습니다.

SQL> insert into ex13 values (1355,'test',sysdate);

1 개의 행이 만들어졌습니다.

SQL> insert into ex13 values (1356,'test',sysdate);

1 개의 행이 만들어졌습니다.

SQL> insert into ex13 values (1357,'test',sysdate);

1 개의 행이 만들어졌습니다.

SQL> insert into ex13 values (1358,'test',sysdate);

1 개의 행이 만들어졌습니다.

SQL> insert into ex13 values (1359,'test',sysdate);

1 개의 행이 만들어졌습니다.

SQL> insert into ex13 values (1360,'test',sysdate);

1 개의 행이 만들어졌습니다.

SQL> insert into ex13 values (1361,'test',sysdate);

1 개의 행이 만들어졌습니다.

SQL> insert into ex13 values (1362,'test',sysdate);

1 개의 행이 만들어졌습니다.

SQL> insert into ex13 values (1363,'test',sysdate);

1 개의 행이 만들어졌습니다.

SQL> insert into ex13 values (1364,'test',sysdate);

1 개의 행이 만들어졌습니다.

SQL> insert into ex13 values (1365,'test',sysdate);

1 개의 행이 만들어졌습니다.

SQL> insert into ex13 values (1366,'test',sysdate);

1 개의 행이 만들어졌습니다.

SQL> insert into ex13 values (1367,'test',sysdate);

1 개의 행이 만들어졌습니다.

SQL> insert into ex13 values (1368,'test',sysdate);

1 개의 행이 만들어졌습니다.

SQL> insert into ex13 values (1369,'test',sysdate);

1 개의 행이 만들어졌습니다.

SQL> insert into ex13 values (1370,'test',sysdate);

1 개의 행이 만들어졌습니다.

SQL> insert into ex13 values (1371,'test',sysdate);

1 개의 행이 만들어졌습니다.

SQL> insert into ex13 values (1372,'test',sysdate);

1 개의 행이 만들어졌습니다.

SQL> insert into ex13 values (1373,'test',sysdate);

1 개의 행이 만들어졌습니다.

SQL> insert into ex13 values (1374,'test',sysdate);

1 개의 행이 만들어졌습니다.

SQL> insert into ex13 values (1375,'test',sysdate);

1 개의 행이 만들어졌습니다.

SQL> insert into ex13 values (1376,'test',sysdate);

1 개의 행이 만들어졌습니다.

SQL> insert into ex13 values (1377,'test',sysdate);

1 개의 행이 만들어졌습니다.

SQL> insert into ex13 values (1378,'test',sysdate);

1 개의 행이 만들어졌습니다.

SQL> insert into ex13 values (1379,'test',sysdate);

1 개의 행이 만들어졌습니다.

SQL> insert into ex13 values (1380,'test',sysdate);

1 개의 행이 만들어졌습니다.

SQL> insert into ex13 values (1381,'test',sysdate);

1 개의 행이 만들어졌습니다.

SQL> insert into ex13 values (1382,'test',sysdate);

1 개의 행이 만들어졌습니다.

SQL> insert into ex13 values (1383,'test',sysdate);

1 개의 행이 만들어졌습니다.

SQL> insert into ex13 values (1384,'test',sysdate);

1 개의 행이 만들어졌습니다.

SQL> insert into ex13 values (1385,'test',sysdate);

1 개의 행이 만들어졌습니다.

SQL> insert into ex13 values (1386,'test',sysdate);

1 개의 행이 만들어졌습니다.

SQL> insert into ex13 values (1387,'test',sysdate);

1 개의 행이 만들어졌습니다.

SQL> insert into ex13 values (1388,'test',sysdate);

1 개의 행이 만들어졌습니다.

SQL> insert into ex13 values (1389,'test',sysdate);

1 개의 행이 만들어졌습니다.

SQL> insert into ex13 values (1390,'test',sysdate);

1 개의 행이 만들어졌습니다.

SQL> insert into ex13 values (1391,'test',sysdate);

1 개의 행이 만들어졌습니다.

SQL> insert into ex13 values (1392,'test',sysdate);

1 개의 행이 만들어졌습니다.

SQL> insert into ex13 values (1393,'test',sysdate);

1 개의 행이 만들어졌습니다.

SQL> insert into ex13 values (1394,'test',sysdate);

1 개의 행이 만들어졌습니다.

SQL> insert into ex13 values (1395,'test',sysdate);

1 개의 행이 만들어졌습니다.

SQL> insert into ex13 values (1396,'test',sysdate);

1 개의 행이 만들어졌습니다.

SQL> insert into ex13 values (1397,'test',sysdate);

1 개의 행이 만들어졌습니다.

SQL> insert into ex13 values (1398,'test',sysdate);

1 개의 행이 만들어졌습니다.

SQL> insert into ex13 values (1399,'test',sysdate);

1 개의 행이 만들어졌습니다.

SQL> insert into ex13 values (1400,'test',sysdate);

1 개의 행이 만들어졌습니다.

SQL> insert into ex13 values (1401,'test',sysdate);

1 개의 행이 만들어졌습니다.

SQL> insert into ex13 values (1402,'test',sysdate);

1 개의 행이 만들어졌습니다.

SQL> insert into ex13 values (1403,'test',sysdate);

1 개의 행이 만들어졌습니다.

SQL> insert into ex13 values (1404,'test',sysdate);

1 개의 행이 만들어졌습니다.

SQL> insert into ex13 values (1405,'test',sysdate);

1 개의 행이 만들어졌습니다.

SQL> insert into ex13 values (1406,'test',sysdate);

1 개의 행이 만들어졌습니다.

SQL> insert into ex13 values (1407,'test',sysdate);

1 개의 행이 만들어졌습니다.

SQL> insert into ex13 values (1408,'test',sysdate);

1 개의 행이 만들어졌습니다.

SQL> insert into ex13 values (1409,'test',sysdate);

1 개의 행이 만들어졌습니다.

SQL> insert into ex13 values (1410,'test',sysdate);

1 개의 행이 만들어졌습니다.

SQL> insert into ex13 values (1411,'test',sysdate);

1 개의 행이 만들어졌습니다.

SQL> insert into ex13 values (1412,'test',sysdate);

1 개의 행이 만들어졌습니다.

SQL> insert into ex13 values (1413,'test',sysdate);

1 개의 행이 만들어졌습니다.

SQL> insert into ex13 values (1414,'test',sysdate);

1 개의 행이 만들어졌습니다.

SQL> insert into ex13 values (1415,'test',sysdate);

1 개의 행이 만들어졌습니다.

SQL> insert into ex13 values (1416,'test',sysdate);

1 개의 행이 만들어졌습니다.

SQL> insert into ex13 values (1417,'test',sysdate);

1 개의 행이 만들어졌습니다.

SQL> insert into ex13 values (1418,'test',sysdate);

1 개의 행이 만들어졌습니다.

SQL> insert into ex13 values (1419,'test',sysdate);

1 개의 행이 만들어졌습니다.

SQL> insert into ex13 values (1420,'test',sysdate);

1 개의 행이 만들어졌습니다.

SQL> insert into ex13 values (1421,'test',sysdate);

1 개의 행이 만들어졌습니다.

SQL> insert into ex13 values (1422,'test',sysdate);

1 개의 행이 만들어졌습니다.

SQL> insert into ex13 values (1423,'test',sysdate);

1 개의 행이 만들어졌습니다.

SQL> insert into ex13 values (1424,'test',sysdate);

1 개의 행이 만들어졌습니다.

SQL> insert into ex13 values (1425,'test',sysdate);

1 개의 행이 만들어졌습니다.

SQL> insert into ex13 values (1426,'test',sysdate);

1 개의 행이 만들어졌습니다.

SQL> insert into ex13 values (1427,'test',sysdate);

1 개의 행이 만들어졌습니다.

SQL> insert into ex13 values (1428,'test',sysdate);

1 개의 행이 만들어졌습니다.

SQL> insert into ex13 values (1429,'test',sysdate);

1 개의 행이 만들어졌습니다.

SQL> insert into ex13 values (1430,'test',sysdate);

1 개의 행이 만들어졌습니다.

SQL> insert into ex13 values (1431,'test',sysdate);

1 개의 행이 만들어졌습니다.

SQL> insert into ex13 values (1432,'test',sysdate);

1 개의 행이 만들어졌습니다.

SQL> insert into ex13 values (1433,'test',sysdate);

1 개의 행이 만들어졌습니다.

SQL> insert into ex13 values (1434,'test',sysdate);

1 개의 행이 만들어졌습니다.

SQL> insert into ex13 values (1435,'test',sysdate);

1 개의 행이 만들어졌습니다.

SQL> insert into ex13 values (1436,'test',sysdate);

1 개의 행이 만들어졌습니다.

SQL> insert into ex13 values (1437,'test',sysdate);

1 개의 행이 만들어졌습니다.

SQL> insert into ex13 values (1438,'test',sysdate);

1 개의 행이 만들어졌습니다.

SQL> insert into ex13 values (1439,'test',sysdate);

1 개의 행이 만들어졌습니다.

SQL> insert into ex13 values (1440,'test',sysdate);

1 개의 행이 만들어졌습니다.

SQL> insert into ex13 values (1441,'test',sysdate);

1 개의 행이 만들어졌습니다.

SQL> insert into ex13 values (1442,'test',sysdate);

1 개의 행이 만들어졌습니다.

SQL> insert into ex13 values (1443,'test',sysdate);

1 개의 행이 만들어졌습니다.

SQL> insert into ex13 values (1444,'test',sysdate);

1 개의 행이 만들어졌습니다.

SQL> insert into ex13 values (1445,'test',sysdate);

1 개의 행이 만들어졌습니다.

SQL> insert into ex13 values (1446,'test',sysdate);

1 개의 행이 만들어졌습니다.

SQL> insert into ex13 values (1447,'test',sysdate);

1 개의 행이 만들어졌습니다.

SQL> insert into ex13 values (1448,'test',sysdate);

1 개의 행이 만들어졌습니다.

SQL> insert into ex13 values (1449,'test',sysdate);

1 개의 행이 만들어졌습니다.

SQL> insert into ex13 values (1450,'test',sysdate);

1 개의 행이 만들어졌습니다.

SQL> insert into ex13 values (1451,'test',sysdate);

1 개의 행이 만들어졌습니다.

SQL> insert into ex13 values (1452,'test',sysdate);

1 개의 행이 만들어졌습니다.

SQL> insert into ex13 values (1453,'test',sysdate);

1 개의 행이 만들어졌습니다.

SQL> insert into ex13 values (1454,'test',sysdate);

1 개의 행이 만들어졌습니다.

SQL> insert into ex13 values (1455,'test',sysdate);

1 개의 행이 만들어졌습니다.

SQL> insert into ex13 values (1456,'test',sysdate);

1 개의 행이 만들어졌습니다.

SQL> insert into ex13 values (1457,'test',sysdate);

1 개의 행이 만들어졌습니다.

SQL> insert into ex13 values (1458,'test',sysdate);

1 개의 행이 만들어졌습니다.

SQL> insert into ex13 values (1459,'test',sysdate);

1 개의 행이 만들어졌습니다.

SQL> insert into ex13 values (1460,'test',sysdate);

1 개의 행이 만들어졌습니다.

SQL> insert into ex13 values (1461,'test',sysdate);

1 개의 행이 만들어졌습니다.

SQL> insert into ex13 values (1462,'test',sysdate);

1 개의 행이 만들어졌습니다.

SQL> insert into ex13 values (1463,'test',sysdate);

1 개의 행이 만들어졌습니다.

SQL> insert into ex13 values (1464,'test',sysdate);

1 개의 행이 만들어졌습니다.

SQL> insert into ex13 values (1465,'test',sysdate);

1 개의 행이 만들어졌습니다.

SQL> insert into ex13 values (1466,'test',sysdate);

1 개의 행이 만들어졌습니다.

SQL> insert into ex13 values (1467,'test',sysdate);

1 개의 행이 만들어졌습니다.

SQL> insert into ex13 values (1468,'test',sysdate);

1 개의 행이 만들어졌습니다.

SQL> insert into ex13 values (1469,'test',sysdate);

1 개의 행이 만들어졌습니다.

SQL> insert into ex13 values (1470,'test',sysdate);

1 개의 행이 만들어졌습니다.

SQL> insert into ex13 values (1471,'test',sysdate);

1 개의 행이 만들어졌습니다.

SQL> insert into ex13 values (1472,'test',sysdate);

1 개의 행이 만들어졌습니다.

SQL> insert into ex13 values (1473,'test',sysdate);

1 개의 행이 만들어졌습니다.

SQL> insert into ex13 values (1474,'test',sysdate);

1 개의 행이 만들어졌습니다.

SQL> insert into ex13 values (1475,'test',sysdate);

1 개의 행이 만들어졌습니다.

SQL> insert into ex13 values (1476,'test',sysdate);

1 개의 행이 만들어졌습니다.

SQL> insert into ex13 values (1477,'test',sysdate);

1 개의 행이 만들어졌습니다.

SQL> insert into ex13 values (1478,'test',sysdate);

1 개의 행이 만들어졌습니다.

SQL> insert into ex13 values (1479,'test',sysdate);

1 개의 행이 만들어졌습니다.

SQL> insert into ex13 values (1480,'test',sysdate);

1 개의 행이 만들어졌습니다.

SQL> insert into ex13 values (1481,'test',sysdate);

1 개의 행이 만들어졌습니다.

SQL> insert into ex13 values (1482,'test',sysdate);

1 개의 행이 만들어졌습니다.

SQL> insert into ex13 values (1483,'test',sysdate);

1 개의 행이 만들어졌습니다.

SQL> insert into ex13 values (1484,'test',sysdate);

1 개의 행이 만들어졌습니다.

SQL> insert into ex13 values (1485,'test',sysdate);

1 개의 행이 만들어졌습니다.

SQL> insert into ex13 values (1486,'test',sysdate);

1 개의 행이 만들어졌습니다.

SQL> insert into ex13 values (1487,'test',sysdate);

1 개의 행이 만들어졌습니다.

SQL> insert into ex13 values (1488,'test',sysdate);

1 개의 행이 만들어졌습니다.

SQL> insert into ex13 values (1489,'test',sysdate);

1 개의 행이 만들어졌습니다.

SQL> insert into ex13 values (1490,'test',sysdate);

1 개의 행이 만들어졌습니다.

SQL> insert into ex13 values (1491,'test',sysdate);

1 개의 행이 만들어졌습니다.

SQL> insert into ex13 values (1492,'test',sysdate);

1 개의 행이 만들어졌습니다.

SQL> insert into ex13 values (1493,'test',sysdate);

1 개의 행이 만들어졌습니다.

SQL> insert into ex13 values (1494,'test',sysdate);

1 개의 행이 만들어졌습니다.

SQL> insert into ex13 values (1495,'test',sysdate);

1 개의 행이 만들어졌습니다.

SQL> insert into ex13 values (1496,'test',sysdate);

1 개의 행이 만들어졌습니다.

SQL> insert into ex13 values (1497,'test',sysdate);

1 개의 행이 만들어졌습니다.

SQL> insert into ex13 values (1498,'test',sysdate);

1 개의 행이 만들어졌습니다.

SQL> insert into ex13 values (1499,'test',sysdate);

1 개의 행이 만들어졌습니다.

SQL> TRUNCATE TABLE ex13;

테이블이 잘렸습니다.

SQL> spool off
